D:/ProgramFiles/STM32_workspace/stm32-mcu/Dashboard_Modules/TouchGFX/target/generated/OSWrappers.cpp:33:6:static void touchgfx::OSWrappers::initialize()	8	static
D:/ProgramFiles/STM32_workspace/stm32-mcu/Dashboard_Modules/TouchGFX/target/generated/OSWrappers.cpp:47:6:static void touchgfx::OSWrappers::takeFrameBufferSemaphore()	0	static
D:/ProgramFiles/STM32_workspace/stm32-mcu/Dashboard_Modules/TouchGFX/target/generated/OSWrappers.cpp:55:6:static void touchgfx::OSWrappers::giveFrameBufferSemaphore()	0	static
D:/ProgramFiles/STM32_workspace/stm32-mcu/Dashboard_Modules/TouchGFX/target/generated/OSWrappers.cpp:67:6:static void touchgfx::OSWrappers::tryTakeFrameBufferSemaphore()	0	static
D:/ProgramFiles/STM32_workspace/stm32-mcu/Dashboard_Modules/TouchGFX/target/generated/OSWrappers.cpp:79:6:static void touchgfx::OSWrappers::giveFrameBufferSemaphoreFromISR()	0	static
D:/ProgramFiles/STM32_workspace/stm32-mcu/Dashboard_Modules/TouchGFX/target/generated/OSWrappers.cpp:90:6:static void touchgfx::OSWrappers::signalVSync()	0	static
D:/ProgramFiles/STM32_workspace/stm32-mcu/Dashboard_Modules/TouchGFX/target/generated/OSWrappers.cpp:101:6:static void touchgfx::OSWrappers::waitForVSync()	16	static
D:/ProgramFiles/STM32_workspace/stm32-mcu/Dashboard_Modules/TouchGFX/target/generated/OSWrappers.cpp:124:6:static void touchgfx::OSWrappers::taskDelay(uint16_t)	0	static
