../Core/Src/canal_fc_messages.c:102:17:getDataWordFromByteArray	48	static
../Core/Src/canal_fc_messages.c:113:13:setDataWordIntoByteArray	32	static
../Core/Src/canal_fc_messages.c:120:17:shift_endianness	88	static
../Core/Src/canal_fc_messages.c:137:12:Unmarshal_AMK1_ActualValues2	64	static
../Core/Src/canal_fc_messages.c:185:12:Unmarshal_AMK1_ActualValues1	136	static
../Core/Src/canal_fc_messages.c:289:12:Unmarshal_AMK0_ActualValues1	136	static
../Core/Src/canal_fc_messages.c:393:12:Unmarshal_AMK0_ActualValues2	64	static
../Core/Src/canal_fc_messages.c:441:12:Unmarshal_AccelerometerData	32	static
../Core/Src/canal_fc_messages.c:481:12:Unmarshal_LvBatteryData	32	static
../Core/Src/canal_fc_messages.c:510:12:Unmarshal_CoolingControllerAnswer	32	static
../Core/Src/canal_fc_messages.c:531:12:Unmarshal_DashboardAnswer	32	static
../Core/Src/canal_fc_messages.c:552:12:Unmarshal_PiuControllerAnswer	32	static
../Core/Src/canal_fc_messages.c:573:12:Unmarshal_DashboardData	40	static
../Core/Src/canal_fc_messages.c:594:12:Unmarshal_CoolingLoopsData	40	static
../Core/Src/canal_fc_messages.c:679:12:Unmarshal_PedalPositions	48	static
../Core/Src/canal_fc_messages.c:781:12:Marshal_AMK1_SetPoints1	208	static
../Core/Src/canal_fc_messages.c:857:12:Marshal_AMK0_SetPoints1	208	static
../Core/Src/canal_fc_messages.c:933:12:Marshal_VehicleInfo	184	static
../Core/Src/canal_fc_messages.c:991:12:Marshal_PiuControllerQuestion	48	static
../Core/Src/canal_fc_messages.c:1013:12:Marshal_DashboardQuestion	48	static
../Core/Src/canal_fc_messages.c:1035:12:Marshal_CoolingControllerQuestion	48	static
../Core/Src/canal_fc_messages.c:1057:12:Marshal_TemperatureInfo	160	static
../Core/Src/canal_fc_messages.c:1115:12:Marshal_CoolingLoopModes	184	static
../Core/Src/canal_fc_messages.c:1241:20:getBinaryUnmarshaller	24	static
../Core/Src/canal_fc_messages.c:1253:19:getBinaryMarshaller	24	static
../Core/Src/canal_fc_messages.c:1269:6:Print_AMK1_SetPoints1	16	static
../Core/Src/canal_fc_messages.c:1282:6:Print_AMK1_ActualValues2	16	static
../Core/Src/canal_fc_messages.c:1292:6:Print_AMK1_ActualValues1	16	static
../Core/Src/canal_fc_messages.c:1309:6:Print_AMK0_ActualValues1	16	static
../Core/Src/canal_fc_messages.c:1326:6:Print_AMK0_ActualValues2	16	static
../Core/Src/canal_fc_messages.c:1336:6:Print_AMK0_SetPoints1	16	static
../Core/Src/canal_fc_messages.c:1349:6:Print_AccelerometerData	16	static
../Core/Src/canal_fc_messages.c:1358:6:Print_LvBatteryData	16	static
../Core/Src/canal_fc_messages.c:1366:6:Print_VehicleInfo	16	static
../Core/Src/canal_fc_messages.c:1377:6:Print_CoolingControllerAnswer	16	static
../Core/Src/canal_fc_messages.c:1384:6:Print_DashboardAnswer	16	static
../Core/Src/canal_fc_messages.c:1391:6:Print_PiuControllerAnswer	16	static
../Core/Src/canal_fc_messages.c:1398:6:Print_PiuControllerQuestion	16	static
../Core/Src/canal_fc_messages.c:1405:6:Print_DashboardQuestion	16	static
../Core/Src/canal_fc_messages.c:1412:6:Print_CoolingControllerQuestion	16	static
../Core/Src/canal_fc_messages.c:1419:6:Print_DashboardData	16	static
../Core/Src/canal_fc_messages.c:1426:6:Print_TemperatureInfo	16	static
../Core/Src/canal_fc_messages.c:1437:6:Print_CoolingLoopsData	16	static
../Core/Src/canal_fc_messages.c:1452:6:Print_CoolingLoopModes	16	static
../Core/Src/canal_fc_messages.c:1463:6:Print_PedalPositions	16	static
../Core/Src/canal_fc_messages.c:1481:12:Print_Message	24	static
../Core/Src/canal_fc_messages.c:1497:12:GetTxDataLength	24	static
../Core/Src/canal_fc_messages.c:1510:12:UnmarshalBinary	24	static
../Core/Src/canal_fc_messages.c:1521:12:MarshalBinary	24	static
