../Core/Src/main.c:113:5:main	8	static
../Core/Src/main.c:170:6:SystemClock_Config	88	static
../Core/Src/main.c:212:13:MX_ADC1_Init	24	static
../Core/Src/main.c:264:13:MX_CAN1_Init	8	static
../Core/Src/main.c:301:13:MX_CAN2_Init	8	static
../Core/Src/main.c:338:13:MX_CAN3_Init	8	static
../Core/Src/main.c:375:13:MX_SPI4_Init	8	static
../Core/Src/main.c:415:13:MX_USART2_UART_Init	8	static
../Core/Src/main.c:450:13:MX_USART3_UART_Init	8	static
../Core/Src/main.c:485:13:MX_GPIO_Init	56	static
../Core/Src/main.c:538:6:setControlSystemInputs	16	static
../Core/Src/main.c:573:6:getControlSystemOutputs	16	static
../Core/Src/main.c:590:6:transmitToAMKMotors	16	static
../Core/Src/main.c:596:6:HAL_CAN_RxFifo0MsgPendingCallback	24	static
../Core/Src/main.c:609:6:Error_Handler	8	static,ignoring_inline_asm
