Archive member included to satisfy reference by file (symbol)

Middlewares/ST/touchgfx/lib/core/cortex_m7/gcc\libtouchgfx.a(AbstractPartition.o)
                              TouchGFX/build/STM32F7508-DK/TouchGFX/target/generated/TouchGFXConfiguration.o (touchgfx::AbstractPartition::getAllocationCount() const)
Middlewares/ST/touchgfx/lib/core/cortex_m7/gcc\libtouchgfx.a(Container.o)
                              TouchGFX/build/STM32F7508-DK/TouchGFX/generated/gui_generated/src/screen2_screen/Screen2ViewBase.o (touchgfx::Container::add(touchgfx::Drawable&))
Middlewares/ST/touchgfx/lib/core/cortex_m7/gcc\libtouchgfx.a(HAL.o)
                              TouchGFX/build/STM32F7508-DK/TouchGFX/target/generated/TouchGFXGeneratedHAL.o (touchgfx::HAL::drawDrawableInDynamicBitmap(touchgfx::Drawable&, unsigned short))
Middlewares/ST/touchgfx/lib/core/cortex_m7/gcc\libtouchgfx.a(DMA.o)
                              TouchGFX/build/STM32F7508-DK/TouchGFX/target/generated/STM32DMA.o (touchgfx::DMA_Interface::seedExecution())
Middlewares/ST/touchgfx/lib/core/cortex_m7/gcc\libtouchgfx.a(SnapshotWidget.o)
                              TouchGFX/build/STM32F7508-DK/TouchGFX/generated/gui_generated/src/common/FrontendApplicationBase.o (touchgfx::SnapshotWidget::makeSnapshot())
Middlewares/ST/touchgfx/lib/core/cortex_m7/gcc\libtouchgfx.a(AnimatedImage.o)
                              TouchGFX/build/STM32F7508-DK/TouchGFX/generated/gui_generated/src/screen1_screen/Screen1ViewBase.o (touchgfx::AnimatedImage::startAnimation(bool, bool, bool))
Middlewares/ST/touchgfx/lib/core/cortex_m7/gcc\libtouchgfx.a(ScalableImage.o)
                              TouchGFX/build/STM32F7508-DK/TouchGFX/generated/gui_generated/src/screen2_screen/Screen2ViewBase.o (touchgfx::ScalableImage::setScalingAlgorithm(touchgfx::ScalableImage::ScalingAlgorithm))
Middlewares/ST/touchgfx/lib/core/cortex_m7/gcc\libtouchgfx.a(TextArea.o)
                              TouchGFX/build/STM32F7508-DK/TouchGFX/generated/gui_generated/src/screen1_screen/Screen1ViewBase.o (touchgfx::TextArea::resizeToCurrentText())
Middlewares/ST/touchgfx/lib/core/cortex_m7/gcc\libtouchgfx.a(Box.o)
                              TouchGFX/build/STM32F7508-DK/TouchGFX/generated/gui_generated/src/screen2_screen/Screen2ViewBase.o (vtable for touchgfx::Box)
Middlewares/ST/touchgfx/lib/core/cortex_m7/gcc\libtouchgfx.a(Button.o)
                              TouchGFX/build/STM32F7508-DK/TouchGFX/generated/gui_generated/src/screen1_screen/Screen1ViewBase.o (touchgfx::Button::setBitmaps(touchgfx::Bitmap const&, touchgfx::Bitmap const&))
Middlewares/ST/touchgfx/lib/core/cortex_m7/gcc\libtouchgfx.a(TextAreaWithWildcard.o)
                              TouchGFX/build/STM32F7508-DK/TouchGFX/generated/gui_generated/src/screen1_screen/Screen1ViewBase.o (vtable for touchgfx::TextAreaWithOneWildcard)
Middlewares/ST/touchgfx/lib/core/cortex_m7/gcc\libtouchgfx.a(Image.o)
                              TouchGFX/build/STM32F7508-DK/TouchGFX/generated/gui_generated/src/screen2_screen/Screen2ViewBase.o (touchgfx::Image::setBitmap(touchgfx::Bitmap const&))
Middlewares/ST/touchgfx/lib/core/cortex_m7/gcc\libtouchgfx.a(LCD.o)
                              Middlewares/ST/touchgfx/lib/core/cortex_m7/gcc\libtouchgfx.a(TextArea.o) (touchgfx::LCD::getNumLines(touchgfx::TextProvider&, touchgfx::WideTextAction, unsigned char, touchgfx::Font const*, short))
Middlewares/ST/touchgfx/lib/core/cortex_m7/gcc\libtouchgfx.a(TouchCalibration.o)
                              Middlewares/ST/touchgfx/lib/core/cortex_m7/gcc\libtouchgfx.a(HAL.o) (touchgfx::TouchCalibration::translatePoint(touchgfx::Point&))
Middlewares/ST/touchgfx/lib/core/cortex_m7/gcc\libtouchgfx.a(DisplayTransformation.o)
                              Middlewares/ST/touchgfx/lib/core/cortex_m7/gcc\libtouchgfx.a(HAL.o) (touchgfx::DisplayTransformation::transformFrameBufferToDisplay(short&, short&))
Middlewares/ST/touchgfx/lib/core/cortex_m7/gcc\libtouchgfx.a(Application.o)
                              TouchGFX/build/STM32F7508-DK/TouchGFX/gui/src/common/FrontendApplication.o (touchgfx::Application::requestRedraw())
Middlewares/ST/touchgfx/lib/core/cortex_m7/gcc\libtouchgfx.a(TypedText.o)
                              TouchGFX/build/STM32F7508-DK/TouchGFX/generated/gui_generated/src/screen1_screen/Screen1ViewBase.o (touchgfx::TypedText::numberOfTypedTexts)
Middlewares/ST/touchgfx/lib/core/cortex_m7/gcc\libtouchgfx.a(Font.o)
                              TouchGFX/build/STM32F7508-DK/TouchGFX/generated/texts/src/Texts.o (touchgfx::Font::getStringWidthLTR(unsigned char, unsigned short const*, std::__va_list) const)
Middlewares/ST/touchgfx/lib/core/cortex_m7/gcc\libtouchgfx.a(Drawable.o)
                              TouchGFX/build/STM32F7508-DK/TouchGFX/gui/src/screen1_screen/Screen1View.o (touchgfx::Drawable::invalidate() const)
Middlewares/ST/touchgfx/lib/core/cortex_m7/gcc\libtouchgfx.a(ConstFont.o)
[...]
Memory Configuration

Name             Origin             Length             Attributes
ITCMRAM          0x00000000         0x00004000         xrw
RAM              0x20000000         0x00050000         xrw
SDRAM            0xc0000000         0x00800000         xrw
BOOTLOADER       0x08000000         0x00010000         xr
FLASH            0x90000000         0x00100000         xr
QSPI             0x90100000         0x00f00000         xrw
*default*        0x00000000         0xffffffff

Linker script and memory map

LOAD d:/programfiles/touchgfx/4.17.0/env/mingw/msys/1.0/gnu-arm-gcc/bin/../lib/gcc/arm-none-eabi/7.3.1/thumb/v7e-m/fpv4-sp/softfp/crti.o
LOAD d:/programfiles/touchgfx/4.17.0/env/mingw/msys/1.0/gnu-arm-gcc/bin/../lib/gcc/arm-none-eabi/7.3.1/thumb/v7e-m/fpv4-sp/softfp/crtbegin.o
LOAD d:/programfiles/touchgfx/4.17.0/env/mingw/msys/1.0/gnu-arm-gcc/bin/../lib/gcc/arm-none-eabi/7.3.1/../../../../arm-none-eabi/lib/thumb/v7e-m/fpv4-sp/softfp/crt0.o
LOAD TouchGFX/build/STM32F7508-DK/TouchGFX/gui/src/screen2_screen/Screen2View.o
LOAD TouchGFX/build/STM32F7508-DK/TouchGFX/gui/src/screen2_screen/Screen2Presenter.o
LOAD TouchGFX/build/STM32F7508-DK/TouchGFX/gui/src/screen1_screen/Screen1Presenter.o
LOAD TouchGFX/build/STM32F7508-DK/TouchGFX/gui/src/screen1_screen/Screen1View.o
LOAD TouchGFX/build/STM32F7508-DK/TouchGFX/gui/src/model/Model.o
LOAD TouchGFX/build/STM32F7508-DK/TouchGFX/gui/src/common/FrontendApplication.o
LOAD TouchGFX/build/STM32F7508-DK/TouchGFX/generated/gui_generated/src/screen2_screen/Screen2ViewBase.o
LOAD TouchGFX/build/STM32F7508-DK/TouchGFX/generated/gui_generated/src/screen1_screen/Screen1ViewBase.o
LOAD TouchGFX/build/STM32F7508-DK/TouchGFX/generated/gui_generated/src/common/FrontendApplicationBase.o
LOAD TouchGFX/build/STM32F7508-DK/TouchGFX/generated/fonts/src/Font_verdana_40_4bpp_0.o
LOAD TouchGFX/build/STM32F7508-DK/TouchGFX/generated/fonts/src/Font_verdana_20_4bpp_0.o
LOAD TouchGFX/build/STM32F7508-DK/TouchGFX/generated/fonts/src/GeneratedFont.o
LOAD TouchGFX/build/STM32F7508-DK/TouchGFX/generated/fonts/src/UnmappedDataFont.o
LOAD TouchGFX/build/STM32F7508-DK/TouchGFX/generated/fonts/src/Kerning_verdana_40_4bpp.o
LOAD TouchGFX/build/STM32F7508-DK/TouchGFX/generated/fonts/src/Table_verdana_10_4bpp.o
LOAD TouchGFX/build/STM32F7508-DK/TouchGFX/generated/fonts/src/Kerning_verdana_10_4bpp.o
LOAD TouchGFX/build/STM32F7508-DK/TouchGFX/generated/fonts/src/Kerning_verdana_20_4bpp.o
LOAD TouchGFX/build/STM32F7508-DK/TouchGFX/generated/fonts/src/FontCache.o
LOAD TouchGFX/build/STM32F7508-DK/TouchGFX/generated/fonts/src/Font_verdana_10_4bpp_0.o
LOAD TouchGFX/build/STM32F7508-DK/TouchGFX/generated/fonts/src/Table_verdana_40_4bpp.o
LOAD TouchGFX/build/STM32F7508-DK/TouchGFX/generated/fonts/src/CachedFont.o
LOAD TouchGFX/build/STM32F7508-DK/TouchGFX/generated/fonts/src/Table_verdana_20_4bpp.o
LOAD TouchGFX/build/STM32F7508-DK/TouchGFX/generated/fonts/src/ApplicationFontProvider.o
LOAD TouchGFX/build/STM32F7508-DK/TouchGFX/generated/images/src/__designer/image_Blue_Buttons_Round_Edge_small_pressed.o
LOAD TouchGFX/build/STM32F7508-DK/TouchGFX/generated/images/src/__designer/image_Blue_Buttons_Round_Edge_small.o
LOAD TouchGFX/build/STM32F7508-DK/TouchGFX/generated/images/src/image_rida-home-temp.o
LOAD TouchGFX/build/STM32F7508-DK/TouchGFX/generated/images/src/BitmapDatabase.o
LOAD TouchGFX/build/STM32F7508-DK/TouchGFX/generated/images/src/image_BootScreen_01.o
LOAD TouchGFX/build/STM32F7508-DK/TouchGFX/generated/images/src/image_BootScreen_05.o
LOAD TouchGFX/build/STM32F7508-DK/TouchGFX/generated/texts/src/LanguageGb.o
LOAD TouchGFX/build/STM32F7508-DK/TouchGFX/generated/texts/src/TypedTextDatabase.o
LOAD TouchGFX/build/STM32F7508-DK/TouchGFX/generated/texts/src/Texts.o
LOAD TouchGFX/build/STM32F7508-DK/TouchGFX/target/generated/TouchGFXGeneratedHAL.o
LOAD TouchGFX/build/STM32F7508-DK/TouchGFX/target/generated/STM32DMA.o
LOAD TouchGFX/build/STM32F7508-DK/TouchGFX/target/generated/OSWrappers.o
LOAD TouchGFX/build/STM32F7508-DK/TouchGFX/target/generated/TouchGFXConfiguration.o
LOAD TouchGFX/build/STM32F7508-DK/TouchGFX/target/TouchGFXHAL.o
LOAD TouchGFX/build/STM32F7508-DK/TouchGFX/target/TouchGFXGPIO.o
LOAD TouchGFX/build/STM32F7508-DK/TouchGFX/target/STM32TouchController.o
LOAD TouchGFX/build/STM32F7508-DK/TouchGFX/target/CortexMMCUInstrumentation.o
LOAD TouchGFX/build/STM32F7508-DK/Core/Src/system_stm32f7xx.o
LOAD TouchGFX/build/STM32F7508-DK/Core/Src/main.o
LOAD TouchGFX/build/STM32F7508-DK/Core/Src/stm32f7xx_hal_timebase_tim.o
LOAD TouchGFX/build/STM32F7508-DK/Core/Src/stm32f7xx_hal_msp.o
LOAD TouchGFX/build/STM32F7508-DK/Core/Src/freertos.o
LOAD TouchGFX/build/STM32F7508-DK/Core/Src/stm32f7xx_it.o
LOAD TouchGFX/build/STM32F7508-DK/Drivers/STM32F7xx_HAL_Driver/Src/stm32f7xx_hal_ltdc_ex.o
LOAD TouchGFX/build/STM32F7508-DK/Drivers/STM32F7xx_HAL_Driver/Src/stm32f7xx_hal.o
LOAD TouchGFX/build/STM32F7508-DK/Drivers/STM32F7xx_HAL_Driver/Src/stm32f7xx_hal_uart.o
LOAD TouchGFX/build/STM32F7508-DK/Drivers/STM32F7xx_HAL_Driver/Src/stm32f7xx_hal_rcc_ex.o
LOAD TouchGFX/build/STM32F7508-DK/Drivers/STM32F7xx_HAL_Driver/Src/stm32f7xx_hal_dsi.o
LOAD TouchGFX/build/STM32F7508-DK/Drivers/STM32F7xx_HAL_Driver/Src/stm32f7xx_hal_crc.o
LOAD TouchGFX/build/STM32F7508-DK/Drivers/STM32F7xx_HAL_Driver/Src/stm32f7xx_hal_ltdc.o
LOAD TouchGFX/build/STM32F7508-DK/Drivers/STM32F7xx_HAL_Driver/Src/stm32f7xx_hal_pwr_ex.o
LOAD TouchGFX/build/STM32F7508-DK/Drivers/STM32F7xx_HAL_Driver/Src/stm32f7xx_hal_sdram.o
LOAD TouchGFX/build/STM32F7508-DK/Drivers/STM32F7xx_HAL_Driver/Src/stm32f7xx_hal_flash.o
LOAD TouchGFX/build/STM32F7508-DK/Drivers/STM32F7xx_HAL_Driver/Src/stm32f7xx_hal_rcc.o
LOAD TouchGFX/build/STM32F7508-DK/Drivers/STM32F7xx_HAL_Driver/Src/stm32f7xx_hal_dma_ex.o
LOAD TouchGFX/build/STM32F7508-DK/Drivers/STM32F7xx_HAL_Driver/Src/stm32f7xx_hal_i2c.o
LOAD TouchGFX/build/STM32F7508-DK/Drivers/STM32F7xx_HAL_Driver/Src/stm32f7xx_hal_pwr.o
LOAD TouchGFX/build/STM32F7508-DK/Drivers/STM32F7xx_HAL_Driver/Src/stm32f7xx_hal_can.o
LOAD TouchGFX/build/STM32F7508-DK/Drivers/STM32F7xx_HAL_Driver/Src/stm32f7xx_hal_dma.o
LOAD TouchGFX/build/STM32F7508-DK/Drivers/STM32F7xx_HAL_Driver/Src/stm32f7xx_hal_uart_ex.o
LOAD TouchGFX/build/STM32F7508-DK/Drivers/STM32F7xx_HAL_Driver/Src/stm32f7xx_hal_tim_ex.o
LOAD TouchGFX/build/STM32F7508-DK/Drivers/STM32F7xx_HAL_Driver/Src/stm32f7xx_hal_cortex.o
LOAD TouchGFX/build/STM32F7508-DK/Drivers/STM32F7xx_HAL_Driver/Src/stm32f7xx_ll_fmc.o
LOAD TouchGFX/build/STM32F7508-DK/Drivers/STM32F7xx_HAL_Driver/Src/stm32f7xx_hal_flash_ex.o
LOAD TouchGFX/build/STM32F7508-DK/Drivers/STM32F7xx_HAL_Driver/Src/stm32f7xx_hal_exti.o
LOAD TouchGFX/build/STM32F7508-DK/Drivers/STM32F7xx_HAL_Driver/Src/stm32f7xx_hal_gpio.o
LOAD TouchGFX/build/STM32F7508-DK/Drivers/STM32F7xx_HAL_Driver/Src/stm32f7xx_hal_dma2d.o
LOAD TouchGFX/build/STM32F7508-DK/Drivers/STM32F7xx_HAL_Driver/Src/stm32f7xx_hal_tim.o
LOAD TouchGFX/build/STM32F7508-DK/Drivers/STM32F7xx_HAL_Driver/Src/stm32f7xx_hal_i2c_ex.o
LOAD TouchGFX/build/STM32F7508-DK/Drivers/STM32F7xx_HAL_Driver/Src/stm32f7xx_hal_crc_ex.o
LOAD TouchGFX/build/STM32F7508-DK/TouchGFX/App/app_touchgfx.o
LOAD TouchGFX/build/STM32F7508-DK/Middlewares/Third_Party/FreeRTOS/Source/croutine.o
LOAD TouchGFX/build/STM32F7508-DK/Middlewares/Third_Party/FreeRTOS/Source/list.o
LOAD TouchGFX/build/STM32F7508-DK/Middlewares/Third_Party/FreeRTOS/Source/queue.o
LOAD TouchGFX/build/STM32F7508-DK/Middlewares/Third_Party/FreeRTOS/Source/tasks.o
LOAD TouchGFX/build/STM32F7508-DK/Middlewares/Third_Party/FreeRTOS/Source/timers.o
LOAD TouchGFX/build/STM32F7508-DK/Middlewares/Third_Party/FreeRTOS/Source/CMSIS_RTOS_V2/cmsis_os2.o
LOAD TouchGFX/build/STM32F7508-DK/gcc/Middlewares/Third_Party/FreeRTOS/Source/portable/MemMang/heap_4.o
LOAD TouchGFX/build/STM32F7508-DK/gcc/Middlewares/Third_Party/FreeRTOS/Source/portable/GCC/ARM_CM7/r0p1/port.o
LOAD TouchGFX/build/STM32F7508-DK/Drivers/BSP/STM32F7508-Discovery/stm32f7508_discovery.o
LOAD TouchGFX/build/STM32F7508-DK/Drivers/BSP/STM32F7508-Discovery/stm32f7508_discovery_sdram.o
LOAD TouchGFX/build/STM32F7508-DK/Drivers/BSP/STM32F7508-Discovery/stm32f7508_discovery_ts.o
LOAD TouchGFX/build/STM32F7508-DK/Drivers/BSP/Components/ft5336/ft5336.o
LOAD TouchGFX/build/STM32F7508-DK/gcc/startup_stm32f750xx.o
LOAD TouchGFX/build/STM32F7508-DK/ExtMem_Boot/Binary/Bootloader.o
START GROUP
LOAD Middlewares/ST/touchgfx/lib/core/cortex_m7/gcc\libtouchgfx.a
END GROUP
LOAD d:/programfiles/touchgfx/4.17.0/env/mingw/msys/1.0/gnu-arm-gcc/bin/../lib/gcc/arm-none-eabi/7.3.1/../../../../arm-none-eabi/lib/thumb/v7e-m/fpv4-sp/softfp\libstdc++_nano.a
LOAD d:/programfiles/touchgfx/4.17.0/env/mingw/msys/1.0/gnu-arm-gcc/bin/../lib/gcc/arm-none-eabi/7.3.1/../../../../arm-none-eabi/lib/thumb/v7e-m/fpv4-sp/softfp\libm.a
START GROUP
LOAD d:/programfiles/touchgfx/4.17.0/env/mingw/msys/1.0/gnu-arm-gcc/bin/../lib/gcc/arm-none-eabi/7.3.1/thumb/v7e-m/fpv4-sp/softfp\libgcc.a
LOAD d:/programfiles/touchgfx/4.17.0/env/mingw/msys/1.0/gnu-arm-gcc/bin/../lib/gcc/arm-none-eabi/7.3.1/../../../../arm-none-eabi/lib/thumb/v7e-m/fpv4-sp/softfp\libg_nano.a
LOAD d:/programfiles/touchgfx/4.17.0/env/mingw/msys/1.0/gnu-arm-gcc/bin/../lib/gcc/arm-none-eabi/7.3.1/../../../../arm-none-eabi/lib/thumb/v7e-m/fpv4-sp/softfp\libc_nano.a
END GROUP
START GROUP
LOAD d:/programfiles/touchgfx/4.17.0/env/mingw/msys/1.0/gnu-arm-gcc/bin/../lib/gcc/arm-none-eabi/7.3.1/thumb/v7e-m/fpv4-sp/softfp\libgcc.a
LOAD d:/programfiles/touchgfx/4.17.0/env/mingw/msys/1.0/gnu-arm-gcc/bin/../lib/gcc/arm-none-eabi/7.3.1/../../../../arm-none-eabi/lib/thumb/v7e-m/fpv4-sp/softfp\libc_nano.a
LOAD d:/programfiles/touchgfx/4.17.0/env/mingw/msys/1.0/gnu-arm-gcc/bin/../lib/gcc/arm-none-eabi/7.3.1/../../../../arm-none-eabi/lib/thumb/v7e-m/fpv4-sp/softfp\libnosys.a
END GROUP
START GROUP
LOAD d:/programfiles/touchgfx/4.17.0/env/mingw/msys/1.0/gnu-arm-gcc/bin/../lib/gcc/arm-none-eabi/7.3.1/thumb/v7e-m/fpv4-sp/softfp\libgcc.a
LOAD d:/programfiles/touchgfx/4.17.0/env/mingw/msys/1.0/gnu-arm-gcc/bin/../lib/gcc/arm-none-eabi/7.3.1/../../../../arm-none-eabi/lib/thumb/v7e-m/fpv4-sp/softfp\libc_nano.a
LOAD d:/programfiles/touchgfx/4.17.0/env/mingw/msys/1.0/gnu-arm-gcc/bin/../lib/gcc/arm-none-eabi/7.3.1/../../../../arm-none-eabi/lib/thumb/v7e-m/fpv4-sp/softfp\libnosys.a
END GROUP
LOAD d:/programfiles/touchgfx/4.17.0/env/mingw/msys/1.0/gnu-arm-gcc/bin/../lib/gcc/arm-none-eabi/7.3.1/thumb/v7e-m/fpv4-sp/softfp/crtend.o
LOAD d:/programfiles/touchgfx/4.17.0/env/mingw/msys/1.0/gnu-arm-gcc/bin/../lib/gcc/arm-none-eabi/7.3.1/thumb/v7e-m/fpv4-sp/softfp/crtn.o
                0x20050000                _estack = (ORIGIN (RAM) + LENGTH (RAM))
                0x00001000                _Min_Heap_Size = 0x1000
                0x00001000                _Min_Stack_Size = 0x1000

.isr_vector     0x90000000      0x1c8
                0x90000000                . = ALIGN (0x4)
 *(.isr_vector)
 .isr_vector    0x90000000      0x1c8 TouchGFX/build/STM32F7508-DK/gcc/startup_stm32f750xx.o
                0x90000000                g_pfnVectors
                0x900001c8                . = ALIGN (0x4)

.text           0x900001d0    0x1c2bc
                0x900001d0                . = ALIGN (0x4)
 *(.text)
 .text          0x900001d0       0x40 d:/programfiles/touchgfx/4.17.0/env/mingw/msys/1.0/gnu-arm-gcc/bin/../lib/gcc/arm-none-eabi/7.3.1/thumb/v7e-m/fpv4-sp/softfp/crtbegin.o
 .text          0x90000210       0x30 d:/programfiles/touchgfx/4.17.0/env/mingw/msys/1.0/gnu-arm-gcc/bin/../lib/gcc/arm-none-eabi/7.3.1/thumb/v7e-m/fpv4-sp/softfp\libgcc.a(_aeabi_uldivmod.o)
                0x90000210                __aeabi_uldivmod
 .text          0x90000240      0x2cc d:/programfiles/touchgfx/4.17.0/env/mingw/msys/1.0/gnu-arm-gcc/bin/../lib/gcc/arm-none-eabi/7.3.1/thumb/v7e-m/fpv4-sp/softfp\libgcc.a(_udivmoddi4.o)
                0x90000240                __udivmoddi4
 .text          0x9000050c        0x4 d:/programfiles/touchgfx/4.17.0/env/mingw/msys/1.0/gnu-arm-gcc/bin/../lib/gcc/arm-none-eabi/7.3.1/thumb/v7e-m/fpv4-sp/softfp\libgcc.a(_dvmd_tls.o)
                0x9000050c                __aeabi_idiv0
                0x9000050c                __aeabi_ldiv0
 .text          0x90000510       0xa0 d:/programfiles/touchgfx/4.17.0/env/mingw/msys/1.0/gnu-arm-gcc/bin/../lib/gcc/arm-none-eabi/7.3.1/../../../../arm-none-eabi/lib/thumb/v7e-m/fpv4-sp/softfp\libg_nano.a(lib_a-memchr.o)
                0x90000510                memchr
 *(.text*)
 .text._ZN8touchgfx6Screen15afterTransitionEv
                0x900005b0        0x2 TouchGFX/build/STM32F7508-DK/TouchGFX/gui/src/screen2_screen/Screen2View.o
                0x900005b0                touchgfx::Screen::afterTransition()
 .text._ZN8touchgfx6Screen15handleTickEventEv
                0x900005b2        0x2 TouchGFX/build/STM32F7508-DK/TouchGFX/gui/src/screen2_screen/Screen2View.o
                0x900005b2                touchgfx::Screen::handleTickEvent()
 .text._ZN8touchgfx6Screen14handleKeyEventEh
                0x900005b4        0x2 TouchGFX/build/STM32F7508-DK/TouchGFX/gui/src/screen2_screen/Screen2View.o
                0x900005b4                touchgfx::Screen::handleKeyEvent(unsigned char)
 .text._ZN11Screen2ViewD2Ev
                0x900005b6        0x2 TouchGFX/build/STM32F7508-DK/TouchGFX/gui/src/screen2_screen/Screen2View.o
                0x900005b6                Screen2View::~Screen2View()
                0x900005b6                Screen2View::~Screen2View()
 .text._ZN11Screen2View14tearDownScreenEv
                0x900005b8        0x2 TouchGFX/build/STM32F7508-DK/TouchGFX/gui/src/screen2_screen/Screen2View.o
                0x900005b8                Screen2View::tearDownScreen()
 .text._ZN11Screen2View8can_DataEPc
                0x900005ba        0x2 TouchGFX/build/STM32F7508-DK/TouchGFX/gui/src/screen2_screen/Screen2View.o
                0x900005ba                Screen2View::can_Data(char*)
 .text._ZN11Screen2View11setupScreenEv
                0x900005bc        0x4 TouchGFX/build/STM32F7508-DK/TouchGFX/gui/src/screen2_screen/Screen2View.o
                0x900005bc                Screen2View::setupScreen()
 .text._ZN11Screen2ViewD0Ev
                0x900005c0        0xe TouchGFX/build/STM32F7508-DK/TouchGFX/gui/src/screen2_screen/Screen2View.o
                0x900005c0                Screen2View::~Screen2View()
 *fill*         0x900005ce        0x2 
 .text._ZN11Screen2ViewC2Ev
                0x900005d0       0x14 TouchGFX/build/STM32F7508-DK/TouchGFX/gui/src/screen2_screen/Screen2View.o
                0x900005d0                Screen2View::Screen2View()
                0x900005d0                Screen2View::Screen2View()
 .text._ZN16Screen2PresenterD2Ev
                0x900005e4        0x6 TouchGFX/build/STM32F7508-DK/TouchGFX/gui/src/screen2_screen/Screen2Presenter.o
                0x900005e4                Screen2Presenter::~Screen2Presenter()
                0x900005e4                Screen2Presenter::~Screen2Presenter()
                0x900005e6                non-virtual thunk to Screen2Presenter::~Screen2Presenter()
 .text._ZN16Screen2Presenter8activateEv
                0x900005ea        0x2 TouchGFX/build/STM32F7508-DK/TouchGFX/gui/src/screen2_screen/Screen2Presenter.o
                0x900005ea                Screen2Presenter::activate()
                0x900005ea                Screen2Presenter::deactivate()
 .text._ZN16Screen2Presenter8can_DataEPc
                0x900005ec        0x8 TouchGFX/build/STM32F7508-DK/TouchGFX/gui/src/screen2_screen/Screen2Presenter.o
                0x900005ec                Screen2Presenter::can_Data(char*)
 .text._ZThn4_N16Screen2Presenter8can_DataEPc
                0x900005f4        0x8 TouchGFX/build/STM32F7508-DK/TouchGFX/gui/src/screen2_screen/Screen2Presenter.o
                0x900005f4                non-virtual thunk to Screen2Presenter::can_Data(char*)
 .text._ZN16Screen2PresenterD0Ev
                0x900005fc       0x14 TouchGFX/build/STM32F7508-DK/TouchGFX/gui/src/screen2_screen/Screen2Presenter.o
                0x900005fc                Screen2Presenter::~Screen2Presenter()
                0x9000060a                non-virtual thunk to Screen2Presenter::~Screen2Presenter()
 .text._ZN16Screen2PresenterC2ER11Screen2View
                0x90000610       0x1c TouchGFX/build/STM32F7508-DK/TouchGFX/gui/src/screen2_screen/Screen2Presenter.o
                0x90000610                Screen2Presenter::Screen2Presenter(Screen2View&)
                0x90000610                Screen2Presenter::Screen2Presenter(Screen2View&)
 .text._ZN16Screen1PresenterD2Ev
                0x9000062c        0x6 TouchGFX/build/STM32F7508-DK/TouchGFX/gui/src/screen1_screen/Screen1Presenter.o
                0x9000062c                Screen1Presenter::~Screen1Presenter()
                0x9000062c                Screen1Presenter::~Screen1Presenter()
                0x9000062e                non-virtual thunk to Screen1Presenter::~Screen1Presenter()
 .text._ZN16Screen1Presenter8activateEv
                0x90000632        0x2 TouchGFX/build/STM32F7508-DK/TouchGFX/gui/src/screen1_screen/Screen1Presenter.o
                0x90000632                Screen1Presenter::deactivate()
                0x90000632                Screen1Presenter::activate()
 .text._ZN16Screen1Presenter8can_DataEPc
                0x90000634        0x8 TouchGFX/build/STM32F7508-DK/TouchGFX/gui/src/screen1_screen/Screen1Presenter.o
                0x90000634                Screen1Presenter::can_Data(char*)
 .text._ZThn4_N16Screen1Presenter8can_DataEPc
                0x9000063c        0x8 TouchGFX/build/STM32F7508-DK/TouchGFX/gui/src/screen1_screen/Screen1Presenter.o
                0x9000063c                non-virtual thunk to Screen1Presenter::can_Data(char*)
 .text._ZN16Screen1PresenterD0Ev
                0x90000644       0x14 TouchGFX/build/STM32F7508-DK/TouchGFX/gui/src/screen1_screen/Screen1Presenter.o
                0x90000644                Screen1Presenter::~Screen1Presenter()
                0x90000652                non-virtual thunk to Screen1Presenter::~Screen1Presenter()
 .text._ZN16Screen1PresenterC2ER11Screen1View
                0x90000658       0x1c TouchGFX/build/STM32F7508-DK/TouchGFX/gui/src/screen1_screen/Screen1Presenter.o
                0x90000658                Screen1Presenter::Screen1Presenter(Screen1View&)
                0x90000658                Screen1Presenter::Screen1Presenter(Screen1View&)
 .text._ZN11Screen1ViewD2Ev
                0x90000674        0x2 TouchGFX/build/STM32F7508-DK/TouchGFX/gui/src/screen1_screen/Screen1View.o
                0x90000674                Screen1View::~Screen1View()
                0x90000674                Screen1View::~Screen1View()
 .text._ZN11Screen1View14tearDownScreenEv
                0x90000676        0x2 TouchGFX/build/STM32F7508-DK/TouchGFX/gui/src/screen1_screen/Screen1View.o
                0x90000676                Screen1View::tearDownScreen()
 .text._ZN11Screen1View11setupScreenEv
                0x90000678        0x4 TouchGFX/build/STM32F7508-DK/TouchGFX/gui/src/screen1_screen/Screen1View.o
                0x90000678                Screen1View::setupScreen()
 .text._ZN11Screen1View8can_DataEPc
                0x9000067c       0x1a TouchGFX/build/STM32F7508-DK/TouchGFX/gui/src/screen1_screen/Screen1View.o
                0x9000067c                Screen1View::can_Data(char*)
 .text._ZN11Screen1ViewD0Ev
                0x90000696       0x10 TouchGFX/build/STM32F7508-DK/TouchGFX/gui/src/screen1_screen/Screen1View.o
                0x90000696                Screen1View::~Screen1View()
 *fill*         0x900006a6        0x2 
 .text._ZN11Screen1ViewC2Ev
                0x900006a8       0x14 TouchGFX/build/STM32F7508-DK/TouchGFX/gui/src/screen1_screen/Screen1View.o
                0x900006a8                Screen1View::Screen1View()
                0x900006a8                Screen1View::Screen1View()
 .text._ZN5ModelC2Ev
                0x900006bc        0x6 TouchGFX/build/STM32F7508-DK/TouchGFX/gui/src/model/Model.o
                0x900006bc                Model::Model()
                0x900006bc                Model::Model()
 *fill*         0x900006c2        0x2 
 .text._ZN5Model4tickEv
                0x900006c4       0x50 TouchGFX/build/STM32F7508-DK/TouchGFX/gui/src/model/Model.o
                0x900006c4                Model::tick()
 .text._ZN8touchgfx11Application15appSwitchScreenEh
                0x90000714        0x2 TouchGFX/build/STM32F7508-DK/TouchGFX/gui/src/common/FrontendApplication.o
                0x90000714                touchgfx::Application::appSwitchScreen(unsigned char)
 .text._ZN8touchgfx11Application13requestRedrawERNS_4RectE
                0x90000716        0xc TouchGFX/build/STM32F7508-DK/TouchGFX/gui/src/common/FrontendApplication.o
                0x90000716                touchgfx::Application::requestRedraw(touchgfx::Rect&)
 .text._ZN19FrontendApplicationD2Ev
                0x90000722        0x2 TouchGFX/build/STM32F7508-DK/TouchGFX/gui/src/common/FrontendApplication.o
                0x90000722                FrontendApplication::~FrontendApplication()
                0x90000722                FrontendApplication::~FrontendApplication()
 .text._ZN19FrontendApplicationD0Ev
                0x90000724       0x10 TouchGFX/build/STM32F7508-DK/TouchGFX/gui/src/common/FrontendApplication.o
                0x90000724                FrontendApplication::~FrontendApplication()
 .text._ZN19FrontendApplication15handleTickEventEv
                0x90000734       0x16 TouchGFX/build/STM32F7508-DK/TouchGFX/gui/src/common/FrontendApplication.o
                0x90000734                FrontendApplication::handleTickEvent()
 .text._ZN8touchgfx14MVPApplication29handlePendingScreenTransitionEv
                0x9000074a       0x24 TouchGFX/build/STM32F7508-DK/TouchGFX/gui/src/common/FrontendApplication.o
                0x9000074a                touchgfx::MVPApplication::handlePendingScreenTransition()
 *fill*         0x9000076e        0x2 
 .text._ZN19FrontendApplicationC2ER5ModelR12FrontendHeap
                0x90000770       0x14 TouchGFX/build/STM32F7508-DK/TouchGFX/gui/src/common/FrontendApplication.o
                0x90000770                FrontendApplication::FrontendApplication(Model&, FrontendHeap&)
                0x90000770                FrontendApplication::FrontendApplication(Model&, FrontendHeap&)
 .text._ZN8touchgfx8Drawable13getFirstChildEv
                0x90000784        0x4 TouchGFX/build/STM32F7508-DK/TouchGFX/generated/gui_generated/src/screen2_screen/Screen2ViewBase.o
                0x90000784                touchgfx::Drawable::getFirstChild()
 .text._ZN8touchgfx8Drawable4setXEs
                0x90000788        0x4 TouchGFX/build/STM32F7508-DK/TouchGFX/generated/gui_generated/src/screen2_screen/Screen2ViewBase.o
                0x90000788                touchgfx::Drawable::setX(short)
 .text._ZN8touchgfx8Drawable4setYEs
                0x9000078c        0x4 TouchGFX/build/STM32F7508-DK/TouchGFX/generated/gui_generated/src/screen2_screen/Screen2ViewBase.o
                0x9000078c                touchgfx::Drawable::setY(short)
 .text._ZN8touchgfx8Drawable8setWidthEs
                0x90000790        0x4 TouchGFX/build/STM32F7508-DK/TouchGFX/generated/gui_generated/src/screen2_screen/Screen2ViewBase.o
                0x90000790                touchgfx::Drawable::setWidth(short)
 .text._ZN8touchgfx8Drawable9setHeightEs
                0x90000794        0x4 TouchGFX/build/STM32F7508-DK/TouchGFX/generated/gui_generated/src/screen2_screen/Screen2ViewBase.o
                0x90000794                touchgfx::Drawable::setHeight(short)
 .text._ZN8touchgfx8Drawable20childGeometryChangedEv
                0x90000798        0x2 TouchGFX/build/STM32F7508-DK/TouchGFX/generated/gui_generated/src/screen2_screen/Screen2ViewBase.o
                0x90000798                touchgfx::Drawable::childGeometryChanged()
 .text._ZN8touchgfx8Drawable16handleClickEventERKNS_10ClickEventE
                0x9000079a        0x2 TouchGFX/build/STM32F7508-DK/TouchGFX/generated/gui_generated/src/screen2_screen/Screen2ViewBase.o
                0x9000079a                touchgfx::Drawable::handleClickEvent(touchgfx::ClickEvent const&)
 .text._ZN8touchgfx8Drawable18handleGestureEventERKNS_12GestureEventE
                0x9000079c        0x2 TouchGFX/build/STM32F7508-DK/TouchGFX/generated/gui_generated/src/screen2_screen/Screen2ViewBase.o
                0x9000079c                touchgfx::Drawable::handleGestureEvent(touchgfx::GestureEvent const&)
 .text._ZN8touchgfx8Drawable15handleDragEventERKNS_9DragEventE
                0x9000079e        0x2 TouchGFX/build/STM32F7508-DK/TouchGFX/generated/gui_generated/src/screen2_screen/Screen2ViewBase.o
                0x9000079e                touchgfx::Drawable::handleDragEvent(touchgfx::DragEvent const&)
 .text._ZN8touchgfx8Drawable15handleTickEventEv
                0x900007a0        0x2 TouchGFX/build/STM32F7508-DK/TouchGFX/generated/gui_generated/src/screen2_screen/Screen2ViewBase.o
                0x900007a0                touchgfx::Drawable::handleTickEvent()
 .text._ZN8touchgfx8Drawable6moveToEss
                0x900007a2       0x18 TouchGFX/build/STM32F7508-DK/TouchGFX/generated/gui_generated/src/screen2_screen/Screen2ViewBase.o
                0x900007a2                touchgfx::Drawable::moveTo(short, short)
 .text._ZN8touchgfx8Drawable14setupDrawChainERKNS_4RectEPPS0_
                0x900007ba       0x14 TouchGFX/build/STM32F7508-DK/TouchGFX/generated/gui_generated/src/screen2_screen/Screen2ViewBase.o
                0x900007ba                touchgfx::Drawable::setupDrawChain(touchgfx::Rect const&, touchgfx::Drawable**)
 .text._ZN8touchgfx6Screen11setupScreenEv
                0x900007ce        0x2 TouchGFX/build/STM32F7508-DK/TouchGFX/generated/gui_generated/src/screen2_screen/Screen2ViewBase.o
                0x900007ce                touchgfx::Screen::setupScreen()
 .text._ZN8touchgfx6Screen14tearDownScreenEv
                0x900007d0        0x2 TouchGFX/build/STM32F7508-DK/TouchGFX/generated/gui_generated/src/screen2_screen/Screen2ViewBase.o
                0x900007d0                touchgfx::Screen::tearDownScreen()
 .text._ZN8touchgfx6Widget12getLastChildEssPPNS_8DrawableE
                0x900007d2       0x10 TouchGFX/build/STM32F7508-DK/TouchGFX/generated/gui_generated/src/screen2_screen/Screen2ViewBase.o
                0x900007d2                touchgfx::Widget::getLastChild(short, short, touchgfx::Drawable**)
 .text._ZN15Screen2ViewBaseD2Ev
                0x900007e2        0x2 TouchGFX/build/STM32F7508-DK/TouchGFX/generated/gui_generated/src/screen2_screen/Screen2ViewBase.o
                0x900007e2                Screen2ViewBase::~Screen2ViewBase()
                0x900007e2                Screen2ViewBase::~Screen2ViewBase()
 .text._ZN15Screen2ViewBase11setupScreenEv
                0x900007e4        0x2 TouchGFX/build/STM32F7508-DK/TouchGFX/generated/gui_generated/src/screen2_screen/Screen2ViewBase.o
                0x900007e4                Screen2ViewBase::setupScreen()
 .text._ZN15Screen2ViewBaseD0Ev
                0x900007e6        0xe TouchGFX/build/STM32F7508-DK/TouchGFX/generated/gui_generated/src/screen2_screen/Screen2ViewBase.o
                0x900007e6                Screen2ViewBase::~Screen2ViewBase()
 .text._ZN8touchgfx8Drawable14setWidthHeightEss
                0x900007f4       0x1a TouchGFX/build/STM32F7508-DK/TouchGFX/generated/gui_generated/src/screen2_screen/Screen2ViewBase.o
                0x900007f4                touchgfx::Drawable::setWidthHeight(short, short)
 *fill*         0x9000080e        0x2 
 .text._ZN15Screen2ViewBaseC2Ev
                0x90000810       0xe0 TouchGFX/build/STM32F7508-DK/TouchGFX/generated/gui_generated/src/screen2_screen/Screen2ViewBase.o
                0x90000810                Screen2ViewBase::Screen2ViewBase()
                0x90000810                Screen2ViewBase::Screen2ViewBase()
 .text._ZN8touchgfx9TypedTextD2Ev
                0x900008f0        0x2 TouchGFX/build/STM32F7508-DK/TouchGFX/generated/gui_generated/src/screen1_screen/Screen1ViewBase.o
                0x900008f0                touchgfx::TypedText::~TypedText()
                0x900008f0                touchgfx::TypedText::~TypedText()
 .text._ZN15Screen1ViewBaseD2Ev
                0x900008f2        0x2 TouchGFX/build/STM32F7508-DK/TouchGFX/generated/gui_generated/src/screen1_screen/Screen1ViewBase.o
                0x900008f2                Screen1ViewBase::~Screen1ViewBase()
                0x900008f2                Screen1ViewBase::~Screen1ViewBase()
 .text._ZN15Screen1ViewBase11setupScreenEv
                0x900008f4        0x2 TouchGFX/build/STM32F7508-DK/TouchGFX/generated/gui_generated/src/screen1_screen/Screen1ViewBase.o
                0x900008f4                Screen1ViewBase::setupScreen()
 .text._ZN8touchgfx8CallbackI15Screen1ViewBaseRKNS_14AbstractButtonEvvED2Ev
                0x900008f6        0x2 TouchGFX/build/STM32F7508-DK/TouchGFX/generated/gui_generated/src/screen1_screen/Screen1ViewBase.o
                0x900008f6                touchgfx::Callback<Screen1ViewBase, touchgfx::AbstractButton const&, void, void>::~Callback()
                0x900008f6                touchgfx::Callback<Screen1ViewBase, touchgfx::AbstractButton const&, void, void>::~Callback()
 .text._ZN8touchgfx8CallbackI15Screen1ViewBaseRKNS_14AbstractButtonEvvE7executeES4_
                0x900008f8       0x1e TouchGFX/build/STM32F7508-DK/TouchGFX/generated/gui_generated/src/screen1_screen/Screen1ViewBase.o
                0x900008f8                touchgfx::Callback<Screen1ViewBase, touchgfx::AbstractButton const&, void, void>::execute(touchgfx::AbstractButton const&)
 .text._ZNK8touchgfx8CallbackI15Screen1ViewBaseRKNS_14AbstractButtonEvvE7isValidEv
                0x90000916       0x18 TouchGFX/build/STM32F7508-DK/TouchGFX/generated/gui_generated/src/screen1_screen/Screen1ViewBase.o
                0x90000916                touchgfx::Callback<Screen1ViewBase, touchgfx::AbstractButton const&, void, void>::isValid() const
 .text._ZN8touchgfx9TypedTextD0Ev
                0x9000092e        0xe TouchGFX/build/STM32F7508-DK/TouchGFX/generated/gui_generated/src/screen1_screen/Screen1ViewBase.o
                0x9000092e                touchgfx::TypedText::~TypedText()
 .text._ZN8touchgfx8CallbackI15Screen1ViewBaseRKNS_14AbstractButtonEvvED0Ev
                0x9000093c        0xe TouchGFX/build/STM32F7508-DK/TouchGFX/generated/gui_generated/src/screen1_screen/Screen1ViewBase.o
                0x9000093c                touchgfx::Callback<Screen1ViewBase, touchgfx::AbstractButton const&, void, void>::~Callback()
 .text._ZN15Screen1ViewBaseD0Ev
                0x9000094a       0x10 TouchGFX/build/STM32F7508-DK/TouchGFX/generated/gui_generated/src/screen1_screen/Screen1ViewBase.o
                0x9000094a                Screen1ViewBase::~Screen1ViewBase()
 .text._ZN15Screen1ViewBase21buttonCallbackHandlerERKN8touchgfx14AbstractButtonE
                0x9000095a       0x16 TouchGFX/build/STM32F7508-DK/TouchGFX/generated/gui_generated/src/screen1_screen/Screen1ViewBase.o
                0x9000095a                Screen1ViewBase::buttonCallbackHandler(touchgfx::AbstractButton const&)
 .text._ZN8touchgfx8DrawableC2Ev
                0x90000970       0x30 TouchGFX/build/STM32F7508-DK/TouchGFX/generated/gui_generated/src/screen1_screen/Screen1ViewBase.o
                0x90000970                touchgfx::Drawable::Drawable()
                0x90000970                touchgfx::Drawable::Drawable()
 .text._ZN8touchgfx8Drawable5setXYEss
                0x900009a0       0x1a TouchGFX/build/STM32F7508-DK/TouchGFX/generated/gui_generated/src/screen1_screen/Screen1ViewBase.o
                0x900009a0                touchgfx::Drawable::setXY(short, short)
 *fill*         0x900009ba        0x2 
 .text._ZN8touchgfx5ImageC2ERKNS_6BitmapE
                0x900009bc       0x34 TouchGFX/build/STM32F7508-DK/TouchGFX/generated/gui_generated/src/screen1_screen/Screen1ViewBase.o
                0x900009bc                touchgfx::Image::Image(touchgfx::Bitmap const&)
                0x900009bc                touchgfx::Image::Image(touchgfx::Bitmap const&)
 .text._ZN15Screen1ViewBaseC2Ev
                0x900009f0      0x268 TouchGFX/build/STM32F7508-DK/TouchGFX/generated/gui_generated/src/screen1_screen/Screen1ViewBase.o
                0x900009f0                Screen1ViewBase::Screen1ViewBase()
                0x900009f0                Screen1ViewBase::Screen1ViewBase()
 .text._ZN8touchgfx10Transition8tearDownEv
                0x90000c58        0x2 TouchGFX/build/STM32F7508-DK/TouchGFX/generated/gui_generated/src/common/FrontendApplicationBase.o
                0x90000c58                touchgfx::Transition::tearDown()
 .text._ZN8touchgfx10Transition4initEv
                0x90000c5a        0x2 TouchGFX/build/STM32F7508-DK/TouchGFX/generated/gui_generated/src/common/FrontendApplicationBase.o
                0x90000c5a                touchgfx::Transition::init()
 .text._ZN8touchgfx10Transition18setScreenContainerERNS_9ContainerE
                0x90000c5c        0x4 TouchGFX/build/STM32F7508-DK/TouchGFX/generated/gui_generated/src/common/FrontendApplicationBase.o
                0x90000c5c                touchgfx::Transition::setScreenContainer(touchgfx::Container&)
 .text._ZN23FrontendApplicationBaseD2Ev
                0x90000c60        0x2 TouchGFX/build/STM32F7508-DK/TouchGFX/generated/gui_generated/src/common/FrontendApplicationBase.o
                0x90000c60                FrontendApplicationBase::~FrontendApplicationBase()
                0x90000c60                FrontendApplicationBase::~FrontendApplicationBase()
 .text._ZN8touchgfx12NoTransition15handleTickEventEv
                0x90000c62        0x6 TouchGFX/build/STM32F7508-DK/TouchGFX/generated/gui_generated/src/common/FrontendApplicationBase.o
                0x90000c62                touchgfx::NoTransition::handleTickEvent()
 .text._ZN8touchgfx8CallbackINS_15SlideTransitionILNS_9DirectionE2EEERNS_8DrawableEvvED2Ev
                0x90000c68        0x2 TouchGFX/build/STM32F7508-DK/TouchGFX/generated/gui_generated/src/common/FrontendApplicationBase.o
                0x90000c68                touchgfx::Callback<touchgfx::SlideTransition<(touchgfx::Direction)2>, touchgfx::Drawable&, void, void>::~Callback()
                0x90000c68                touchgfx::Callback<touchgfx::SlideTransition<(touchgfx::Direction)2>, touchgfx::Drawable&, void, void>::~Callback()
 .text._ZN8touchgfx15SlideTransitionILNS_9DirectionE2EED2Ev
                0x90000c6a        0x2 TouchGFX/build/STM32F7508-DK/TouchGFX/generated/gui_generated/src/common/FrontendApplicationBase.o
                0x90000c6a                touchgfx::SlideTransition<(touchgfx::Direction)2>::~SlideTransition()
                0x90000c6a                touchgfx::SlideTransition<(touchgfx::Direction)2>::~SlideTransition()
 .text._ZN8touchgfx12NoTransitionD2Ev
                0x90000c6c        0x2 TouchGFX/build/STM32F7508-DK/TouchGFX/generated/gui_generated/src/common/FrontendApplicationBase.o
                0x90000c6c                touchgfx::NoTransition::~NoTransition()
                0x90000c6c                touchgfx::NoTransition::~NoTransition()
 .text._ZN8touchgfx8CallbackI23FrontendApplicationBasevvvED2Ev
                0x90000c6e        0x2 TouchGFX/build/STM32F7508-DK/TouchGFX/generated/gui_generated/src/common/FrontendApplicationBase.o
                0x90000c6e                touchgfx::Callback<FrontendApplicationBase, void, void, void>::~Callback()
                0x90000c6e                touchgfx::Callback<FrontendApplicationBase, void, void, void>::~Callback()
 .text._ZN8touchgfx15SlideTransitionILNS_9DirectionE2EE16initMoveDrawableERNS_8DrawableE
                0x90000c70       0x14 TouchGFX/build/STM32F7508-DK/TouchGFX/generated/gui_generated/src/common/FrontendApplicationBase.o
                0x90000c70                touchgfx::SlideTransition<(touchgfx::Direction)2>::initMoveDrawable(touchgfx::Drawable&)
 .text._ZN8touchgfx8CallbackINS_15SlideTransitionILNS_9DirectionE2EEERNS_8DrawableEvvE7executeES5_
                0x90000c84       0x1e TouchGFX/build/STM32F7508-DK/TouchGFX/generated/gui_generated/src/common/FrontendApplicationBase.o
                0x90000c84                touchgfx::Callback<touchgfx::SlideTransition<(touchgfx::Direction)2>, touchgfx::Drawable&, void, void>::execute(touchgfx::Drawable&)
 .text._ZNK8touchgfx8CallbackINS_15SlideTransitionILNS_9DirectionE2EEERNS_8DrawableEvvE7isValidEv
                0x90000ca2       0x18 TouchGFX/build/STM32F7508-DK/TouchGFX/generated/gui_generated/src/common/FrontendApplicationBase.o
                0x90000ca2                touchgfx::Callback<touchgfx::SlideTransition<(touchgfx::Direction)2>, touchgfx::Drawable&, void, void>::isValid() const
 .text._ZN8touchgfx8CallbackI23FrontendApplicationBasevvvE7executeEv
                0x90000cba       0x20 TouchGFX/build/STM32F7508-DK/TouchGFX/generated/gui_generated/src/common/FrontendApplicationBase.o
                0x90000cba                touchgfx::Callback<FrontendApplicationBase, void, void, void>::execute()
 .text._ZNK8touchgfx8CallbackI23FrontendApplicationBasevvvE7isValidEv
                0x90000cda       0x18 TouchGFX/build/STM32F7508-DK/TouchGFX/generated/gui_generated/src/common/FrontendApplicationBase.o
                0x90000cda                touchgfx::Callback<FrontendApplicationBase, void, void, void>::isValid() const
 .text._ZN8touchgfx12NoTransitionD0Ev
                0x90000cf2        0xe TouchGFX/build/STM32F7508-DK/TouchGFX/generated/gui_generated/src/common/FrontendApplicationBase.o
                0x90000cf2                touchgfx::NoTransition::~NoTransition()
 .text._ZN23FrontendApplicationBaseD0Ev
                0x90000d00       0x10 TouchGFX/build/STM32F7508-DK/TouchGFX/generated/gui_generated/src/common/FrontendApplicationBase.o
                0x90000d00                FrontendApplicationBase::~FrontendApplicationBase()
 .text._ZN8touchgfx8CallbackI23FrontendApplicationBasevvvED0Ev
                0x90000d10        0xe TouchGFX/build/STM32F7508-DK/TouchGFX/generated/gui_generated/src/common/FrontendApplicationBase.o
                0x90000d10                touchgfx::Callback<FrontendApplicationBase, void, void, void>::~Callback()
 .text._ZN8touchgfx15SlideTransitionILNS_9DirectionE2EED0Ev
                0x90000d1e        0xe TouchGFX/build/STM32F7508-DK/TouchGFX/generated/gui_generated/src/common/FrontendApplicationBase.o
                0x90000d1e                touchgfx::SlideTransition<(touchgfx::Direction)2>::~SlideTransition()
 .text._ZN8touchgfx8CallbackINS_15SlideTransitionILNS_9DirectionE2EEERNS_8DrawableEvvED0Ev
                0x90000d2c        0xe TouchGFX/build/STM32F7508-DK/TouchGFX/generated/gui_generated/src/common/FrontendApplicationBase.o
                0x90000d2c                touchgfx::Callback<touchgfx::SlideTransition<(touchgfx::Direction)2>, touchgfx::Drawable&, void, void>::~Callback()
 .text._ZN8touchgfx10Transition10invalidateEv
                0x90000d3a       0x10 TouchGFX/build/STM32F7508-DK/TouchGFX/generated/gui_generated/src/common/FrontendApplicationBase.o
                0x90000d3a                touchgfx::Transition::invalidate()
 .text._ZN8touchgfx15SlideTransitionILNS_9DirectionE2EE16tickMoveDrawableERNS_8DrawableE
                0x90000d4a       0x24 TouchGFX/build/STM32F7508-DK/TouchGFX/generated/gui_generated/src/common/FrontendApplicationBase.o
                0x90000d4a                touchgfx::SlideTransition<(touchgfx::Direction)2>::tickMoveDrawable(touchgfx::Drawable&)
 *fill*         0x90000d6e        0x2 
 .text._ZN8touchgfx15SlideTransitionILNS_9DirectionE2EE8tearDownEv
                0x90000d70       0x1c TouchGFX/build/STM32F7508-DK/TouchGFX/generated/gui_generated/src/common/FrontendApplicationBase.o
                0x90000d70                touchgfx::SlideTransition<(touchgfx::Direction)2>::tearDown()
 .text._ZN8touchgfx15SlideTransitionILNS_9DirectionE2EE15handleTickEventEv
                0x90000d8c       0x84 TouchGFX/build/STM32F7508-DK/TouchGFX/generated/gui_generated/src/common/FrontendApplicationBase.o
                0x90000d8c                touchgfx::SlideTransition<(touchgfx::Direction)2>::handleTickEvent()
 .text._ZN8touchgfx15SlideTransitionILNS_9DirectionE2EE4initEv
                0x90000e10       0x3c TouchGFX/build/STM32F7508-DK/TouchGFX/generated/gui_generated/src/common/FrontendApplicationBase.o
                0x90000e10                touchgfx::SlideTransition<(touchgfx::Direction)2>::init()
 .text._ZN23FrontendApplicationBaseC2ER5ModelR12FrontendHeap
                0x90000e4c       0x70 TouchGFX/build/STM32F7508-DK/TouchGFX/generated/gui_generated/src/common/FrontendApplicationBase.o
                0x90000e4c                FrontendApplicationBase::FrontendApplicationBase(Model&, FrontendHeap&)
                0x90000e4c                FrontendApplicationBase::FrontendApplicationBase(Model&, FrontendHeap&)
 .text._ZN23FrontendApplicationBase29gotoScreen1ScreenNoTransitionEv
                0x90000ebc       0x20 TouchGFX/build/STM32F7508-DK/TouchGFX/generated/gui_generated/src/common/FrontendApplicationBase.o
                0x90000ebc                FrontendApplicationBase::gotoScreen1ScreenNoTransition()
 .text._ZN23FrontendApplicationBase36gotoScreen2ScreenSlideTransitionEastEv
                0x90000edc       0x20 TouchGFX/build/STM32F7508-DK/TouchGFX/generated/gui_generated/src/common/FrontendApplicationBase.o
                0x90000edc                FrontendApplicationBase::gotoScreen2ScreenSlideTransitionEast()
 .text._ZN8touchgfx14makeTransitionI11Screen1View16Screen1PresenterNS_12NoTransitionE5ModelEEPT0_PPNS_6ScreenEPPNS_9PresenterERNS_7MVPHeapEPPNS_10TransitionEPT2_
                0x90000efc      0x140 TouchGFX/build/STM32F7508-DK/TouchGFX/generated/gui_generated/src/common/FrontendApplicationBase.o
                0x90000efc                Screen1Presenter* touchgfx::makeTransition<Screen1View, Screen1Presenter, touchgfx::NoTransition, Model>(touchgfx::Screen**, touchgfx::Presenter**, touchgfx::MVPHeap&, touchgfx::Transition**, Model*)
 .text._ZN23FrontendApplicationBase33gotoScreen1ScreenNoTransitionImplEv
                0x9000103c       0x28 TouchGFX/build/STM32F7508-DK/TouchGFX/generated/gui_generated/src/common/FrontendApplicationBase.o
                0x9000103c                FrontendApplicationBase::gotoScreen1ScreenNoTransitionImpl()
 .text._ZN8touchgfx14makeTransitionI11Screen2View16Screen2PresenterNS_15SlideTransitionILNS_9DirectionE2EEE5ModelEEPT0_PPNS_6ScreenEPPNS_9PresenterERNS_7MVPHeapEPPNS_10TransitionEPT2_
                0x90001064      0x1b4 TouchGFX/build/STM32F7508-DK/TouchGFX/generated/gui_generated/src/common/FrontendApplicationBase.o
                0x90001064                Screen2Presenter* touchgfx::makeTransition<Screen2View, Screen2Presenter, touchgfx::SlideTransition<(touchgfx::Direction)2>, Model>(touchgfx::Screen**, touchgfx::Presenter**, touchgfx::MVPHeap&, touchgfx::Transition**, Model*)
 .text._ZN23FrontendApplicationBase40gotoScreen2ScreenSlideTransitionEastImplEv
                0x90001218       0x28 TouchGFX/build/STM32F7508-DK/TouchGFX/generated/gui_generated/src/common/FrontendApplicationBase.o
                0x90001218                FrontendApplicationBase::gotoScreen2ScreenSlideTransitionEastImpl()
 .text._ZNK8touchgfx4Font8getGlyphEt
                0x90001240       0x1e TouchGFX/build/STM32F7508-DK/TouchGFX/generated/fonts/src/GeneratedFont.o
                0x90001240                touchgfx::Font::getGlyph(unsigned short) const
 .text._ZNK8touchgfx4Font15getFallbackCharEv
                0x9000125e        0x4 TouchGFX/build/STM32F7508-DK/TouchGFX/generated/fonts/src/GeneratedFont.o
                0x9000125e                touchgfx::Font::getFallbackChar() const
 .text._ZNK8touchgfx4Font15getEllipsisCharEv
                0x90001262        0x4 TouchGFX/build/STM32F7508-DK/TouchGFX/generated/fonts/src/GeneratedFont.o
                0x90001262                touchgfx::Font::getEllipsisChar() const
 .text._ZNK8touchgfx4Font13getFontHeightEv
                0x90001266        0x4 TouchGFX/build/STM32F7508-DK/TouchGFX/generated/fonts/src/GeneratedFont.o
                0x90001266                touchgfx::Font::getFontHeight() const
 .text._ZNK8touchgfx4Font20getMinimumTextHeightEv
                0x9000126a        0xa TouchGFX/build/STM32F7508-DK/TouchGFX/generated/fonts/src/GeneratedFont.o
                0x9000126a                touchgfx::Font::getMinimumTextHeight() const
 .text._ZNK8touchgfx4Font15getBitsPerPixelEv
                0x90001274        0x8 TouchGFX/build/STM32F7508-DK/TouchGFX/generated/fonts/src/GeneratedFont.o
                0x90001274                touchgfx::Font::getBitsPerPixel() const
 .text._ZNK8touchgfx4Font15getByteAlignRowEv
                0x9000127c        0x6 TouchGFX/build/STM32F7508-DK/TouchGFX/generated/fonts/src/GeneratedFont.o
                0x9000127c                touchgfx::Font::getByteAlignRow() const
 .text._ZNK8touchgfx13GeneratedFont12getGSUBTableEv
                0x90001282        0x4 TouchGFX/build/STM32F7508-DK/TouchGFX/generated/fonts/src/GeneratedFont.o
                0x90001282                touchgfx::GeneratedFont::getGSUBTable() const
 .text._ZNK8touchgfx13GeneratedFont23getContextualFormsTableEv
                0x90001286        0x4 TouchGFX/build/STM32F7508-DK/TouchGFX/generated/fonts/src/GeneratedFont.o
                0x90001286                touchgfx::GeneratedFont::getContextualFormsTable() const
 .text._ZN8touchgfx13GeneratedFontD2Ev
                0x9000128a        0x2 TouchGFX/build/STM32F7508-DK/TouchGFX/generated/fonts/src/GeneratedFont.o
                0x9000128a                touchgfx::GeneratedFont::~GeneratedFont()
                0x9000128a                touchgfx::GeneratedFont::~GeneratedFont()
 .text._ZNK8touchgfx13GeneratedFont12getPixelDataEPKNS_9GlyphNodeE
                0x9000128c       0x10 TouchGFX/build/STM32F7508-DK/TouchGFX/generated/fonts/src/GeneratedFont.o
                0x9000128c                touchgfx::GeneratedFont::getPixelData(touchgfx::GlyphNode const*) const
 .text._ZNK8touchgfx13GeneratedFont10getKerningEtPKNS_9GlyphNodeE
                0x9000129c       0x3a TouchGFX/build/STM32F7508-DK/TouchGFX/generated/fonts/src/GeneratedFont.o
                0x9000129c                touchgfx::GeneratedFont::getKerning(unsigned short, touchgfx::GlyphNode const*) const
 .text._ZN8touchgfx13GeneratedFontD0Ev
                0x900012d6        0xe TouchGFX/build/STM32F7508-DK/TouchGFX/generated/fonts/src/GeneratedFont.o
                0x900012d6                touchgfx::GeneratedFont::~GeneratedFont()
 .text._ZN8touchgfx13GeneratedFontC2EPKNS_9GlyphNodeEtthhhhhPKPKhPKNS_11KerningNodeEttPKtPKNS_24FontContextualFormsTableE
                0x900012e4       0x54 TouchGFX/build/STM32F7508-DK/TouchGFX/generated/fonts/src/GeneratedFont.o
                0x900012e4                touchgfx::GeneratedFont::GeneratedFont(touchgfx::GlyphNode const*, unsigned short, unsigned short, unsigned char, unsigned char, unsigned char, unsigned char, unsigned char, unsigned char const* const*, touchgfx::KerningNode const*, unsigned short, unsigned short, unsigned short const*, touchgfx::FontContextualFormsTable const*)
                0x900012e4                touchgfx::GeneratedFont::GeneratedFont(touchgfx::GlyphNode const*, unsigned short, unsigned short, unsigned char, unsigned char, unsigned char, unsigned char, unsigned char, unsigned char const* const*, touchgfx::KerningNode const*, unsigned short, unsigned short, unsigned short const*, touchgfx::FontContextualFormsTable const*)
 .text._Z23getFont_verdana_10_4bppv
                0x90001338       0x78 TouchGFX/build/STM32F7508-DK/TouchGFX/generated/fonts/src/Table_verdana_10_4bpp.o
                0x90001338                getFont_verdana_10_4bpp()
 .text._Z23getFont_verdana_40_4bppv
                0x900013b0       0x78 TouchGFX/build/STM32F7508-DK/TouchGFX/generated/fonts/src/Table_verdana_40_4bpp.o
                0x900013b0                getFont_verdana_40_4bpp()
 .text._Z23getFont_verdana_20_4bppv
                0x90001428       0x78 TouchGFX/build/STM32F7508-DK/TouchGFX/generated/fonts/src/Table_verdana_20_4bpp.o
                0x90001428                getFont_verdana_20_4bpp()
 .text._ZN23ApplicationFontProviderD2Ev
                0x900014a0        0x2 TouchGFX/build/STM32F7508-DK/TouchGFX/generated/fonts/src/ApplicationFontProvider.o
                0x900014a0                ApplicationFontProvider::~ApplicationFontProvider()
                0x900014a0                ApplicationFontProvider::~ApplicationFontProvider()
 .text._ZN23ApplicationFontProviderD0Ev
                0x900014a2        0xe TouchGFX/build/STM32F7508-DK/TouchGFX/generated/fonts/src/ApplicationFontProvider.o
                0x900014a2                ApplicationFontProvider::~ApplicationFontProvider()
 .text._ZN23ApplicationFontProvider7getFontEt
                0x900014b0       0x28 TouchGFX/build/STM32F7508-DK/TouchGFX/generated/fonts/src/ApplicationFontProvider.o
                0x900014b0                ApplicationFontProvider::getFont(unsigned short)
 .text._ZN14BitmapDatabase11getInstanceEv
                0x900014d8        0x8 TouchGFX/build/STM32F7508-DK/TouchGFX/generated/images/src/BitmapDatabase.o
                0x900014d8                BitmapDatabase::getInstance()
 .text._ZN14BitmapDatabase15getInstanceSizeEv
                0x900014e0        0x4 TouchGFX/build/STM32F7508-DK/TouchGFX/generated/images/src/BitmapDatabase.o
                0x900014e0                BitmapDatabase::getInstanceSize()
 .text._ZN17TypedTextDatabase15getInstanceSizeEv
                0x900014e4        0x4 TouchGFX/build/STM32F7508-DK/TouchGFX/generated/texts/src/TypedTextDatabase.o
                0x900014e4                TypedTextDatabase::getInstanceSize()
 .text._ZN17TypedTextDatabase8getFontsEv
                0x900014e8        0x8 TouchGFX/build/STM32F7508-DK/TouchGFX/generated/texts/src/TypedTextDatabase.o
                0x900014e8                TypedTextDatabase::getFonts()
 .text.startup._GLOBAL__sub_I_touchgfx_fonts
                0x900014f0       0x1c TouchGFX/build/STM32F7508-DK/TouchGFX/generated/texts/src/TypedTextDatabase.o
 .text._ZNK8touchgfx4Font12getGSUBTableEv
                0x9000150c        0x4 TouchGFX/build/STM32F7508-DK/TouchGFX/generated/texts/src/Texts.o
                0x9000150c                touchgfx::Font::getGSUBTable() const
 .text._ZNK8touchgfx4Font23getContextualFormsTableEv
                0x90001510        0x4 TouchGFX/build/STM32F7508-DK/TouchGFX/generated/texts/src/Texts.o
                0x90001510                touchgfx::Font::getContextualFormsTable() const
 .text._ZNK8touchgfx4Font14getStringWidthEPKtz
                0x90001514       0x1c TouchGFX/build/STM32F7508-DK/TouchGFX/generated/texts/src/Texts.o
                0x90001514                touchgfx::Font::getStringWidth(unsigned short const*, ...) const
 .text._ZNK8touchgfx4Font14getStringWidthEhPKtz
                0x90001530       0x1a TouchGFX/build/STM32F7508-DK/TouchGFX/generated/texts/src/Texts.o
                0x90001530                touchgfx::Font::getStringWidth(unsigned char, unsigned short const*, ...) const
 *fill*         0x9000154a        0x2 
 .text._ZN8touchgfx12TextProvider15getNextLigatureEh
                0x9000154c       0x84 TouchGFX/build/STM32F7508-DK/TouchGFX/generated/texts/src/Texts.o
                0x9000154c                touchgfx::TextProvider::getNextLigature(unsigned char)
 .text._ZN8touchgfx12TextProvider18initializeInternalEv
                0x900015d0        0x4 TouchGFX/build/STM32F7508-DK/TouchGFX/generated/texts/src/Texts.o
                0x900015d0                touchgfx::TextProvider::initializeInternal()
 .text._ZN8touchgfx3LCD10drawStringENS_4RectERKS1_RKNS0_13StringVisualsEPKtz
                0x900015d4       0x22 TouchGFX/build/STM32F7508-DK/TouchGFX/generated/texts/src/Texts.o
                0x900015d4                touchgfx::LCD::drawString(touchgfx::Rect, touchgfx::Rect const&, touchgfx::LCD::StringVisuals const&, unsigned short const*, ...)
 *fill*         0x900015f6        0x2 
 .text._ZN8touchgfx5Texts11setLanguageEt
                0x900015f8       0x74 TouchGFX/build/STM32F7508-DK/TouchGFX/generated/texts/src/Texts.o
                0x900015f8                touchgfx::Texts::setLanguage(unsigned short)
 .text._ZNK8touchgfx5Texts7getTextEt
                0x9000166c       0x1c TouchGFX/build/STM32F7508-DK/TouchGFX/generated/texts/src/Texts.o
                0x9000166c                touchgfx::Texts::getText(unsigned short) const
 .text._ZN8touchgfx3HAL21setDisplayOrientationENS_18DisplayOrientationE
                0x90001688        0xc TouchGFX/build/STM32F7508-DK/TouchGFX/target/generated/TouchGFXGeneratedHAL.o
                0x90001688                touchgfx::HAL::setDisplayOrientation(touchgfx::DisplayOrientation)
 .text._ZN8touchgfx3HAL9sampleKeyERh
                0x90001694        0x4 TouchGFX/build/STM32F7508-DK/TouchGFX/target/generated/TouchGFXGeneratedHAL.o
                0x90001694                touchgfx::HAL::sampleKey(unsigned char&)
 .text._ZNK8touchgfx3HAL18getFlashDataReaderEv
                0x90001698        0x4 TouchGFX/build/STM32F7508-DK/TouchGFX/target/generated/TouchGFXGeneratedHAL.o
                0x90001698                touchgfx::HAL::getFlashDataReader() const
 .text._ZN8touchgfx3HAL9taskDelayEt
                0x9000169c        0xa TouchGFX/build/STM32F7508-DK/TouchGFX/target/generated/TouchGFXGeneratedHAL.o
                0x9000169c                touchgfx::HAL::taskDelay(unsigned short)
 .text._ZN8touchgfx3HAL17getTFTCurrentLineEv
                0x900016a6        0x6 TouchGFX/build/STM32F7508-DK/TouchGFX/target/generated/TouchGFXGeneratedHAL.o
                0x900016a6                touchgfx::HAL::getTFTCurrentLine()
 .text._ZN8touchgfx3HAL10getDMATypeEv
                0x900016ac        0x8 TouchGFX/build/STM32F7508-DK/TouchGFX/target/generated/TouchGFXGeneratedHAL.o
                0x900016ac                touchgfx::HAL::getDMAType()
 .text.SCB_CleanInvalidateDCache
                0x900016b4       0x54 TouchGFX/build/STM32F7508-DK/TouchGFX/target/generated/TouchGFXGeneratedHAL.o
 .text._ZN20TouchGFXGeneratedHAL19configureInterruptsEv
                0x90001708       0x14 TouchGFX/build/STM32F7508-DK/TouchGFX/target/generated/TouchGFXGeneratedHAL.o
                0x90001708                TouchGFXGeneratedHAL::configureInterrupts()
 .text._ZN20TouchGFXGeneratedHAL28enableLCDControllerInterruptEv
                0x9000171c       0x34 TouchGFX/build/STM32F7508-DK/TouchGFX/target/generated/TouchGFXGeneratedHAL.o
                0x9000171c                TouchGFXGeneratedHAL::enableLCDControllerInterrupt()
 .text._ZNK20TouchGFXGeneratedHAL17getTFTFrameBufferEv
                0x90001750        0xc TouchGFX/build/STM32F7508-DK/TouchGFX/target/generated/TouchGFXGeneratedHAL.o
                0x90001750                TouchGFXGeneratedHAL::getTFTFrameBuffer() const
 .text._ZN20TouchGFXGeneratedHAL17setTFTFrameBufferEPt
                0x9000175c       0x10 TouchGFX/build/STM32F7508-DK/TouchGFX/target/generated/TouchGFXGeneratedHAL.o
                0x9000175c                TouchGFXGeneratedHAL::setTFTFrameBuffer(unsigned short*)
 .text._ZN20TouchGFXGeneratedHAL15InvalidateCacheEv
                0x9000176c       0x14 TouchGFX/build/STM32F7508-DK/TouchGFX/target/generated/TouchGFXGeneratedHAL.o
                0x9000176c                TouchGFXGeneratedHAL::InvalidateCache()
                0x9000176c                TouchGFXGeneratedHAL::FlushCache()
 .text._ZN20TouchGFXGeneratedHAL10initializeEv
                0x90001780       0x34 TouchGFX/build/STM32F7508-DK/TouchGFX/target/generated/TouchGFXGeneratedHAL.o
                0x90001780                TouchGFXGeneratedHAL::initialize()
 .text._ZN8touchgfx3HAL28setFrameBufferStartAddressesEPvS1_S1_
                0x900017b4       0x44 TouchGFX/build/STM32F7508-DK/TouchGFX/target/generated/TouchGFXGeneratedHAL.o
                0x900017b4                touchgfx::HAL::setFrameBufferStartAddresses(void*, void*, void*)
 .text._ZN20TouchGFXGeneratedHAL10beginFrameEv
                0x900017f8        0x4 TouchGFX/build/STM32F7508-DK/TouchGFX/target/generated/TouchGFXGeneratedHAL.o
                0x900017f8                TouchGFXGeneratedHAL::beginFrame()
 .text._ZN20TouchGFXGeneratedHAL8endFrameEv
                0x900017fc        0x4 TouchGFX/build/STM32F7508-DK/TouchGFX/target/generated/TouchGFXGeneratedHAL.o
                0x900017fc                TouchGFXGeneratedHAL::endFrame()
 .text._ZN20TouchGFXGeneratedHAL16flushFrameBufferERKN8touchgfx4RectE
                0x90001800       0x1c TouchGFX/build/STM32F7508-DK/TouchGFX/target/generated/TouchGFXGeneratedHAL.o
                0x90001800                TouchGFXGeneratedHAL::flushFrameBuffer(touchgfx::Rect const&)
 .text._ZN20TouchGFXGeneratedHAL9blockCopyEPvPKvm
                0x9000181c        0x4 TouchGFX/build/STM32F7508-DK/TouchGFX/target/generated/TouchGFXGeneratedHAL.o
                0x9000181c                TouchGFXGeneratedHAL::blockCopy(void*, void const*, unsigned long)
 .text._ZN8touchgfx3HAL15backPorchExitedEv
                0x90001820       0x16 TouchGFX/build/STM32F7508-DK/TouchGFX/target/generated/TouchGFXGeneratedHAL.o
                0x90001820                touchgfx::HAL::backPorchExited()
 .text._ZN8touchgfx3HAL11getBlitCapsEv
                0x90001836       0x12 TouchGFX/build/STM32F7508-DK/TouchGFX/target/generated/TouchGFXGeneratedHAL.o
                0x90001836                touchgfx::HAL::getBlitCaps()
 .text._ZN8touchgfx3HAL31performDisplayOrientationChangeEv
                0x90001848       0x60 TouchGFX/build/STM32F7508-DK/TouchGFX/target/generated/TouchGFXGeneratedHAL.o
                0x90001848                touchgfx::HAL::performDisplayOrientationChange()
 .text._ZN20TouchGFXGeneratedHAL16enableInterruptsEv
                0x900018a8       0x14 TouchGFX/build/STM32F7508-DK/TouchGFX/target/generated/TouchGFXGeneratedHAL.o
                0x900018a8                TouchGFXGeneratedHAL::enableInterrupts()
 .text._ZN20TouchGFXGeneratedHAL17disableInterruptsEv
                0x900018bc       0x28 TouchGFX/build/STM32F7508-DK/TouchGFX/target/generated/TouchGFXGeneratedHAL.o
                0x900018bc                TouchGFXGeneratedHAL::disableInterrupts()
 .text.HAL_LTDC_LineEventCallback
                0x900018e4       0x60 TouchGFX/build/STM32F7508-DK/TouchGFX/target/generated/TouchGFXGeneratedHAL.o
                0x900018e4                HAL_LTDC_LineEventCallback
 .text._ZN8touchgfx13DMA_Interface5flushEv
                0x90001944        0x6 TouchGFX/build/STM32F7508-DK/TouchGFX/target/generated/STM32DMA.o
                0x90001944                touchgfx::DMA_Interface::flush()
 .text._ZN10STM32F7DMA10getDMATypeEv
                0x9000194a        0x4 TouchGFX/build/STM32F7508-DK/TouchGFX/target/generated/STM32DMA.o
                0x9000194a                STM32F7DMA::getDMAType()
 .text._ZN10STM32F7DMA18signalDMAInterruptEv
                0x9000194e        0x6 TouchGFX/build/STM32F7508-DK/TouchGFX/target/generated/STM32DMA.o
                0x9000194e                STM32F7DMA::signalDMAInterrupt()
 .text._ZN10STM32F7DMA10initializeEv
                0x90001954       0x48 TouchGFX/build/STM32F7508-DK/TouchGFX/target/generated/STM32DMA.o
                0x90001954                STM32F7DMA::initialize()
 .text._ZN10STM32F7DMA11getBlitCapsEv
                0x9000199c        0x6 TouchGFX/build/STM32F7508-DK/TouchGFX/target/generated/STM32DMA.o
                0x9000199c                STM32F7DMA::getBlitCaps()
 *fill*         0x900019a2        0x2 
 .text.DMA2D_XferCpltCallback
                0x900019a4       0x10 TouchGFX/build/STM32F7508-DK/TouchGFX/target/generated/STM32DMA.o
 .text._ZN10STM32F7DMA22getChromARTInputFormatEN8touchgfx6Bitmap12BitmapFormatE.isra.1
                0x900019b4       0x40 TouchGFX/build/STM32F7508-DK/TouchGFX/target/generated/STM32DMA.o
 .text._ZN10STM32F7DMA23getChromARTOutputFormatEN8touchgfx6Bitmap12BitmapFormatE.isra.3
                0x900019f4       0x3c TouchGFX/build/STM32F7508-DK/TouchGFX/target/generated/STM32DMA.o
 .text._ZN10STM32F7DMA13setupDataCopyERKN8touchgfx6BlitOpE
                0x90001a30      0x188 TouchGFX/build/STM32F7508-DK/TouchGFX/target/generated/STM32DMA.o
                0x90001a30                STM32F7DMA::setupDataCopy(touchgfx::BlitOp const&)
 .text._ZN10STM32F7DMA13setupDataFillERKN8touchgfx6BlitOpE
                0x90001bb8       0xb0 TouchGFX/build/STM32F7508-DK/TouchGFX/target/generated/STM32DMA.o
                0x90001bb8                STM32F7DMA::setupDataFill(touchgfx::BlitOp const&)
 .text._ZN10STM32F7DMAD2Ev
                0x90001c68       0x20 TouchGFX/build/STM32F7508-DK/TouchGFX/target/generated/STM32DMA.o
                0x90001c68                STM32F7DMA::~STM32F7DMA()
                0x90001c68                STM32F7DMA::~STM32F7DMA()
 .text._ZN10STM32F7DMAD0Ev
                0x90001c88       0x16 TouchGFX/build/STM32F7508-DK/TouchGFX/target/generated/STM32DMA.o
                0x90001c88                STM32F7DMA::~STM32F7DMA()
 *fill*         0x90001c9e        0x2 
 .text._ZN10STM32F7DMAC2Ev
                0x90001ca0       0x34 TouchGFX/build/STM32F7508-DK/TouchGFX/target/generated/STM32DMA.o
                0x90001ca0                STM32F7DMA::STM32F7DMA()
                0x90001ca0                STM32F7DMA::STM32F7DMA()
 .text._ZN8touchgfx10OSWrappers10initializeEv
                0x90001cd4       0x50 TouchGFX/build/STM32F7508-DK/TouchGFX/target/generated/OSWrappers.o
                0x90001cd4                touchgfx::OSWrappers::initialize()
 .text._ZN8touchgfx10OSWrappers24takeFrameBufferSemaphoreEv
                0x90001d24       0x10 TouchGFX/build/STM32F7508-DK/TouchGFX/target/generated/OSWrappers.o
                0x90001d24                touchgfx::OSWrappers::takeFrameBufferSemaphore()
 .text._ZN8touchgfx10OSWrappers24giveFrameBufferSemaphoreEv
                0x90001d34        0xc TouchGFX/build/STM32F7508-DK/TouchGFX/target/generated/OSWrappers.o
                0x90001d34                touchgfx::OSWrappers::giveFrameBufferSemaphore()
 .text._ZN8touchgfx10OSWrappers27tryTakeFrameBufferSemaphoreEv
                0x90001d40       0x10 TouchGFX/build/STM32F7508-DK/TouchGFX/target/generated/OSWrappers.o
                0x90001d40                touchgfx::OSWrappers::tryTakeFrameBufferSemaphore()
 .text._ZN8touchgfx10OSWrappers31giveFrameBufferSemaphoreFromISREv
                0x90001d50        0x4 TouchGFX/build/STM32F7508-DK/TouchGFX/target/generated/OSWrappers.o
                0x90001d50                touchgfx::OSWrappers::giveFrameBufferSemaphoreFromISR()
 .text._ZN8touchgfx10OSWrappers11signalVSyncEv
                0x90001d54       0x18 TouchGFX/build/STM32F7508-DK/TouchGFX/target/generated/OSWrappers.o
                0x90001d54                touchgfx::OSWrappers::signalVSync()
 .text._ZN8touchgfx10OSWrappers12waitForVSyncEv
                0x90001d6c       0x28 TouchGFX/build/STM32F7508-DK/TouchGFX/target/generated/OSWrappers.o
                0x90001d6c                touchgfx::OSWrappers::waitForVSync()
 .text._ZN8touchgfx10OSWrappers9taskYieldEv
                0x90001d94        0x4 TouchGFX/build/STM32F7508-DK/TouchGFX/target/generated/OSWrappers.o
                0x90001d94                touchgfx::OSWrappers::taskYield()
 .text._ZN20STM32TouchControllerD2Ev
                0x90001d98        0x2 TouchGFX/build/STM32F7508-DK/TouchGFX/target/generated/TouchGFXConfiguration.o
                0x90001d98                STM32TouchController::~STM32TouchController()
                0x90001d98                STM32TouchController::~STM32TouchController()
 .text._ZN8touchgfx8LCD16bppD2Ev
                0x90001d9a        0x2 TouchGFX/build/STM32F7508-DK/TouchGFX/target/generated/TouchGFXConfiguration.o
                0x90001d9a                touchgfx::LCD16bpp::~LCD16bpp()
                0x90001d9a                touchgfx::LCD16bpp::~LCD16bpp()
 .text._ZN11TouchGFXHALD2Ev
                0x90001d9c        0x2 TouchGFX/build/STM32F7508-DK/TouchGFX/target/generated/TouchGFXConfiguration.o
                0x90001d9c                TouchGFXHAL::~TouchGFXHAL()
                0x90001d9c                TouchGFXHAL::~TouchGFXHAL()
 .text._ZNK8touchgfx9PartitionINS_4meta8TypeListINS_15SlideTransitionILNS_9DirectionE2EEENS2_INS1_3NilES6_EEEELt1EE8capacityEv
                0x90001d9e        0x4 TouchGFX/build/STM32F7508-DK/TouchGFX/target/generated/TouchGFXConfiguration.o
                0x90001d9e                touchgfx::Partition<touchgfx::meta::TypeList<touchgfx::SlideTransition<(touchgfx::Direction)2>, touchgfx::meta::TypeList<touchgfx::meta::Nil, touchgfx::meta::Nil> >, (unsigned short)1>::capacity() const
 .text._ZN8touchgfx9PartitionINS_4meta8TypeListINS_15SlideTransitionILNS_9DirectionE2EEENS2_INS1_3NilES6_EEEELt1EE12element_sizeEv
                0x90001da2        0x4 TouchGFX/build/STM32F7508-DK/TouchGFX/target/generated/TouchGFXConfiguration.o
                0x90001da2                touchgfx::Partition<touchgfx::meta::TypeList<touchgfx::SlideTransition<(touchgfx::Direction)2>, touchgfx::meta::TypeList<touchgfx::meta::Nil, touchgfx::meta::Nil> >, (unsigned short)1>::element_size()
 .text._ZN8touchgfx9PartitionINS_4meta8TypeListINS_15SlideTransitionILNS_9DirectionE2EEENS2_INS1_3NilES6_EEEELt1EE7elementEt
                0x90001da6        0xa TouchGFX/build/STM32F7508-DK/TouchGFX/target/generated/TouchGFXConfiguration.o
                0x90001da6                touchgfx::Partition<touchgfx::meta::TypeList<touchgfx::SlideTransition<(touchgfx::Direction)2>, touchgfx::meta::TypeList<touchgfx::meta::Nil, touchgfx::meta::Nil> >, (unsigned short)1>::element(unsigned short)
 .text._ZNK8touchgfx9PartitionINS_4meta8TypeListINS_15SlideTransitionILNS_9DirectionE2EEENS2_INS1_3NilES6_EEEELt1EE7elementEt
                0x90001db0        0xa TouchGFX/build/STM32F7508-DK/TouchGFX/target/generated/TouchGFXConfiguration.o
                0x90001db0                touchgfx::Partition<touchgfx::meta::TypeList<touchgfx::SlideTransition<(touchgfx::Direction)2>, touchgfx::meta::TypeList<touchgfx::meta::Nil, touchgfx::meta::Nil> >, (unsigned short)1>::element(unsigned short) const
 .text._ZNK8touchgfx9PartitionINS_4meta8TypeListI11Screen1ViewNS2_INS1_3NilES4_EEEELt1EE8capacityEv
                0x90001dba        0x4 TouchGFX/build/STM32F7508-DK/TouchGFX/target/generated/TouchGFXConfiguration.o
                0x90001dba                touchgfx::Partition<touchgfx::meta::TypeList<Screen1View, touchgfx::meta::TypeList<touchgfx::meta::Nil, touchgfx::meta::Nil> >, (unsigned short)1>::capacity() const
 .text._ZN8touchgfx9PartitionINS_4meta8TypeListI11Screen1ViewNS2_INS1_3NilES4_EEEELt1EE12element_sizeEv
                0x90001dbe        0x6 TouchGFX/build/STM32F7508-DK/TouchGFX/target/generated/TouchGFXConfiguration.o
                0x90001dbe                touchgfx::Partition<touchgfx::meta::TypeList<Screen1View, touchgfx::meta::TypeList<touchgfx::meta::Nil, touchgfx::meta::Nil> >, (unsigned short)1>::element_size()
 .text._ZN8touchgfx9PartitionINS_4meta8TypeListI11Screen1ViewNS2_INS1_3NilES4_EEEELt1EE7elementEt
                0x90001dc4        0xc TouchGFX/build/STM32F7508-DK/TouchGFX/target/generated/TouchGFXConfiguration.o
                0x90001dc4                touchgfx::Partition<touchgfx::meta::TypeList<Screen1View, touchgfx::meta::TypeList<touchgfx::meta::Nil, touchgfx::meta::Nil> >, (unsigned short)1>::element(unsigned short)
 .text._ZNK8touchgfx9PartitionINS_4meta8TypeListI11Screen1ViewNS2_INS1_3NilES4_EEEELt1EE7elementEt
                0x90001dd0        0xc TouchGFX/build/STM32F7508-DK/TouchGFX/target/generated/TouchGFXConfiguration.o
                0x90001dd0                touchgfx::Partition<touchgfx::meta::TypeList<Screen1View, touchgfx::meta::TypeList<touchgfx::meta::Nil, touchgfx::meta::Nil> >, (unsigned short)1>::element(unsigned short) const
 .text._ZNK8touchgfx9PartitionINS_4meta8TypeListI16Screen2PresenterNS2_INS1_3NilES4_EEEELt1EE8capacityEv
                0x90001ddc        0x4 TouchGFX/build/STM32F7508-DK/TouchGFX/target/generated/TouchGFXConfiguration.o
                0x90001ddc                touchgfx::Partition<touchgfx::meta::TypeList<Screen2Presenter, touchgfx::meta::TypeList<touchgfx::meta::Nil, touchgfx::meta::Nil> >, (unsigned short)1>::capacity() const
 .text._ZN8touchgfx9PartitionINS_4meta8TypeListI16Screen2PresenterNS2_INS1_3NilES4_EEEELt1EE12element_sizeEv
                0x90001de0        0x4 TouchGFX/build/STM32F7508-DK/TouchGFX/target/generated/TouchGFXConfiguration.o
                0x90001de0                touchgfx::Partition<touchgfx::meta::TypeList<Screen2Presenter, touchgfx::meta::TypeList<touchgfx::meta::Nil, touchgfx::meta::Nil> >, (unsigned short)1>::element_size()
 .text._ZN8touchgfx9PartitionINS_4meta8TypeListI16Screen2PresenterNS2_INS1_3NilES4_EEEELt1EE7elementEt
                0x90001de4        0x8 TouchGFX/build/STM32F7508-DK/TouchGFX/target/generated/TouchGFXConfiguration.o
                0x90001de4                touchgfx::Partition<touchgfx::meta::TypeList<Screen2Presenter, touchgfx::meta::TypeList<touchgfx::meta::Nil, touchgfx::meta::Nil> >, (unsigned short)1>::element(unsigned short)
 .text._ZNK8touchgfx9PartitionINS_4meta8TypeListI16Screen2PresenterNS2_INS1_3NilES4_EEEELt1EE7elementEt
                0x90001dec        0x8 TouchGFX/build/STM32F7508-DK/TouchGFX/target/generated/TouchGFXConfiguration.o
                0x90001dec                touchgfx::Partition<touchgfx::meta::TypeList<Screen2Presenter, touchgfx::meta::TypeList<touchgfx::meta::Nil, touchgfx::meta::Nil> >, (unsigned short)1>::element(unsigned short) const
 .text._ZN16FrontendHeapBase15gotoStartScreenER19FrontendApplication
                0x90001df4        0x6 TouchGFX/build/STM32F7508-DK/TouchGFX/target/generated/TouchGFXConfiguration.o
                0x90001df4                FrontendHeapBase::gotoStartScreen(FrontendApplication&)
 *fill*         0x90001dfa        0x2 
 .text._ZN8touchgfx9PartitionINS_4meta8TypeListINS_15SlideTransitionILNS_9DirectionE2EEENS2_INS1_3NilES6_EEEELt1EED2Ev
                0x90001dfc       0x14 TouchGFX/build/STM32F7508-DK/TouchGFX/target/generated/TouchGFXConfiguration.o
                0x90001dfc                touchgfx::Partition<touchgfx::meta::TypeList<touchgfx::SlideTransition<(touchgfx::Direction)2>, touchgfx::meta::TypeList<touchgfx::meta::Nil, touchgfx::meta::Nil> >, (unsigned short)1>::~Partition()
                0x90001dfc                touchgfx::Partition<touchgfx::meta::TypeList<touchgfx::SlideTransition<(touchgfx::Direction)2>, touchgfx::meta::TypeList<touchgfx::meta::Nil, touchgfx::meta::Nil> >, (unsigned short)1>::~Partition()
 .text._ZN8touchgfx9PartitionINS_4meta8TypeListINS_15SlideTransitionILNS_9DirectionE2EEENS2_INS1_3NilES6_EEEELt1EED0Ev
                0x90001e10       0x14 TouchGFX/build/STM32F7508-DK/TouchGFX/target/generated/TouchGFXConfiguration.o
                0x90001e10                touchgfx::Partition<touchgfx::meta::TypeList<touchgfx::SlideTransition<(touchgfx::Direction)2>, touchgfx::meta::TypeList<touchgfx::meta::Nil, touchgfx::meta::Nil> >, (unsigned short)1>::~Partition()
 .text._ZN8touchgfx9PartitionINS_4meta8TypeListI11Screen1ViewNS2_INS1_3NilES4_EEEELt1EED2Ev
                0x90001e24       0x14 TouchGFX/build/STM32F7508-DK/TouchGFX/target/generated/TouchGFXConfiguration.o
                0x90001e24                touchgfx::Partition<touchgfx::meta::TypeList<Screen1View, touchgfx::meta::TypeList<touchgfx::meta::Nil, touchgfx::meta::Nil> >, (unsigned short)1>::~Partition()
                0x90001e24                touchgfx::Partition<touchgfx::meta::TypeList<Screen1View, touchgfx::meta::TypeList<touchgfx::meta::Nil, touchgfx::meta::Nil> >, (unsigned short)1>::~Partition()
 .text._ZN8touchgfx9PartitionINS_4meta8TypeListI11Screen1ViewNS2_INS1_3NilES4_EEEELt1EED0Ev
                0x90001e38       0x16 TouchGFX/build/STM32F7508-DK/TouchGFX/target/generated/TouchGFXConfiguration.o
                0x90001e38                touchgfx::Partition<touchgfx::meta::TypeList<Screen1View, touchgfx::meta::TypeList<touchgfx::meta::Nil, touchgfx::meta::Nil> >, (unsigned short)1>::~Partition()
 *fill*         0x90001e4e        0x2 
 .text._ZN8touchgfx9PartitionINS_4meta8TypeListI16Screen2PresenterNS2_INS1_3NilES4_EEEELt1EED2Ev
                0x90001e50       0x14 TouchGFX/build/STM32F7508-DK/TouchGFX/target/generated/TouchGFXConfiguration.o
                0x90001e50                touchgfx::Partition<touchgfx::meta::TypeList<Screen2Presenter, touchgfx::meta::TypeList<touchgfx::meta::Nil, touchgfx::meta::Nil> >, (unsigned short)1>::~Partition()
                0x90001e50                touchgfx::Partition<touchgfx::meta::TypeList<Screen2Presenter, touchgfx::meta::TypeList<touchgfx::meta::Nil, touchgfx::meta::Nil> >, (unsigned short)1>::~Partition()
 .text._ZN8touchgfx9PartitionINS_4meta8TypeListI16Screen2PresenterNS2_INS1_3NilES4_EEEELt1EED0Ev
                0x90001e64       0x14 TouchGFX/build/STM32F7508-DK/TouchGFX/target/generated/TouchGFXConfiguration.o
                0x90001e64                touchgfx::Partition<touchgfx::meta::TypeList<Screen2Presenter, touchgfx::meta::TypeList<touchgfx::meta::Nil, touchgfx::meta::Nil> >, (unsigned short)1>::~Partition()
 .text._ZN12FrontendHeapD2Ev
                0x90001e78       0x28 TouchGFX/build/STM32F7508-DK/TouchGFX/target/generated/TouchGFXConfiguration.o
                0x90001e78                FrontendHeap::~FrontendHeap()
                0x90001e78                FrontendHeap::~FrontendHeap()
 .text._ZN12FrontendHeapD0Ev
                0x90001ea0       0x16 TouchGFX/build/STM32F7508-DK/TouchGFX/target/generated/TouchGFXConfiguration.o
                0x90001ea0                FrontendHeap::~FrontendHeap()
 *fill*         0x90001eb6        0x2 
 .text.touchgfx_init
                0x90001eb8       0xec TouchGFX/build/STM32F7508-DK/TouchGFX/target/generated/TouchGFXConfiguration.o
                0x90001eb8                touchgfx_init
 .text.touchgfx_taskEntry
                0x90001fa4        0xc TouchGFX/build/STM32F7508-DK/TouchGFX/target/generated/TouchGFXConfiguration.o
                0x90001fa4                touchgfx_taskEntry
 .text._ZN20STM32TouchControllerD0Ev
                0x90001fb0        0xe TouchGFX/build/STM32F7508-DK/TouchGFX/target/generated/TouchGFXConfiguration.o
                0x90001fb0                STM32TouchController::~STM32TouchController()
 .text._ZN8touchgfx8LCD16bppD0Ev
                0x90001fbe        0xe TouchGFX/build/STM32F7508-DK/TouchGFX/target/generated/TouchGFXConfiguration.o
                0x90001fbe                touchgfx::LCD16bpp::~LCD16bpp()
 .text._ZN11TouchGFXHALD0Ev
                0x90001fcc        0xe TouchGFX/build/STM32F7508-DK/TouchGFX/target/generated/TouchGFXConfiguration.o
                0x90001fcc                TouchGFXHAL::~TouchGFXHAL()
 *fill*         0x90001fda        0x2 
 .text.startup._GLOBAL__sub_I_touchgfx_init
                0x90001fdc      0x13c TouchGFX/build/STM32F7508-DK/TouchGFX/target/generated/TouchGFXConfiguration.o
 .text._ZN8touchgfx25CortexMMCUInstrumentationD2Ev
                0x90002118        0x2 TouchGFX/build/STM32F7508-DK/TouchGFX/target/TouchGFXHAL.o
                0x90002118                touchgfx::CortexMMCUInstrumentation::~CortexMMCUInstrumentation()
                0x90002118                touchgfx::CortexMMCUInstrumentation::~CortexMMCUInstrumentation()
 *fill*         0x9000211a        0x2 
 .text._ZN11TouchGFXHAL10initializeEv
                0x9000211c       0x44 TouchGFX/build/STM32F7508-DK/TouchGFX/target/TouchGFXHAL.o
                0x9000211c                TouchGFXHAL::initialize()
 .text._ZN11TouchGFXHAL9taskEntryEv
                0x90002160       0x48 TouchGFX/build/STM32F7508-DK/TouchGFX/target/TouchGFXHAL.o
                0x90002160                TouchGFXHAL::taskEntry()
 .text._ZNK11TouchGFXHAL17getTFTFrameBufferEv
                0x900021a8        0x4 TouchGFX/build/STM32F7508-DK/TouchGFX/target/TouchGFXHAL.o
                0x900021a8                TouchGFXHAL::getTFTFrameBuffer() const
 .text._ZN11TouchGFXHAL17setTFTFrameBufferEPt
                0x900021ac        0x4 TouchGFX/build/STM32F7508-DK/TouchGFX/target/TouchGFXHAL.o
                0x900021ac                TouchGFXHAL::setTFTFrameBuffer(unsigned short*)
 .text._ZN11TouchGFXHAL16flushFrameBufferERKN8touchgfx4RectE
                0x900021b0       0x58 TouchGFX/build/STM32F7508-DK/TouchGFX/target/TouchGFXHAL.o
                0x900021b0                TouchGFXHAL::flushFrameBuffer(touchgfx::Rect const&)
 .text._ZN11TouchGFXHAL19configureInterruptsEv
                0x90002208        0x4 TouchGFX/build/STM32F7508-DK/TouchGFX/target/TouchGFXHAL.o
                0x90002208                TouchGFXHAL::configureInterrupts()
 .text._ZN11TouchGFXHAL16enableInterruptsEv
                0x9000220c        0x4 TouchGFX/build/STM32F7508-DK/TouchGFX/target/TouchGFXHAL.o
                0x9000220c                TouchGFXHAL::enableInterrupts()
 .text._ZN11TouchGFXHAL17disableInterruptsEv
                0x90002210        0x4 TouchGFX/build/STM32F7508-DK/TouchGFX/target/TouchGFXHAL.o
                0x90002210                TouchGFXHAL::disableInterrupts()
 .text._ZN11TouchGFXHAL28enableLCDControllerInterruptEv
                0x90002214        0x4 TouchGFX/build/STM32F7508-DK/TouchGFX/target/TouchGFXHAL.o
                0x90002214                TouchGFXHAL::enableLCDControllerInterrupt()
 .text._ZN11TouchGFXHAL16flushFrameBufferEv
                0x90002218        0x4 TouchGFX/build/STM32F7508-DK/TouchGFX/target/TouchGFXHAL.o
                0x90002218                TouchGFXHAL::flushFrameBuffer()
 .text._ZN8touchgfx25CortexMMCUInstrumentationD0Ev
                0x9000221c        0xe TouchGFX/build/STM32F7508-DK/TouchGFX/target/TouchGFXHAL.o
                0x9000221c                touchgfx::CortexMMCUInstrumentation::~CortexMMCUInstrumentation()
 *fill*         0x9000222a        0x2 
 .text.startup._GLOBAL__sub_I_instrumentation
                0x9000222c       0x24 TouchGFX/build/STM32F7508-DK/TouchGFX/target/TouchGFXHAL.o
 .text._ZN8touchgfx4GPIO4initEv
                0x90002250        0x2 TouchGFX/build/STM32F7508-DK/TouchGFX/target/TouchGFXGPIO.o
                0x90002250                touchgfx::GPIO::init()
 .text._ZN8touchgfx4GPIO3setENS0_7GPIO_IDE
                0x90002252        0x2 TouchGFX/build/STM32F7508-DK/TouchGFX/target/TouchGFXGPIO.o
                0x90002252                touchgfx::GPIO::set(touchgfx::GPIO::GPIO_ID)
 .text._ZN8touchgfx4GPIO5clearENS0_7GPIO_IDE
                0x90002254        0x2 TouchGFX/build/STM32F7508-DK/TouchGFX/target/TouchGFXGPIO.o
                0x90002254                touchgfx::GPIO::clear(touchgfx::GPIO::GPIO_ID)
 .text._ZN8touchgfx4GPIO6toggleENS0_7GPIO_IDE
                0x90002256        0x2 TouchGFX/build/STM32F7508-DK/TouchGFX/target/TouchGFXGPIO.o
                0x90002256                touchgfx::GPIO::toggle(touchgfx::GPIO::GPIO_ID)
 .text._ZN20STM32TouchController11sampleTouchERlS0_
                0x90002258       0x30 TouchGFX/build/STM32F7508-DK/TouchGFX/target/STM32TouchController.o
                0x90002258                STM32TouchController::sampleTouch(long&, long&)
 .text._ZN20STM32TouchController4initEv
                0x90002288       0x2c TouchGFX/build/STM32F7508-DK/TouchGFX/target/STM32TouchController.o
                0x90002288                STM32TouchController::init()
 .text._ZN8touchgfx18MCUInstrumentation13getCCConsumedEv
                0x900022b4        0x4 TouchGFX/build/STM32F7508-DK/TouchGFX/target/CortexMMCUInstrumentation.o
                0x900022b4                touchgfx::MCUInstrumentation::getCCConsumed()
 .text._ZN8touchgfx18MCUInstrumentation13setCCConsumedEm
                0x900022b8        0x4 TouchGFX/build/STM32F7508-DK/TouchGFX/target/CortexMMCUInstrumentation.o
                0x900022b8                touchgfx::MCUInstrumentation::setCCConsumed(unsigned long)
 .text._ZN8touchgfx25CortexMMCUInstrumentation4initEv
                0x900022bc       0x30 TouchGFX/build/STM32F7508-DK/TouchGFX/target/CortexMMCUInstrumentation.o
                0x900022bc                touchgfx::CortexMMCUInstrumentation::init()
 .text._ZN8touchgfx25CortexMMCUInstrumentation12getElapsedUSEjjj
                0x900022ec        0xc TouchGFX/build/STM32F7508-DK/TouchGFX/target/CortexMMCUInstrumentation.o
                0x900022ec                touchgfx::CortexMMCUInstrumentation::getElapsedUS(unsigned int, unsigned int, unsigned int)
 .text._ZN8touchgfx25CortexMMCUInstrumentation12getCPUCyclesEv
                0x900022f8        0xc TouchGFX/build/STM32F7508-DK/TouchGFX/target/CortexMMCUInstrumentation.o
                0x900022f8                touchgfx::CortexMMCUInstrumentation::getCPUCycles()
 .text._ZN8touchgfx25CortexMMCUInstrumentation12setMCUActiveEb
                0x90002304       0x1e TouchGFX/build/STM32F7508-DK/TouchGFX/target/CortexMMCUInstrumentation.o
                0x90002304                touchgfx::CortexMMCUInstrumentation::setMCUActive(bool)
 *fill*         0x90002322        0x2 
 .text.SystemInit
                0x90002324       0x60 TouchGFX/build/STM32F7508-DK/Core/Src/system_stm32f7xx.o
                0x90002324                SystemInit
 .text.StartDefaultTask
                0x90002384        0xa TouchGFX/build/STM32F7508-DK/Core/Src/main.o
                0x90002384                StartDefaultTask
 *fill*         0x9000238e        0x2 
 .text.SystemClock_Config
                0x90002390       0xcc TouchGFX/build/STM32F7508-DK/Core/Src/main.o
                0x90002390                SystemClock_Config
 .text.startup.main
                0x9000245c      0x460 TouchGFX/build/STM32F7508-DK/Core/Src/main.o
                0x9000245c                main
 .text.HAL_TIM_PeriodElapsedCallback
                0x900028bc       0x14 TouchGFX/build/STM32F7508-DK/Core/Src/main.o
                0x900028bc                HAL_TIM_PeriodElapsedCallback
 .text.HAL_InitTick
                0x900028d0       0x78 TouchGFX/build/STM32F7508-DK/Core/Src/stm32f7xx_hal_timebase_tim.o
                0x900028d0                HAL_InitTick
 .text.HAL_MspInit
                0x90002948       0x3c TouchGFX/build/STM32F7508-DK/Core/Src/stm32f7xx_hal_msp.o
                0x90002948                HAL_MspInit
 .text.HAL_CAN_MspInit
                0x90002984       0xa8 TouchGFX/build/STM32F7508-DK/Core/Src/stm32f7xx_hal_msp.o
                0x90002984                HAL_CAN_MspInit
 .text.HAL_CRC_MspInit
                0x90002a2c       0x2c TouchGFX/build/STM32F7508-DK/Core/Src/stm32f7xx_hal_msp.o
                0x90002a2c                HAL_CRC_MspInit
 .text.HAL_DMA2D_MspInit
                0x90002a58       0x40 TouchGFX/build/STM32F7508-DK/Core/Src/stm32f7xx_hal_msp.o
                0x90002a58                HAL_DMA2D_MspInit
 .text.HAL_LTDC_MspInit
                0x90002a98      0x124 TouchGFX/build/STM32F7508-DK/Core/Src/stm32f7xx_hal_msp.o
                0x90002a98                HAL_LTDC_MspInit
 .text.HAL_UART_MspInit
                0x90002bbc       0x94 TouchGFX/build/STM32F7508-DK/Core/Src/stm32f7xx_hal_msp.o
                0x90002bbc                HAL_UART_MspInit
 .text.HAL_SDRAM_MspInit
                0x90002c50       0xd8 TouchGFX/build/STM32F7508-DK/Core/Src/stm32f7xx_hal_msp.o
                0x90002c50                HAL_SDRAM_MspInit
 .text.HAL_SDRAM_MspDeInit
                0x90002d28       0x74 TouchGFX/build/STM32F7508-DK/Core/Src/stm32f7xx_hal_msp.o
                0x90002d28                HAL_SDRAM_MspDeInit
 .text.vApplicationIdleHook
                0x90002d9c        0x2 TouchGFX/build/STM32F7508-DK/Core/Src/freertos.o
                0x90002d9c                vApplicationIdleHook
 .text.NMI_Handler
                0x90002d9e        0x2 TouchGFX/build/STM32F7508-DK/Core/Src/stm32f7xx_it.o
                0x90002d9e                NMI_Handler
 .text.HardFault_Handler
                0x90002da0        0x2 TouchGFX/build/STM32F7508-DK/Core/Src/stm32f7xx_it.o
                0x90002da0                HardFault_Handler
 .text.MemManage_Handler
                0x90002da2        0x2 TouchGFX/build/STM32F7508-DK/Core/Src/stm32f7xx_it.o
                0x90002da2                MemManage_Handler
 .text.BusFault_Handler
                0x90002da4        0x2 TouchGFX/build/STM32F7508-DK/Core/Src/stm32f7xx_it.o
                0x90002da4                BusFault_Handler
 .text.UsageFault_Handler
                0x90002da6        0x2 TouchGFX/build/STM32F7508-DK/Core/Src/stm32f7xx_it.o
                0x90002da6                UsageFault_Handler
 .text.DebugMon_Handler
                0x90002da8        0x2 TouchGFX/build/STM32F7508-DK/Core/Src/stm32f7xx_it.o
                0x90002da8                DebugMon_Handler
 *fill*         0x90002daa        0x2 
 .text.CAN1_TX_IRQHandler
                0x90002dac        0xc TouchGFX/build/STM32F7508-DK/Core/Src/stm32f7xx_it.o
                0x90002dac                CAN1_TX_IRQHandler
 .text.CAN1_RX0_IRQHandler
                0x90002db8        0x4 TouchGFX/build/STM32F7508-DK/Core/Src/stm32f7xx_it.o
                0x90002db8                CAN1_RX0_IRQHandler
 .text.CAN1_RX1_IRQHandler
                0x90002dbc        0x4 TouchGFX/build/STM32F7508-DK/Core/Src/stm32f7xx_it.o
                0x90002dbc                CAN1_RX1_IRQHandler
 .text.CAN1_SCE_IRQHandler
                0x90002dc0        0x4 TouchGFX/build/STM32F7508-DK/Core/Src/stm32f7xx_it.o
                0x90002dc0                CAN1_SCE_IRQHandler
 .text.TIM6_DAC_IRQHandler
                0x90002dc4        0xc TouchGFX/build/STM32F7508-DK/Core/Src/stm32f7xx_it.o
                0x90002dc4                TIM6_DAC_IRQHandler
 .text.LTDC_IRQHandler
                0x90002dd0        0xc TouchGFX/build/STM32F7508-DK/Core/Src/stm32f7xx_it.o
                0x90002dd0                LTDC_IRQHandler
 .text.DMA2D_IRQHandler
                0x90002ddc        0xc TouchGFX/build/STM32F7508-DK/Core/Src/stm32f7xx_it.o
                0x90002ddc                DMA2D_IRQHandler
 .text.HAL_Init
                0x90002de8       0x2c TouchGFX/build/STM32F7508-DK/Drivers/STM32F7xx_HAL_Driver/Src/stm32f7xx_hal.o
                0x90002de8                HAL_Init
 .text.HAL_IncTick
                0x90002e14       0x18 TouchGFX/build/STM32F7508-DK/Drivers/STM32F7xx_HAL_Driver/Src/stm32f7xx_hal.o
                0x90002e14                HAL_IncTick
 .text.HAL_GetTick
                0x90002e2c        0xc TouchGFX/build/STM32F7508-DK/Drivers/STM32F7xx_HAL_Driver/Src/stm32f7xx_hal.o
                0x90002e2c                HAL_GetTick
 .text.HAL_Delay
                0x90002e38       0x24 TouchGFX/build/STM32F7508-DK/Drivers/STM32F7xx_HAL_Driver/Src/stm32f7xx_hal.o
                0x90002e38                HAL_Delay
 .text.UART_SetConfig
                0x90002e5c      0x268 TouchGFX/build/STM32F7508-DK/Drivers/STM32F7xx_HAL_Driver/Src/stm32f7xx_hal_uart.o
                0x90002e5c                UART_SetConfig
 .text.UART_AdvFeatureConfig
                0x900030c4       0xb8 TouchGFX/build/STM32F7508-DK/Drivers/STM32F7xx_HAL_Driver/Src/stm32f7xx_hal_uart.o
                0x900030c4                UART_AdvFeatureConfig
 .text.UART_WaitOnFlagUntilTimeout
                0x9000317c       0x8c TouchGFX/build/STM32F7508-DK/Drivers/STM32F7xx_HAL_Driver/Src/stm32f7xx_hal_uart.o
                0x9000317c                UART_WaitOnFlagUntilTimeout
 .text.UART_CheckIdleState
                0x90003208       0x44 TouchGFX/build/STM32F7508-DK/Drivers/STM32F7xx_HAL_Driver/Src/stm32f7xx_hal_uart.o
                0x90003208                UART_CheckIdleState
 .text.HAL_UART_Init
                0x9000324c       0x60 TouchGFX/build/STM32F7508-DK/Drivers/STM32F7xx_HAL_Driver/Src/stm32f7xx_hal_uart.o
                0x9000324c                HAL_UART_Init
 .text.HAL_RCCEx_PeriphCLKConfig
                0x900032ac      0x548 TouchGFX/build/STM32F7508-DK/Drivers/STM32F7xx_HAL_Driver/Src/stm32f7xx_hal_rcc_ex.o
                0x900032ac                HAL_RCCEx_PeriphCLKConfig
 .text.HAL_CRC_Init
                0x900037f4       0x78 TouchGFX/build/STM32F7508-DK/Drivers/STM32F7xx_HAL_Driver/Src/stm32f7xx_hal_crc.o
                0x900037f4                HAL_CRC_Init
 .text.LTDC_SetConfig
                0x9000386c      0x148 TouchGFX/build/STM32F7508-DK/Drivers/STM32F7xx_HAL_Driver/Src/stm32f7xx_hal_ltdc.o
 .text.HAL_LTDC_Init
                0x900039b4       0xf4 TouchGFX/build/STM32F7508-DK/Drivers/STM32F7xx_HAL_Driver/Src/stm32f7xx_hal_ltdc.o
                0x900039b4                HAL_LTDC_Init
 .text.HAL_LTDC_ErrorCallback
                0x90003aa8        0x2 TouchGFX/build/STM32F7508-DK/Drivers/STM32F7xx_HAL_Driver/Src/stm32f7xx_hal_ltdc.o
                0x90003aa8                HAL_LTDC_ErrorCallback
 .text.HAL_LTDC_ReloadEventCallback
                0x90003aaa        0x2 TouchGFX/build/STM32F7508-DK/Drivers/STM32F7xx_HAL_Driver/Src/stm32f7xx_hal_ltdc.o
                0x90003aaa                HAL_LTDC_ReloadEventCallback
 .text.HAL_LTDC_IRQHandler
                0x90003aac       0xc2 TouchGFX/build/STM32F7508-DK/Drivers/STM32F7xx_HAL_Driver/Src/stm32f7xx_hal_ltdc.o
                0x90003aac                HAL_LTDC_IRQHandler
 .text.HAL_LTDC_ConfigLayer
                0x90003b6e       0x52 TouchGFX/build/STM32F7508-DK/Drivers/STM32F7xx_HAL_Driver/Src/stm32f7xx_hal_ltdc.o
                0x90003b6e                HAL_LTDC_ConfigLayer
 .text.HAL_LTDC_ProgramLineEvent
                0x90003bc0       0x40 TouchGFX/build/STM32F7508-DK/Drivers/STM32F7xx_HAL_Driver/Src/stm32f7xx_hal_ltdc.o
                0x90003bc0                HAL_LTDC_ProgramLineEvent
 .text.HAL_PWREx_EnableOverDrive
                0x90003c00       0x70 TouchGFX/build/STM32F7508-DK/Drivers/STM32F7xx_HAL_Driver/Src/stm32f7xx_hal_pwr_ex.o
                0x90003c00                HAL_PWREx_EnableOverDrive
 .text.HAL_SDRAM_Init
                0x90003c70       0x40 TouchGFX/build/STM32F7508-DK/Drivers/STM32F7xx_HAL_Driver/Src/stm32f7xx_hal_sdram.o
                0x90003c70                HAL_SDRAM_Init
 .text.HAL_SDRAM_DeInit
                0x90003cb0       0x1c TouchGFX/build/STM32F7508-DK/Drivers/STM32F7xx_HAL_Driver/Src/stm32f7xx_hal_sdram.o
                0x90003cb0                HAL_SDRAM_DeInit
 .text.HAL_SDRAM_SendCommand
                0x90003ccc       0x2e TouchGFX/build/STM32F7508-DK/Drivers/STM32F7xx_HAL_Driver/Src/stm32f7xx_hal_sdram.o
                0x90003ccc                HAL_SDRAM_SendCommand
 .text.HAL_SDRAM_ProgramRefreshRate
                0x90003cfa       0x24 TouchGFX/build/STM32F7508-DK/Drivers/STM32F7xx_HAL_Driver/Src/stm32f7xx_hal_sdram.o
                0x90003cfa                HAL_SDRAM_ProgramRefreshRate
 *fill*         0x90003d1e        0x2 
 .text.HAL_RCC_OscConfig
                0x90003d20      0x368 TouchGFX/build/STM32F7508-DK/Drivers/STM32F7xx_HAL_Driver/Src/stm32f7xx_hal_rcc.o
                0x90003d20                HAL_RCC_OscConfig
 .text.HAL_RCC_GetSysClockFreq
                0x90004088       0x5c TouchGFX/build/STM32F7508-DK/Drivers/STM32F7xx_HAL_Driver/Src/stm32f7xx_hal_rcc.o
                0x90004088                HAL_RCC_GetSysClockFreq
 .text.HAL_RCC_ClockConfig
                0x900040e4      0x144 TouchGFX/build/STM32F7508-DK/Drivers/STM32F7xx_HAL_Driver/Src/stm32f7xx_hal_rcc.o
                0x900040e4                HAL_RCC_ClockConfig
 .text.HAL_RCC_GetPCLK1Freq
                0x90004228       0x20 TouchGFX/build/STM32F7508-DK/Drivers/STM32F7xx_HAL_Driver/Src/stm32f7xx_hal_rcc.o
                0x90004228                HAL_RCC_GetPCLK1Freq
 .text.HAL_RCC_GetPCLK2Freq
                0x90004248       0x20 TouchGFX/build/STM32F7508-DK/Drivers/STM32F7xx_HAL_Driver/Src/stm32f7xx_hal_rcc.o
                0x90004248                HAL_RCC_GetPCLK2Freq
 .text.HAL_RCC_GetClockConfig
                0x90004268       0x3c TouchGFX/build/STM32F7508-DK/Drivers/STM32F7xx_HAL_Driver/Src/stm32f7xx_hal_rcc.o
                0x90004268                HAL_RCC_GetClockConfig
 .text.I2C_Flush_TXDR
                0x900042a4       0x1e TouchGFX/build/STM32F7508-DK/Drivers/STM32F7xx_HAL_Driver/Src/stm32f7xx_hal_i2c.o
 *fill*         0x900042c2        0x2 
 .text.I2C_TransferConfig
                0x900042c4       0x28 TouchGFX/build/STM32F7508-DK/Drivers/STM32F7xx_HAL_Driver/Src/stm32f7xx_hal_i2c.o
 .text.I2C_IsAcknowledgeFailed
                0x900042ec       0x7c TouchGFX/build/STM32F7508-DK/Drivers/STM32F7xx_HAL_Driver/Src/stm32f7xx_hal_i2c.o
 .text.I2C_WaitOnSTOPFlagUntilTimeout
                0x90004368       0x4a TouchGFX/build/STM32F7508-DK/Drivers/STM32F7xx_HAL_Driver/Src/stm32f7xx_hal_i2c.o
 .text.I2C_WaitOnFlagUntilTimeout
                0x900043b2       0x54 TouchGFX/build/STM32F7508-DK/Drivers/STM32F7xx_HAL_Driver/Src/stm32f7xx_hal_i2c.o
 .text.I2C_WaitOnTXISFlagUntilTimeout
                0x90004406       0x4e TouchGFX/build/STM32F7508-DK/Drivers/STM32F7xx_HAL_Driver/Src/stm32f7xx_hal_i2c.o
 .text.I2C_RequestMemoryWrite
                0x90004454       0x64 TouchGFX/build/STM32F7508-DK/Drivers/STM32F7xx_HAL_Driver/Src/stm32f7xx_hal_i2c.o
 .text.I2C_RequestMemoryRead
                0x900044b8       0x64 TouchGFX/build/STM32F7508-DK/Drivers/STM32F7xx_HAL_Driver/Src/stm32f7xx_hal_i2c.o
 .text.HAL_I2C_MspInit
                0x9000451c        0x2 TouchGFX/build/STM32F7508-DK/Drivers/STM32F7xx_HAL_Driver/Src/stm32f7xx_hal_i2c.o
                0x9000451c                HAL_I2C_MspInit
 .text.HAL_I2C_Init
                0x9000451e       0xb2 TouchGFX/build/STM32F7508-DK/Drivers/STM32F7xx_HAL_Driver/Src/stm32f7xx_hal_i2c.o
                0x9000451e                HAL_I2C_Init
 .text.HAL_I2C_MspDeInit
                0x900045d0        0x2 TouchGFX/build/STM32F7508-DK/Drivers/STM32F7xx_HAL_Driver/Src/stm32f7xx_hal_i2c.o
                0x900045d0                HAL_I2C_MspDeInit
 .text.HAL_I2C_DeInit
                0x900045d2       0x32 TouchGFX/build/STM32F7508-DK/Drivers/STM32F7xx_HAL_Driver/Src/stm32f7xx_hal_i2c.o
                0x900045d2                HAL_I2C_DeInit
 .text.HAL_I2C_Mem_Write
                0x90004604      0x16c TouchGFX/build/STM32F7508-DK/Drivers/STM32F7xx_HAL_Driver/Src/stm32f7xx_hal_i2c.o