../../TouchGFX/gui/include/gui/model/ModelListener.hpp:22:18:virtual void ModelListener::dataRxed()	0	static
../../TouchGFX/gui/include/gui/dashboard_screen/DashboardPresenter.hpp:37:13:DashboardPresenter::~DashboardPresenter()	0	static
D:/ProgramFiles/STM32_workspace/stm32-mcu/Dashboard_Modules/TouchGFX/gui/src/dashboard_screen/DashboardPresenter.cpp:24:6:virtual void DashboardPresenter::activate()	0	static
D:/ProgramFiles/STM32_workspace/stm32-mcu/Dashboard_Modules/TouchGFX/gui/src/dashboard_screen/DashboardPresenter.cpp:42:6:virtual void DashboardPresenter::batteryTempUpdated(int)	0	static
../../TouchGFX/gui/include/gui/dashboard_screen/DashboardPresenter.hpp:37:13:virtual DashboardPresenter::~DashboardPresenter()	8	static
../../TouchGFX/gui/include/gui/dashboard_screen/DashboardPresenter.hpp:37:13:virtual void* DashboardPresenter::_ZThn4_N18DashboardPresenterD1Ev()	0	static
D:/ProgramFiles/STM32_workspace/stm32-mcu/Dashboard_Modules/TouchGFX/gui/src/dashboard_screen/DashboardPresenter.cpp:20:1:DashboardPresenter::DashboardPresenter(DashboardView&)	8	static
