../../TouchGFX/gui/include/gui/model/ModelListener.hpp:32:18:virtual void ModelListener::batteryTempUpdated(int)	0	static
../../TouchGFX/gui/include/gui/settings_screen/SettingsPresenter.hpp:28:13:SettingsPresenter::~SettingsPresenter()	0	static
D:/ProgramFiles/STM32_workspace/stm32-mcu/Dashboard_Modules/TouchGFX/gui/src/settings_screen/SettingsPresenter.cpp:10:6:virtual void SettingsPresenter::activate()	0	static
../../TouchGFX/gui/include/gui/settings_screen/SettingsPresenter.hpp:28:13:virtual SettingsPresenter::~SettingsPresenter()	8	static
../../TouchGFX/gui/include/gui/settings_screen/SettingsPresenter.hpp:28:13:virtual void* SettingsPresenter::_ZThn4_N17SettingsPresenterD1Ev()	0	static
D:/ProgramFiles/STM32_workspace/stm32-mcu/Dashboard_Modules/TouchGFX/gui/src/settings_screen/SettingsPresenter.cpp:4:1:SettingsPresenter::SettingsPresenter(SettingsView&)	8	static
