can_msg.c:4:23:pack_left_shift_u8	16	static
can_msg.c:12:23:pack_left_shift_u16	16	static
can_msg.c:20:23:pack_right_shift_u16	16	static
can_msg.c:28:24:unpack_left_shift_u16	16	static
can_msg.c:36:23:unpack_right_shift_u8	16	static
can_msg.c:44:24:unpack_right_shift_u16	16	static
can_msg.c:52:5:can_amk_inverter_amk1_set_points1_pack	32	static
can_msg.c:84:5:can_amk_inverter_amk1_set_points1_unpack	32	static
can_msg.c:114:9:can_amk_inverter_amk1_set_points1_amk_b_inverter_on_encode	24	static
can_msg.c:119:8:can_amk_inverter_amk1_set_points1_amk_b_inverter_on_decode	16	static
can_msg.c:124:6:can_amk_inverter_amk1_set_points1_amk_b_inverter_on_is_in_range	16	static
can_msg.c:129:9:can_amk_inverter_amk1_set_points1_amk_b_dc_on_encode	24	static
can_msg.c:134:8:can_amk_inverter_amk1_set_points1_amk_b_dc_on_decode	16	static
can_msg.c:139:6:can_amk_inverter_amk1_set_points1_amk_b_dc_on_is_in_range	16	static
can_msg.c:144:9:can_amk_inverter_amk1_set_points1_amk_b_enable_encode	24	static
can_msg.c:149:8:can_amk_inverter_amk1_set_points1_amk_b_enable_decode	16	static
can_msg.c:154:6:can_amk_inverter_amk1_set_points1_amk_b_enable_is_in_range	16	static
can_msg.c:159:9:can_amk_inverter_amk1_set_points1_amk_b_error_reset_encode	24	static
can_msg.c:164:8:can_amk_inverter_amk1_set_points1_amk_b_error_reset_decode	16	static
can_msg.c:169:6:can_amk_inverter_amk1_set_points1_amk_b_error_reset_is_in_range	16	static
can_msg.c:174:9:can_amk_inverter_amk1_set_points1_amk_target_velocity_encode	16	static
can_msg.c:179:8:can_amk_inverter_amk1_set_points1_amk_target_velocity_decode	16	static
can_msg.c:184:6:can_amk_inverter_amk1_set_points1_amk_target_velocity_is_in_range	16	static
can_msg.c:191:9:can_amk_inverter_amk1_set_points1_amk_torque_limit_positiv_encode	16	static
can_msg.c:196:8:can_amk_inverter_amk1_set_points1_amk_torque_limit_positiv_decode	16	static
can_msg.c:201:6:can_amk_inverter_amk1_set_points1_amk_torque_limit_positiv_is_in_range	16	static
can_msg.c:208:9:can_amk_inverter_amk1_set_points1_amk_torque_limit_negativ_encode	16	static
can_msg.c:213:8:can_amk_inverter_amk1_set_points1_amk_torque_limit_negativ_decode	16	static
can_msg.c:218:6:can_amk_inverter_amk1_set_points1_amk_torque_limit_negativ_is_in_range	16	static
can_msg.c:225:5:can_amk_inverter_amk1_actual_values2_pack	32	static
can_msg.c:255:5:can_amk_inverter_amk1_actual_values2_unpack	32	static
can_msg.c:283:9:can_amk_inverter_amk1_actual_values2_amk_temp_motor_encode	16	static
can_msg.c:288:8:can_amk_inverter_amk1_actual_values2_amk_temp_motor_decode	16	static
can_msg.c:293:6:can_amk_inverter_amk1_actual_values2_amk_temp_motor_is_in_range	16	static
can_msg.c:300:9:can_amk_inverter_amk1_actual_values2_amk_temp_inverter_encode	16	static
can_msg.c:305:8:can_amk_inverter_amk1_actual_values2_amk_temp_inverter_decode	16	static
can_msg.c:310:6:can_amk_inverter_amk1_actual_values2_amk_temp_inverter_is_in_range	16	static
can_msg.c:317:10:can_amk_inverter_amk1_actual_values2_amk_error_info_encode	16	static
can_msg.c:322:8:can_amk_inverter_amk1_actual_values2_amk_error_info_decode	16	static
can_msg.c:327:6:can_amk_inverter_amk1_actual_values2_amk_error_info_is_in_range	16	static
can_msg.c:334:9:can_amk_inverter_amk1_actual_values2_amk_temp_igbt_encode	16	static
can_msg.c:339:8:can_amk_inverter_amk1_actual_values2_amk_temp_igbt_decode	16	static
can_msg.c:344:6:can_amk_inverter_amk1_actual_values2_amk_temp_igbt_is_in_range	16	static
can_msg.c:351:5:can_amk_inverter_amk1_actual_values1_pack	32	static
can_msg.c:387:5:can_amk_inverter_amk1_actual_values1_unpack	32	static
can_msg.c:421:9:can_amk_inverter_amk1_actual_values1_amk_b_system_ready_encode	24	static
can_msg.c:426:8:can_amk_inverter_amk1_actual_values1_amk_b_system_ready_decode	16	static
can_msg.c:431:6:can_amk_inverter_amk1_actual_values1_amk_b_system_ready_is_in_range	16	static
can_msg.c:436:9:can_amk_inverter_amk1_actual_values1_amk_b_error_encode	24	static
can_msg.c:441:8:can_amk_inverter_amk1_actual_values1_amk_b_error_decode	16	static
can_msg.c:446:6:can_amk_inverter_amk1_actual_values1_amk_b_error_is_in_range	16	static
can_msg.c:451:9:can_amk_inverter_amk1_actual_values1_amk_b_warn_encode	24	static
can_msg.c:456:8:can_amk_inverter_amk1_actual_values1_amk_b_warn_decode	16	static
can_msg.c:461:6:can_amk_inverter_amk1_actual_values1_amk_b_warn_is_in_range	16	static
can_msg.c:466:9:can_amk_inverter_amk1_actual_values1_amk_b_quit_dc_on_encode	24	static
can_msg.c:471:8:can_amk_inverter_amk1_actual_values1_amk_b_quit_dc_on_decode	16	static
can_msg.c:476:6:can_amk_inverter_amk1_actual_values1_amk_b_quit_dc_on_is_in_range	16	static
can_msg.c:481:9:can_amk_inverter_amk1_actual_values1_amk_b_dc_on_encode	24	static
can_msg.c:486:8:can_amk_inverter_amk1_actual_values1_amk_b_dc_on_decode	16	static
can_msg.c:491:6:can_amk_inverter_amk1_actual_values1_amk_b_dc_on_is_in_range	16	static
can_msg.c:496:9:can_amk_inverter_amk1_actual_values1_amk_b_quit_inverter_on_encode	24	static
can_msg.c:501:8:can_amk_inverter_amk1_actual_values1_amk_b_quit_inverter_on_decode	16	static
can_msg.c:506:6:can_amk_inverter_amk1_actual_values1_amk_b_quit_inverter_on_is_in_range	16	static
can_msg.c:511:9:can_amk_inverter_amk1_actual_values1_amk_b_inverter_on_encode	24	static
can_msg.c:516:8:can_amk_inverter_amk1_actual_values1_amk_b_inverter_on_decode	16	static
can_msg.c:521:6:can_amk_inverter_amk1_actual_values1_amk_b_inverter_on_is_in_range	16	static
can_msg.c:526:9:can_amk_inverter_amk1_actual_values1_amk_b_derating_encode	24	static
can_msg.c:531:8:can_amk_inverter_amk1_actual_values1_amk_b_derating_decode	16	static
can_msg.c:536:6:can_amk_inverter_amk1_actual_values1_amk_b_derating_is_in_range	16	static
can_msg.c:541:9:can_amk_inverter_amk1_actual_values1_amk_actual_velocity_encode	16	static
can_msg.c:546:8:can_amk_inverter_amk1_actual_values1_amk_actual_velocity_decode	16	static
can_msg.c:551:6:can_amk_inverter_amk1_actual_values1_amk_actual_velocity_is_in_range	16	static
can_msg.c:558:9:can_amk_inverter_amk1_actual_values1_amk_torque_current_encode	16	static
can_msg.c:563:8:can_amk_inverter_amk1_actual_values1_amk_torque_current_decode	16	static
can_msg.c:568:6:can_amk_inverter_amk1_actual_values1_amk_torque_current_is_in_range	16	static
can_msg.c:575:9:can_amk_inverter_amk1_actual_values1_amk_magnetizing_current_encode	16	static
can_msg.c:580:8:can_amk_inverter_amk1_actual_values1_amk_magnetizing_current_decode	16	static
can_msg.c:585:6:can_amk_inverter_amk1_actual_values1_amk_magnetizing_current_is_in_range	16	static
can_msg.c:592:5:can_amk_inverter_amk0_actual_values1_pack	32	static
can_msg.c:628:5:can_amk_inverter_amk0_actual_values1_unpack	32	static
can_msg.c:662:9:can_amk_inverter_amk0_actual_values1_amk_b_system_ready_encode	24	static
can_msg.c:667:8:can_amk_inverter_amk0_actual_values1_amk_b_system_ready_decode	16	static
can_msg.c:672:6:can_amk_inverter_amk0_actual_values1_amk_b_system_ready_is_in_range	16	static
can_msg.c:677:9:can_amk_inverter_amk0_actual_values1_amk_b_error_encode	24	static
can_msg.c:682:8:can_amk_inverter_amk0_actual_values1_amk_b_error_decode	16	static
can_msg.c:687:6:can_amk_inverter_amk0_actual_values1_amk_b_error_is_in_range	16	static
can_msg.c:692:9:can_amk_inverter_amk0_actual_values1_amk_b_warn_encode	24	static
can_msg.c:697:8:can_amk_inverter_amk0_actual_values1_amk_b_warn_decode	16	static
can_msg.c:702:6:can_amk_inverter_amk0_actual_values1_amk_b_warn_is_in_range	16	static
can_msg.c:707:9:can_amk_inverter_amk0_actual_values1_amk_b_quit_dc_on_encode	24	static
can_msg.c:712:8:can_amk_inverter_amk0_actual_values1_amk_b_quit_dc_on_decode	16	static
can_msg.c:717:6:can_amk_inverter_amk0_actual_values1_amk_b_quit_dc_on_is_in_range	16	static
can_msg.c:722:9:can_amk_inverter_amk0_actual_values1_amk_b_dc_on_encode	24	static
can_msg.c:727:8:can_amk_inverter_amk0_actual_values1_amk_b_dc_on_decode	16	static
can_msg.c:732:6:can_amk_inverter_amk0_actual_values1_amk_b_dc_on_is_in_range	16	static
can_msg.c:737:9:can_amk_inverter_amk0_actual_values1_amk_b_quit_inverter_on_encode	24	static
can_msg.c:742:8:can_amk_inverter_amk0_actual_values1_amk_b_quit_inverter_on_decode	16	static
can_msg.c:747:6:can_amk_inverter_amk0_actual_values1_amk_b_quit_inverter_on_is_in_range	16	static
can_msg.c:752:9:can_amk_inverter_amk0_actual_values1_amk_b_inverter_on_encode	24	static
can_msg.c:757:8:can_amk_inverter_amk0_actual_values1_amk_b_inverter_on_decode	16	static
can_msg.c:762:6:can_amk_inverter_amk0_actual_values1_amk_b_inverter_on_is_in_range	16	static
can_msg.c:767:9:can_amk_inverter_amk0_actual_values1_amk_b_derating_encode	24	static
can_msg.c:772:8:can_amk_inverter_amk0_actual_values1_amk_b_derating_decode	16	static
can_msg.c:777:6:can_amk_inverter_amk0_actual_values1_amk_b_derating_is_in_range	16	static
can_msg.c:782:9:can_amk_inverter_amk0_actual_values1_amk_actual_velocity_encode	16	static
can_msg.c:787:8:can_amk_inverter_amk0_actual_values1_amk_actual_velocity_decode	16	static
can_msg.c:792:6:can_amk_inverter_amk0_actual_values1_amk_actual_velocity_is_in_range	16	static
can_msg.c:799:9:can_amk_inverter_amk0_actual_values1_amk_torque_current_encode	16	static
can_msg.c:804:8:can_amk_inverter_amk0_actual_values1_amk_torque_current_decode	16	static
can_msg.c:809:6:can_amk_inverter_amk0_actual_values1_amk_torque_current_is_in_range	16	static
can_msg.c:816:9:can_amk_inverter_amk0_actual_values1_amk_magnetizing_current_encode	16	static
can_msg.c:821:8:can_amk_inverter_amk0_actual_values1_amk_magnetizing_current_decode	16	static
can_msg.c:826:6:can_amk_inverter_amk0_actual_values1_amk_magnetizing_current_is_in_range	16	static
can_msg.c:833:5:can_amk_inverter_amk0_actual_values2_pack	32	static
can_msg.c:863:5:can_amk_inverter_amk0_actual_values2_unpack	32	static
can_msg.c:891:9:can_amk_inverter_amk0_actual_values2_amk_temp_motor_encode	16	static
can_msg.c:896:8:can_amk_inverter_amk0_actual_values2_amk_temp_motor_decode	16	static
can_msg.c:901:6:can_amk_inverter_amk0_actual_values2_amk_temp_motor_is_in_range	16	static
can_msg.c:908:9:can_amk_inverter_amk0_actual_values2_amk_temp_inverter_encode	16	static
can_msg.c:913:8:can_amk_inverter_amk0_actual_values2_amk_temp_inverter_decode	16	static
can_msg.c:918:6:can_amk_inverter_amk0_actual_values2_amk_temp_inverter_is_in_range	16	static
can_msg.c:925:10:can_amk_inverter_amk0_actual_values2_amk_error_info_encode	16	static
can_msg.c:930:8:can_amk_inverter_amk0_actual_values2_amk_error_info_decode	16	static
can_msg.c:935:6:can_amk_inverter_amk0_actual_values2_amk_error_info_is_in_range	16	static
can_msg.c:942:9:can_amk_inverter_amk0_actual_values2_amk_temp_igbt_encode	16	static
can_msg.c:947:8:can_amk_inverter_amk0_actual_values2_amk_temp_igbt_decode	16	static
can_msg.c:952:6:can_amk_inverter_amk0_actual_values2_amk_temp_igbt_is_in_range	16	static
can_msg.c:959:5:can_amk_inverter_amk0_set_points1_pack	32	static
can_msg.c:991:5:can_amk_inverter_amk0_set_points1_unpack	32	static
can_msg.c:1021:9:can_amk_inverter_amk0_set_points1_amk_b_inverter_on_encode	24	static
can_msg.c:1026:8:can_amk_inverter_amk0_set_points1_amk_b_inverter_on_decode	16	static
can_msg.c:1031:6:can_amk_inverter_amk0_set_points1_amk_b_inverter_on_is_in_range	16	static
can_msg.c:1036:9:can_amk_inverter_amk0_set_points1_amk_b_dc_on_encode	24	static
can_msg.c:1041:8:can_amk_inverter_amk0_set_points1_amk_b_dc_on_decode	16	static
can_msg.c:1046:6:can_amk_inverter_amk0_set_points1_amk_b_dc_on_is_in_range	16	static
can_msg.c:1051:9:can_amk_inverter_amk0_set_points1_amk_b_enable_encode	24	static
can_msg.c:1056:8:can_amk_inverter_amk0_set_points1_amk_b_enable_decode	16	static
can_msg.c:1061:6:can_amk_inverter_amk0_set_points1_amk_b_enable_is_in_range	16	static
can_msg.c:1066:9:can_amk_inverter_amk0_set_points1_amk_b_error_reset_encode	24	static
can_msg.c:1071:8:can_amk_inverter_amk0_set_points1_amk_b_error_reset_decode	16	static
can_msg.c:1076:6:can_amk_inverter_amk0_set_points1_amk_b_error_reset_is_in_range	16	static
can_msg.c:1081:9:can_amk_inverter_amk0_set_points1_amk_target_velocity_encode	16	static
can_msg.c:1086:8:can_amk_inverter_amk0_set_points1_amk_target_velocity_decode	16	static
can_msg.c:1091:6:can_amk_inverter_amk0_set_points1_amk_target_velocity_is_in_range	16	static
can_msg.c:1098:9:can_amk_inverter_amk0_set_points1_amk_torque_limit_positiv_encode	16	static
can_msg.c:1103:8:can_amk_inverter_amk0_set_points1_amk_torque_limit_positiv_decode	16	static
can_msg.c:1108:6:can_amk_inverter_amk0_set_points1_amk_torque_limit_positiv_is_in_range	16	static
can_msg.c:1115:9:can_amk_inverter_amk0_set_points1_amk_torque_limit_negativ_encode	16	static
can_msg.c:1120:8:can_amk_inverter_amk0_set_points1_amk_torque_limit_negativ_decode	16	static
can_msg.c:1125:6:can_amk_inverter_amk0_set_points1_amk_torque_limit_negativ_is_in_range	16	static
