C:/Users/ridas/OneDrive/Desktop/Formula_Electric/dashboard-final/front-controller/stm32-mcu/FE_Dashboard/Drivers/STM32F7xx_HAL_Driver/Src/stm32f7xx_hal_i2c_ex.c:92:19:HAL_I2CEx_ConfigAnalogFilter	8	static
C:/Users/ridas/OneDrive/Desktop/Formula_Electric/dashboard-final/front-controller/stm32-mcu/FE_Dashboard/Drivers/STM32F7xx_HAL_Driver/Src/stm32f7xx_hal_i2c_ex.c:136:19:HAL_I2CEx_ConfigDigitalFilter	8	static
C:/Users/ridas/OneDrive/Desktop/Formula_Electric/dashboard-final/front-controller/stm32-mcu/FE_Dashboard/Drivers/STM32F7xx_HAL_Driver/Src/stm32f7xx_hal_i2c_ex.c:199:6:HAL_I2CEx_EnableFastModePlus	8	static
C:/Users/ridas/OneDrive/Desktop/Formula_Electric/dashboard-final/front-controller/stm32-mcu/FE_Dashboard/Drivers/STM32F7xx_HAL_Driver/Src/stm32f7xx_hal_i2c_ex.c:228:6:HAL_I2CEx_DisableFastModePlus	8	static
