C:/Users/ridas/OneDrive/Desktop/Formula_Electric/dashboard-final/front-controller/stm32-mcu/FE_Dashboard/Drivers/STM32F7xx_HAL_Driver/Src/stm32f7xx_hal_flash_ex.c:641:13:FLASH_MassErase	0	static,ignoring_inline_asm
C:/Users/ridas/OneDrive/Desktop/Formula_Electric/dashboard-final/front-controller/stm32-mcu/FE_Dashboard/Drivers/STM32F7xx_HAL_Driver/Src/stm32f7xx_hal_flash_ex.c:287:19:HAL_FLASHEx_OBProgram	16	static
C:/Users/ridas/OneDrive/Desktop/Formula_Electric/dashboard-final/front-controller/stm32-mcu/FE_Dashboard/Drivers/STM32F7xx_HAL_Driver/Src/stm32f7xx_hal_flash_ex.c:386:6:HAL_FLASHEx_OBGetConfig	0	static
C:/Users/ridas/OneDrive/Desktop/Formula_Electric/dashboard-final/front-controller/stm32-mcu/FE_Dashboard/Drivers/STM32F7xx_HAL_Driver/Src/stm32f7xx_hal_flash_ex.c:672:6:FLASH_Erase_Sector	0	static,ignoring_inline_asm
C:/Users/ridas/OneDrive/Desktop/Formula_Electric/dashboard-final/front-controller/stm32-mcu/FE_Dashboard/Drivers/STM32F7xx_HAL_Driver/Src/stm32f7xx_hal_flash_ex.c:158:19:HAL_FLASHEx_Erase	32	static
C:/Users/ridas/OneDrive/Desktop/Formula_Electric/dashboard-final/front-controller/stm32-mcu/FE_Dashboard/Drivers/STM32F7xx_HAL_Driver/Src/stm32f7xx_hal_flash_ex.c:231:19:HAL_FLASHEx_Erase_IT	8	static
