can_msg.c:5:23:pack_left_shift_u8	16	static
can_msg.c:13:23:pack_left_shift_u16	16	static
can_msg.c:21:23:pack_right_shift_u16	16	static
can_msg.c:29:24:unpack_left_shift_u16	16	static
can_msg.c:37:23:unpack_right_shift_u8	16	static
can_msg.c:45:24:unpack_right_shift_u16	16	static
can_msg.c:53:5:can_amk_inverter_amk1_set_points1_pack	32	static
can_msg.c:85:5:can_amk_inverter_amk1_set_points1_unpack	32	static
can_msg.c:115:9:can_amk_inverter_amk1_set_points1_amk_b_inverter_on_encode	24	static
can_msg.c:120:8:can_amk_inverter_amk1_set_points1_amk_b_inverter_on_decode	16	static
can_msg.c:125:6:can_amk_inverter_amk1_set_points1_amk_b_inverter_on_is_in_range	16	static
can_msg.c:130:9:can_amk_inverter_amk1_set_points1_amk_b_dc_on_encode	24	static
can_msg.c:135:8:can_amk_inverter_amk1_set_points1_amk_b_dc_on_decode	16	static
can_msg.c:140:6:can_amk_inverter_amk1_set_points1_amk_b_dc_on_is_in_range	16	static
can_msg.c:145:9:can_amk_inverter_amk1_set_points1_amk_b_enable_encode	24	static
can_msg.c:150:8:can_amk_inverter_amk1_set_points1_amk_b_enable_decode	16	static
can_msg.c:155:6:can_amk_inverter_amk1_set_points1_amk_b_enable_is_in_range	16	static
can_msg.c:160:9:can_amk_inverter_amk1_set_points1_amk_b_error_reset_encode	24	static
can_msg.c:165:8:can_amk_inverter_amk1_set_points1_amk_b_error_reset_decode	16	static
can_msg.c:170:6:can_amk_inverter_amk1_set_points1_amk_b_error_reset_is_in_range	16	static
can_msg.c:175:9:can_amk_inverter_amk1_set_points1_amk_target_velocity_encode	16	static
can_msg.c:180:8:can_amk_inverter_amk1_set_points1_amk_target_velocity_decode	16	static
can_msg.c:185:6:can_amk_inverter_amk1_set_points1_amk_target_velocity_is_in_range	16	static
can_msg.c:192:9:can_amk_inverter_amk1_set_points1_amk_torque_limit_positiv_encode	16	static
can_msg.c:197:8:can_amk_inverter_amk1_set_points1_amk_torque_limit_positiv_decode	16	static
can_msg.c:202:6:can_amk_inverter_amk1_set_points1_amk_torque_limit_positiv_is_in_range	16	static
can_msg.c:209:9:can_amk_inverter_amk1_set_points1_amk_torque_limit_negativ_encode	16	static
can_msg.c:214:8:can_amk_inverter_amk1_set_points1_amk_torque_limit_negativ_decode	16	static
can_msg.c:219:6:can_amk_inverter_amk1_set_points1_amk_torque_limit_negativ_is_in_range	16	static
can_msg.c:226:5:can_amk_inverter_amk1_actual_values2_pack	32	static
can_msg.c:256:5:can_amk_inverter_amk1_actual_values2_unpack	32	static
can_msg.c:284:9:can_amk_inverter_amk1_actual_values2_amk_temp_motor_encode	16	static
can_msg.c:289:8:can_amk_inverter_amk1_actual_values2_amk_temp_motor_decode	16	static
can_msg.c:294:6:can_amk_inverter_amk1_actual_values2_amk_temp_motor_is_in_range	16	static
can_msg.c:301:9:can_amk_inverter_amk1_actual_values2_amk_temp_inverter_encode	16	static
can_msg.c:306:8:can_amk_inverter_amk1_actual_values2_amk_temp_inverter_decode	16	static
can_msg.c:311:6:can_amk_inverter_amk1_actual_values2_amk_temp_inverter_is_in_range	16	static
can_msg.c:318:10:can_amk_inverter_amk1_actual_values2_amk_error_info_encode	16	static
can_msg.c:323:8:can_amk_inverter_amk1_actual_values2_amk_error_info_decode	16	static
can_msg.c:328:6:can_amk_inverter_amk1_actual_values2_amk_error_info_is_in_range	16	static
can_msg.c:335:9:can_amk_inverter_amk1_actual_values2_amk_temp_igbt_encode	16	static
can_msg.c:340:8:can_amk_inverter_amk1_actual_values2_amk_temp_igbt_decode	16	static
can_msg.c:345:6:can_amk_inverter_amk1_actual_values2_amk_temp_igbt_is_in_range	16	static
can_msg.c:352:5:can_amk_inverter_amk1_actual_values1_pack	32	static
can_msg.c:388:5:can_amk_inverter_amk1_actual_values1_unpack	32	static
can_msg.c:422:9:can_amk_inverter_amk1_actual_values1_amk_b_system_ready_encode	24	static
can_msg.c:427:8:can_amk_inverter_amk1_actual_values1_amk_b_system_ready_decode	16	static
can_msg.c:432:6:can_amk_inverter_amk1_actual_values1_amk_b_system_ready_is_in_range	16	static
can_msg.c:437:9:can_amk_inverter_amk1_actual_values1_amk_b_error_encode	24	static
can_msg.c:442:8:can_amk_inverter_amk1_actual_values1_amk_b_error_decode	16	static
can_msg.c:447:6:can_amk_inverter_amk1_actual_values1_amk_b_error_is_in_range	16	static
can_msg.c:452:9:can_amk_inverter_amk1_actual_values1_amk_b_warn_encode	24	static
can_msg.c:457:8:can_amk_inverter_amk1_actual_values1_amk_b_warn_decode	16	static
can_msg.c:462:6:can_amk_inverter_amk1_actual_values1_amk_b_warn_is_in_range	16	static
can_msg.c:467:9:can_amk_inverter_amk1_actual_values1_amk_b_quit_dc_on_encode	24	static
can_msg.c:472:8:can_amk_inverter_amk1_actual_values1_amk_b_quit_dc_on_decode	16	static
can_msg.c:477:6:can_amk_inverter_amk1_actual_values1_amk_b_quit_dc_on_is_in_range	16	static
can_msg.c:482:9:can_amk_inverter_amk1_actual_values1_amk_b_dc_on_encode	24	static
can_msg.c:487:8:can_amk_inverter_amk1_actual_values1_amk_b_dc_on_decode	16	static
can_msg.c:492:6:can_amk_inverter_amk1_actual_values1_amk_b_dc_on_is_in_range	16	static
can_msg.c:497:9:can_amk_inverter_amk1_actual_values1_amk_b_quit_inverter_on_encode	24	static
can_msg.c:502:8:can_amk_inverter_amk1_actual_values1_amk_b_quit_inverter_on_decode	16	static
can_msg.c:507:6:can_amk_inverter_amk1_actual_values1_amk_b_quit_inverter_on_is_in_range	16	static
can_msg.c:512:9:can_amk_inverter_amk1_actual_values1_amk_b_inverter_on_encode	24	static
can_msg.c:517:8:can_amk_inverter_amk1_actual_values1_amk_b_inverter_on_decode	16	static
can_msg.c:522:6:can_amk_inverter_amk1_actual_values1_amk_b_inverter_on_is_in_range	16	static
can_msg.c:527:9:can_amk_inverter_amk1_actual_values1_amk_b_derating_encode	24	static
can_msg.c:532:8:can_amk_inverter_amk1_actual_values1_amk_b_derating_decode	16	static
can_msg.c:537:6:can_amk_inverter_amk1_actual_values1_amk_b_derating_is_in_range	16	static
can_msg.c:542:9:can_amk_inverter_amk1_actual_values1_amk_actual_velocity_encode	16	static
can_msg.c:547:8:can_amk_inverter_amk1_actual_values1_amk_actual_velocity_decode	16	static
can_msg.c:552:6:can_amk_inverter_amk1_actual_values1_amk_actual_velocity_is_in_range	16	static
can_msg.c:559:9:can_amk_inverter_amk1_actual_values1_amk_torque_current_encode	16	static
can_msg.c:564:8:can_amk_inverter_amk1_actual_values1_amk_torque_current_decode	16	static
can_msg.c:569:6:can_amk_inverter_amk1_actual_values1_amk_torque_current_is_in_range	16	static
can_msg.c:576:9:can_amk_inverter_amk1_actual_values1_amk_magnetizing_current_encode	16	static
can_msg.c:581:8:can_amk_inverter_amk1_actual_values1_amk_magnetizing_current_decode	16	static
can_msg.c:586:6:can_amk_inverter_amk1_actual_values1_amk_magnetizing_current_is_in_range	16	static
can_msg.c:593:5:can_amk_inverter_amk0_actual_values1_pack	32	static
can_msg.c:629:5:can_amk_inverter_amk0_actual_values1_unpack	32	static
can_msg.c:663:9:can_amk_inverter_amk0_actual_values1_amk_b_system_ready_encode	24	static
can_msg.c:668:8:can_amk_inverter_amk0_actual_values1_amk_b_system_ready_decode	16	static
can_msg.c:673:6:can_amk_inverter_amk0_actual_values1_amk_b_system_ready_is_in_range	16	static
can_msg.c:678:9:can_amk_inverter_amk0_actual_values1_amk_b_error_encode	24	static
can_msg.c:683:8:can_amk_inverter_amk0_actual_values1_amk_b_error_decode	16	static
can_msg.c:688:6:can_amk_inverter_amk0_actual_values1_amk_b_error_is_in_range	16	static
can_msg.c:693:9:can_amk_inverter_amk0_actual_values1_amk_b_warn_encode	24	static
can_msg.c:698:8:can_amk_inverter_amk0_actual_values1_amk_b_warn_decode	16	static
can_msg.c:703:6:can_amk_inverter_amk0_actual_values1_amk_b_warn_is_in_range	16	static
can_msg.c:708:9:can_amk_inverter_amk0_actual_values1_amk_b_quit_dc_on_encode	24	static
can_msg.c:713:8:can_amk_inverter_amk0_actual_values1_amk_b_quit_dc_on_decode	16	static
can_msg.c:718:6:can_amk_inverter_amk0_actual_values1_amk_b_quit_dc_on_is_in_range	16	static
can_msg.c:723:9:can_amk_inverter_amk0_actual_values1_amk_b_dc_on_encode	24	static
can_msg.c:728:8:can_amk_inverter_amk0_actual_values1_amk_b_dc_on_decode	16	static
can_msg.c:733:6:can_amk_inverter_amk0_actual_values1_amk_b_dc_on_is_in_range	16	static
can_msg.c:738:9:can_amk_inverter_amk0_actual_values1_amk_b_quit_inverter_on_encode	24	static
can_msg.c:743:8:can_amk_inverter_amk0_actual_values1_amk_b_quit_inverter_on_decode	16	static
can_msg.c:748:6:can_amk_inverter_amk0_actual_values1_amk_b_quit_inverter_on_is_in_range	16	static
can_msg.c:753:9:can_amk_inverter_amk0_actual_values1_amk_b_inverter_on_encode	24	static
can_msg.c:758:8:can_amk_inverter_amk0_actual_values1_amk_b_inverter_on_decode	16	static
can_msg.c:763:6:can_amk_inverter_amk0_actual_values1_amk_b_inverter_on_is_in_range	16	static
can_msg.c:768:9:can_amk_inverter_amk0_actual_values1_amk_b_derating_encode	24	static
can_msg.c:773:8:can_amk_inverter_amk0_actual_values1_amk_b_derating_decode	16	static
can_msg.c:778:6:can_amk_inverter_amk0_actual_values1_amk_b_derating_is_in_range	16	static
can_msg.c:783:9:can_amk_inverter_amk0_actual_values1_amk_actual_velocity_encode	16	static
can_msg.c:788:8:can_amk_inverter_amk0_actual_values1_amk_actual_velocity_decode	16	static
can_msg.c:793:6:can_amk_inverter_amk0_actual_values1_amk_actual_velocity_is_in_range	16	static
can_msg.c:800:9:can_amk_inverter_amk0_actual_values1_amk_torque_current_encode	16	static
can_msg.c:805:8:can_amk_inverter_amk0_actual_values1_amk_torque_current_decode	16	static
can_msg.c:810:6:can_amk_inverter_amk0_actual_values1_amk_torque_current_is_in_range	16	static
can_msg.c:817:9:can_amk_inverter_amk0_actual_values1_amk_magnetizing_current_encode	16	static
can_msg.c:822:8:can_amk_inverter_amk0_actual_values1_amk_magnetizing_current_decode	16	static
can_msg.c:827:6:can_amk_inverter_amk0_actual_values1_amk_magnetizing_current_is_in_range	16	static
can_msg.c:834:5:can_amk_inverter_amk0_actual_values2_pack	32	static
can_msg.c:864:5:can_amk_inverter_amk0_actual_values2_unpack	32	static
can_msg.c:892:9:can_amk_inverter_amk0_actual_values2_amk_temp_motor_encode	16	static
can_msg.c:897:8:can_amk_inverter_amk0_actual_values2_amk_temp_motor_decode	16	static
can_msg.c:902:6:can_amk_inverter_amk0_actual_values2_amk_temp_motor_is_in_range	16	static
can_msg.c:909:9:can_amk_inverter_amk0_actual_values2_amk_temp_inverter_encode	16	static
can_msg.c:914:8:can_amk_inverter_amk0_actual_values2_amk_temp_inverter_decode	16	static
can_msg.c:919:6:can_amk_inverter_amk0_actual_values2_amk_temp_inverter_is_in_range	16	static
can_msg.c:926:10:can_amk_inverter_amk0_actual_values2_amk_error_info_encode	16	static
can_msg.c:931:8:can_amk_inverter_amk0_actual_values2_amk_error_info_decode	16	static
can_msg.c:936:6:can_amk_inverter_amk0_actual_values2_amk_error_info_is_in_range	16	static
can_msg.c:943:9:can_amk_inverter_amk0_actual_values2_amk_temp_igbt_encode	16	static
can_msg.c:948:8:can_amk_inverter_amk0_actual_values2_amk_temp_igbt_decode	16	static
can_msg.c:953:6:can_amk_inverter_amk0_actual_values2_amk_temp_igbt_is_in_range	16	static
can_msg.c:960:5:can_amk_inverter_amk0_set_points1_pack	32	static
can_msg.c:992:5:can_amk_inverter_amk0_set_points1_unpack	32	static
can_msg.c:1022:9:can_amk_inverter_amk0_set_points1_amk_b_inverter_on_encode	24	static
can_msg.c:1027:8:can_amk_inverter_amk0_set_points1_amk_b_inverter_on_decode	16	static
can_msg.c:1032:6:can_amk_inverter_amk0_set_points1_amk_b_inverter_on_is_in_range	16	static
can_msg.c:1037:9:can_amk_inverter_amk0_set_points1_amk_b_dc_on_encode	24	static
can_msg.c:1042:8:can_amk_inverter_amk0_set_points1_amk_b_dc_on_decode	16	static
can_msg.c:1047:6:can_amk_inverter_amk0_set_points1_amk_b_dc_on_is_in_range	16	static
can_msg.c:1052:9:can_amk_inverter_amk0_set_points1_amk_b_enable_encode	24	static
can_msg.c:1057:8:can_amk_inverter_amk0_set_points1_amk_b_enable_decode	16	static
can_msg.c:1062:6:can_amk_inverter_amk0_set_points1_amk_b_enable_is_in_range	16	static
can_msg.c:1067:9:can_amk_inverter_amk0_set_points1_amk_b_error_reset_encode	24	static
can_msg.c:1072:8:can_amk_inverter_amk0_set_points1_amk_b_error_reset_decode	16	static
can_msg.c:1077:6:can_amk_inverter_amk0_set_points1_amk_b_error_reset_is_in_range	16	static
can_msg.c:1082:9:can_amk_inverter_amk0_set_points1_amk_target_velocity_encode	16	static
can_msg.c:1087:8:can_amk_inverter_amk0_set_points1_amk_target_velocity_decode	16	static
can_msg.c:1092:6:can_amk_inverter_amk0_set_points1_amk_target_velocity_is_in_range	16	static
can_msg.c:1099:9:can_amk_inverter_amk0_set_points1_amk_torque_limit_positiv_encode	16	static
can_msg.c:1104:8:can_amk_inverter_amk0_set_points1_amk_torque_limit_positiv_decode	16	static
can_msg.c:1109:6:can_amk_inverter_amk0_set_points1_amk_torque_limit_positiv_is_in_range	16	static
can_msg.c:1116:9:can_amk_inverter_amk0_set_points1_amk_torque_limit_negativ_encode	16	static
can_msg.c:1121:8:can_amk_inverter_amk0_set_points1_amk_torque_limit_negativ_decode	16	static
can_msg.c:1126:6:can_amk_inverter_amk0_set_points1_amk_torque_limit_negativ_is_in_range	16	static
