timer_pwm_lib.h:62:13:Var_Timer_Init	64	static
timer_pwm_lib.h:80:13:MX_TIM1_Init	120	static
timer_pwm_lib.h:166:13:MX_TIM2_Init	72	static
timer_pwm_lib.h:228:13:Timer_Init_Base	40	static
timer_pwm_lib.h:288:10:Calculate_Prescaler	24	static
timer_pwm_lib.h:301:13:Calculate_Timer_Period_Multiplier	16	static
timer_pwm_lib.h:319:13:PWM_Init	32	static
timer_pwm_lib.h:385:10:Calculate_Ticks_On_Per_Cycle	24	static
timer_pwm_lib.h:399:13:PWM_Stop	32	static
timer_pwm_lib.h:454:13:Timer_Stop	24	static
spi_lib.h:47:13:SPI_Accel_Init	16	static
spi_lib.h:57:13:SPI_Accel_Deinit	8	static
spi_lib.h:63:13:SPI_Accel_Transmit_Receive	32	static
spi_lib.h:68:13:SPI_Init	24	static
spi_lib.h:91:13:SPI_Datasize_Select	72	static
spi_lib.h:101:13:SPI_Calculate_Baudrate_Prescaler	24	static
spi_lib.h:151:13:SPI_Default_Configs	16	static
spi_lib.h:168:27:SPI_Select	24	static
spi_lib.h:204:13:SPI_Mode_Select	16	static
spi_lib.h:230:13:SPI_MSB_Select	16	static
spi_lib.h:247:13:SPI_Receive	24	static
spi_lib.h:254:13:SPI_Transmit	24	static
spi_lib.h:261:13:SPI_Transmit_Receive	32	static
spi_lib.h:268:13:SPI_Deinit	16	static
main.c:76:5:main	24	static
main.c:141:6:SystemClock_Config	88	static
main.c:181:13:MX_SPI4_Init	8	static
main.c:309:13:MX_GPIO_Init	56	static
main.c:428:6:Error_Handler	4	static,ignoring_inline_asm
