Drawable.hpp:269:18:virtual void touchgfx::Drawable::setX(int16_t)	0	static
Drawable.hpp:281:18:virtual void touchgfx::Drawable::setY(int16_t)	0	static
Drawable.hpp:310:18:virtual void touchgfx::Drawable::setWidth(int16_t)	0	static
Drawable.hpp:322:18:virtual void touchgfx::Drawable::setHeight(int16_t)	0	static
Drawable.hpp:332:18:virtual void touchgfx::Drawable::childGeometryChanged()	0	static
Drawable.hpp:343:18:virtual void touchgfx::Drawable::handleClickEvent(const touchgfx::ClickEvent&)	0	static
Drawable.hpp:354:18:virtual void touchgfx::Drawable::handleGestureEvent(const touchgfx::GestureEvent&)	0	static
Drawable.hpp:442:18:virtual void touchgfx::Drawable::handleDragEvent(const touchgfx::DragEvent&)	0	static
Drawable.hpp:452:18:virtual void touchgfx::Drawable::handleTickEvent()	0	static
Drawable.hpp:539:18:virtual void touchgfx::Drawable::moveTo(int16_t, int16_t)	4	static
Container.hpp:152:23:virtual touchgfx::Drawable* touchgfx::Container::getFirstChild()	0	static
Vertical_Progress_Bar.hpp:10:13:Vertical_Progress_Bar::~Vertical_Progress_Bar()	0	static
Vertical_Progress_Bar.cpp:8:6:virtual void Vertical_Progress_Bar::initialize()	0	static
Vertical_Progress_Bar.hpp:10:13:virtual Vertical_Progress_Bar::~Vertical_Progress_Bar()	8	static
Vertical_Progress_Bar.cpp:3:1:Vertical_Progress_Bar::Vertical_Progress_Bar()	8	static
