Screen.hpp:103:18:virtual void touchgfx::Screen::afterTransition()	0	static
Screen.hpp:143:18:virtual void touchgfx::Screen::handleTickEvent()	0	static
Screen.hpp:153:18:virtual void touchgfx::Screen::handleKeyEvent(uint8_t)	0	static
Screen1View.hpp:11:13:Screen1View::~Screen1View()	0	static
Screen1View.cpp:12:6:virtual void Screen1View::tearDownScreen()	0	static
Screen1View.cpp:7:6:virtual void Screen1View::setupScreen()	0	static
Screen1View.cpp:17:6:virtual void Screen1View::can_Data(char*)	8	static
Screen1View.hpp:11:13:virtual Screen1View::~Screen1View()	8	static
Screen1View.cpp:3:1:Screen1View::Screen1View()	8	static
