main.c:103:5:main	56	static
main.c:180:6:SystemClock_Config	88	static
main.c:220:13:MX_SPI4_Init	8	static
main.c:260:13:MX_SPI5_Init	8	static
main.c:300:13:MX_GPIO_Init	64	static
main.c:424:13:SPI_Accel_Init	8	static
main.c:433:13:SPI_Accel_Transmit_Receive	32	static
main.c:438:13:SPI_Init	24	static
main.c:500:13:SPI_Datasize_Select	72	static
main.c:510:13:SPI_Calculate_Baudrate_Prescaler	24	static
main.c:560:13:SPI_Default_Configs	16	static
main.c:578:27:SPI_Select	24	static
main.c:614:13:SPI_Mode_Select	16	static
main.c:641:13:SPI_Transmit	24	static
main.c:648:13:SPI_Transmit_Receive	32	static
main.c:661:6:Error_Handler	4	static,ignoring_inline_asm
