C:/Users/ridas/OneDrive/Desktop/Formula_Electric/dashboard-final/front-controller/stm32-mcu/FE_Dashboard/Core/Src/stm32f7xx_hal_msp.c:64:6:HAL_MspInit	8	static
C:/Users/ridas/OneDrive/Desktop/Formula_Electric/dashboard-final/front-controller/stm32-mcu/FE_Dashboard/Core/Src/stm32f7xx_hal_msp.c:88:6:HAL_CAN_MspInit	40	static
C:/Users/ridas/OneDrive/Desktop/Formula_Electric/dashboard-final/front-controller/stm32-mcu/FE_Dashboard/Core/Src/stm32f7xx_hal_msp.c:133:6:HAL_CAN_MspDeInit	8	static
C:/Users/ridas/OneDrive/Desktop/Formula_Electric/dashboard-final/front-controller/stm32-mcu/FE_Dashboard/Core/Src/stm32f7xx_hal_msp.c:167:6:HAL_CRC_MspInit	8	static
C:/Users/ridas/OneDrive/Desktop/Formula_Electric/dashboard-final/front-controller/stm32-mcu/FE_Dashboard/Core/Src/stm32f7xx_hal_msp.c:189:6:HAL_CRC_MspDeInit	0	static
C:/Users/ridas/OneDrive/Desktop/Formula_Electric/dashboard-final/front-controller/stm32-mcu/FE_Dashboard/Core/Src/stm32f7xx_hal_msp.c:211:6:HAL_DMA2D_MspInit	16	static
C:/Users/ridas/OneDrive/Desktop/Formula_Electric/dashboard-final/front-controller/stm32-mcu/FE_Dashboard/Core/Src/stm32f7xx_hal_msp.c:236:6:HAL_DMA2D_MspDeInit	0	static
C:/Users/ridas/OneDrive/Desktop/Formula_Electric/dashboard-final/front-controller/stm32-mcu/FE_Dashboard/Core/Src/stm32f7xx_hal_msp.c:261:6:HAL_LTDC_MspInit	64	static
C:/Users/ridas/OneDrive/Desktop/Formula_Electric/dashboard-final/front-controller/stm32-mcu/FE_Dashboard/Core/Src/stm32f7xx_hal_msp.c:362:6:HAL_LTDC_MspDeInit	8	static
C:/Users/ridas/OneDrive/Desktop/Formula_Electric/dashboard-final/front-controller/stm32-mcu/FE_Dashboard/Core/Src/stm32f7xx_hal_msp.c:431:6:HAL_UART_MspInit	48	static
C:/Users/ridas/OneDrive/Desktop/Formula_Electric/dashboard-final/front-controller/stm32-mcu/FE_Dashboard/Core/Src/stm32f7xx_hal_msp.c:475:6:HAL_UART_MspDeInit	8	static
C:/Users/ridas/OneDrive/Desktop/Formula_Electric/dashboard-final/front-controller/stm32-mcu/FE_Dashboard/Core/Src/stm32f7xx_hal_msp.c:608:6:HAL_SDRAM_MspInit	48	static
C:/Users/ridas/OneDrive/Desktop/Formula_Electric/dashboard-final/front-controller/stm32-mcu/FE_Dashboard/Core/Src/stm32f7xx_hal_msp.c:694:6:HAL_SDRAM_MspDeInit	8	static
