Archive member included to satisfy reference by file (symbol)

c:/st/stm32cubeide_1.4.0/stm32cubeide/plugins/com.st.stm32cube.ide.mcu.externaltools.gnu-tools-for-stm32.9-2020-q2-update.win32_2.0.0.202105311346/tools/bin/../lib/gcc/arm-none-eabi/9.3.1/../../../../arm-none-eabi/lib/thumb/v7e-m+dp/hard\libc_nano.a(lib_a-errno.o)
                              ./Core/Src/syscalls.o (__errno)
c:/st/stm32cubeide_1.4.0/stm32cubeide/plugins/com.st.stm32cube.ide.mcu.externaltools.gnu-tools-for-stm32.9-2020-q2-update.win32_2.0.0.202105311346/tools/bin/../lib/gcc/arm-none-eabi/9.3.1/../../../../arm-none-eabi/lib/thumb/v7e-m+dp/hard\libc_nano.a(lib_a-exit.o)
                              c:/st/stm32cubeide_1.4.0/stm32cubeide/plugins/com.st.stm32cube.ide.mcu.externaltools.gnu-tools-for-stm32.9-2020-q2-update.win32_2.0.0.202105311346/tools/bin/../lib/gcc/arm-none-eabi/9.3.1/../../../../arm-none-eabi/lib/thumb/v7e-m+dp/hard/crt0.o (exit)
c:/st/stm32cubeide_1.4.0/stm32cubeide/plugins/com.st.stm32cube.ide.mcu.externaltools.gnu-tools-for-stm32.9-2020-q2-update.win32_2.0.0.202105311346/tools/bin/../lib/gcc/arm-none-eabi/9.3.1/../../../../arm-none-eabi/lib/thumb/v7e-m+dp/hard\libc_nano.a(lib_a-impure.o)
                              c:/st/stm32cubeide_1.4.0/stm32cubeide/plugins/com.st.stm32cube.ide.mcu.externaltools.gnu-tools-for-stm32.9-2020-q2-update.win32_2.0.0.202105311346/tools/bin/../lib/gcc/arm-none-eabi/9.3.1/../../../../arm-none-eabi/lib/thumb/v7e-m+dp/hard\libc_nano.a(lib_a-exit.o) (_global_impure_ptr)
c:/st/stm32cubeide_1.4.0/stm32cubeide/plugins/com.st.stm32cube.ide.mcu.externaltools.gnu-tools-for-stm32.9-2020-q2-update.win32_2.0.0.202105311346/tools/bin/../lib/gcc/arm-none-eabi/9.3.1/../../../../arm-none-eabi/lib/thumb/v7e-m+dp/hard\libc_nano.a(lib_a-init.o)
                              c:/st/stm32cubeide_1.4.0/stm32cubeide/plugins/com.st.stm32cube.ide.mcu.externaltools.gnu-tools-for-stm32.9-2020-q2-update.win32_2.0.0.202105311346/tools/bin/../lib/gcc/arm-none-eabi/9.3.1/../../../../arm-none-eabi/lib/thumb/v7e-m+dp/hard/crt0.o (__libc_init_array)
c:/st/stm32cubeide_1.4.0/stm32cubeide/plugins/com.st.stm32cube.ide.mcu.externaltools.gnu-tools-for-stm32.9-2020-q2-update.win32_2.0.0.202105311346/tools/bin/../lib/gcc/arm-none-eabi/9.3.1/../../../../arm-none-eabi/lib/thumb/v7e-m+dp/hard\libc_nano.a(lib_a-memset.o)
                              c:/st/stm32cubeide_1.4.0/stm32cubeide/plugins/com.st.stm32cube.ide.mcu.externaltools.gnu-tools-for-stm32.9-2020-q2-update.win32_2.0.0.202105311346/tools/bin/../lib/gcc/arm-none-eabi/9.3.1/../../../../arm-none-eabi/lib/thumb/v7e-m+dp/hard/crt0.o (memset)
c:/st/stm32cubeide_1.4.0/stm32cubeide/plugins/com.st.stm32cube.ide.mcu.externaltools.gnu-tools-for-stm32.9-2020-q2-update.win32_2.0.0.202105311346/tools/bin/../lib/gcc/arm-none-eabi/9.3.1/thumb/v7e-m+dp/hard\libgcc.a(_aeabi_uldivmod.o)
                              ./Drivers/STM32F7xx_HAL_Driver/Src/stm32f7xx_hal_rcc.o (__aeabi_uldivmod)
c:/st/stm32cubeide_1.4.0/stm32cubeide/plugins/com.st.stm32cube.ide.mcu.externaltools.gnu-tools-for-stm32.9-2020-q2-update.win32_2.0.0.202105311346/tools/bin/../lib/gcc/arm-none-eabi/9.3.1/thumb/v7e-m+dp/hard\libgcc.a(_udivmoddi4.o)
                              c:/st/stm32cubeide_1.4.0/stm32cubeide/plugins/com.st.stm32cube.ide.mcu.externaltools.gnu-tools-for-stm32.9-2020-q2-update.win32_2.0.0.202105311346/tools/bin/../lib/gcc/arm-none-eabi/9.3.1/thumb/v7e-m+dp/hard\libgcc.a(_aeabi_uldivmod.o) (__udivmoddi4)
c:/st/stm32cubeide_1.4.0/stm32cubeide/plugins/com.st.stm32cube.ide.mcu.externaltools.gnu-tools-for-stm32.9-2020-q2-update.win32_2.0.0.202105311346/tools/bin/../lib/gcc/arm-none-eabi/9.3.1/thumb/v7e-m+dp/hard\libgcc.a(_dvmd_tls.o)
                              c:/st/stm32cubeide_1.4.0/stm32cubeide/plugins/com.st.stm32cube.ide.mcu.externaltools.gnu-tools-for-stm32.9-2020-q2-update.win32_2.0.0.202105311346/tools/bin/../lib/gcc/arm-none-eabi/9.3.1/thumb/v7e-m+dp/hard\libgcc.a(_aeabi_uldivmod.o) (__aeabi_ldiv0)

Allocating common symbols
Common symbol       size              file

amk0_sp             0x4               ./Core/Src/main.o
TxHeader2           0x18              ./Core/Src/main.o
x                   0x2               ./Core/Src/main.o
amk0_av1_tx_data    0x8               ./Core/Src/main.o
amk0_av2_tx_data    0x8               ./Core/Src/main.o
hadc2               0x48              ./Core/Src/main.o
htim10              0x4c              ./Core/Src/main.o
startup             0x3               ./Core/Src/main.o
TxHeader3           0x18              ./Core/Src/main.o
amk0_av2            0x4               ./Core/Src/main.o
amk0_av1_tx_header  0x18              ./Core/Src/main.o
uwTick              0x4               ./Drivers/STM32F7xx_HAL_Driver/Src/stm32f7xx_hal.o
pFlash              0x1c              ./Drivers/STM32F7xx_HAL_Driver/Src/stm32f7xx_hal_flash.o
zg                  0x4               ./Core/Src/main.o
[...]
Memory Configuration

Name             Origin             Length             Attributes
RAM              0x0000000020000000 0x0000000000080000 xrw
FLASH            0x0000000008000000 0x0000000000200000 xr
*default*        0x0000000000000000 0xffffffffffffffff

Linker script and memory map

LOAD c:/st/stm32cubeide_1.4.0/stm32cubeide/plugins/com.st.stm32cube.ide.mcu.externaltools.gnu-tools-for-stm32.9-2020-q2-update.win32_2.0.0.202105311346/tools/bin/../lib/gcc/arm-none-eabi/9.3.1/thumb/v7e-m+dp/hard/crti.o
LOAD c:/st/stm32cubeide_1.4.0/stm32cubeide/plugins/com.st.stm32cube.ide.mcu.externaltools.gnu-tools-for-stm32.9-2020-q2-update.win32_2.0.0.202105311346/tools/bin/../lib/gcc/arm-none-eabi/9.3.1/thumb/v7e-m+dp/hard/crtbegin.o
LOAD c:/st/stm32cubeide_1.4.0/stm32cubeide/plugins/com.st.stm32cube.ide.mcu.externaltools.gnu-tools-for-stm32.9-2020-q2-update.win32_2.0.0.202105311346/tools/bin/../lib/gcc/arm-none-eabi/9.3.1/../../../../arm-none-eabi/lib/thumb/v7e-m+dp/hard/crt0.o
LOAD ./Core/Src/can_msg.o
LOAD ./Core/Src/main.o
LOAD ./Core/Src/stm32f7xx_hal_msp.o
LOAD ./Core/Src/stm32f7xx_it.o
LOAD ./Core/Src/syscalls.o
LOAD ./Core/Src/sysmem.o
LOAD ./Core/Src/system_stm32f7xx.o
LOAD ./Core/Startup/startup_stm32f767zitx.o
LOAD ./Drivers/STM32F7xx_HAL_Driver/Src/stm32f7xx_hal.o
LOAD ./Drivers/STM32F7xx_HAL_Driver/Src/stm32f7xx_hal_adc.o
LOAD ./Drivers/STM32F7xx_HAL_Driver/Src/stm32f7xx_hal_adc_ex.o
LOAD ./Drivers/STM32F7xx_HAL_Driver/Src/stm32f7xx_hal_can.o
LOAD ./Drivers/STM32F7xx_HAL_Driver/Src/stm32f7xx_hal_cortex.o
LOAD ./Drivers/STM32F7xx_HAL_Driver/Src/stm32f7xx_hal_dma.o
LOAD ./Drivers/STM32F7xx_HAL_Driver/Src/stm32f7xx_hal_dma_ex.o
LOAD ./Drivers/STM32F7xx_HAL_Driver/Src/stm32f7xx_hal_exti.o
LOAD ./Drivers/STM32F7xx_HAL_Driver/Src/stm32f7xx_hal_flash.o
LOAD ./Drivers/STM32F7xx_HAL_Driver/Src/stm32f7xx_hal_flash_ex.o
LOAD ./Drivers/STM32F7xx_HAL_Driver/Src/stm32f7xx_hal_gpio.o
LOAD ./Drivers/STM32F7xx_HAL_Driver/Src/stm32f7xx_hal_i2c.o
LOAD ./Drivers/STM32F7xx_HAL_Driver/Src/stm32f7xx_hal_i2c_ex.o
LOAD ./Drivers/STM32F7xx_HAL_Driver/Src/stm32f7xx_hal_pwr.o
LOAD ./Drivers/STM32F7xx_HAL_Driver/Src/stm32f7xx_hal_pwr_ex.o
LOAD ./Drivers/STM32F7xx_HAL_Driver/Src/stm32f7xx_hal_rcc.o
LOAD ./Drivers/STM32F7xx_HAL_Driver/Src/stm32f7xx_hal_rcc_ex.o
LOAD ./Drivers/STM32F7xx_HAL_Driver/Src/stm32f7xx_hal_spi.o
LOAD ./Drivers/STM32F7xx_HAL_Driver/Src/stm32f7xx_hal_spi_ex.o
LOAD ./Drivers/STM32F7xx_HAL_Driver/Src/stm32f7xx_hal_tim.o
LOAD ./Drivers/STM32F7xx_HAL_Driver/Src/stm32f7xx_hal_tim_ex.o
START GROUP
LOAD c:/st/stm32cubeide_1.4.0/stm32cubeide/plugins/com.st.stm32cube.ide.mcu.externaltools.gnu-tools-for-stm32.9-2020-q2-update.win32_2.0.0.202105311346/tools/bin/../lib/gcc/arm-none-eabi/9.3.1/../../../../arm-none-eabi/lib/thumb/v7e-m+dp/hard\libc_nano.a
LOAD c:/st/stm32cubeide_1.4.0/stm32cubeide/plugins/com.st.stm32cube.ide.mcu.externaltools.gnu-tools-for-stm32.9-2020-q2-update.win32_2.0.0.202105311346/tools/bin/../lib/gcc/arm-none-eabi/9.3.1/../../../../arm-none-eabi/lib/thumb/v7e-m+dp/hard\libm.a
END GROUP
START GROUP
LOAD c:/st/stm32cubeide_1.4.0/stm32cubeide/plugins/com.st.stm32cube.ide.mcu.externaltools.gnu-tools-for-stm32.9-2020-q2-update.win32_2.0.0.202105311346/tools/bin/../lib/gcc/arm-none-eabi/9.3.1/thumb/v7e-m+dp/hard\libgcc.a
LOAD c:/st/stm32cubeide_1.4.0/stm32cubeide/plugins/com.st.stm32cube.ide.mcu.externaltools.gnu-tools-for-stm32.9-2020-q2-update.win32_2.0.0.202105311346/tools/bin/../lib/gcc/arm-none-eabi/9.3.1/../../../../arm-none-eabi/lib/thumb/v7e-m+dp/hard\libc_nano.a
END GROUP
START GROUP
LOAD c:/st/stm32cubeide_1.4.0/stm32cubeide/plugins/com.st.stm32cube.ide.mcu.externaltools.gnu-tools-for-stm32.9-2020-q2-update.win32_2.0.0.202105311346/tools/bin/../lib/gcc/arm-none-eabi/9.3.1/thumb/v7e-m+dp/hard\libgcc.a
LOAD c:/st/stm32cubeide_1.4.0/stm32cubeide/plugins/com.st.stm32cube.ide.mcu.externaltools.gnu-tools-for-stm32.9-2020-q2-update.win32_2.0.0.202105311346/tools/bin/../lib/gcc/arm-none-eabi/9.3.1/../../../../arm-none-eabi/lib/thumb/v7e-m+dp/hard\libc_nano.a
LOAD c:/st/stm32cubeide_1.4.0/stm32cubeide/plugins/com.st.stm32cube.ide.mcu.externaltools.gnu-tools-for-stm32.9-2020-q2-update.win32_2.0.0.202105311346/tools/bin/../lib/gcc/arm-none-eabi/9.3.1/../../../../arm-none-eabi/lib/thumb/v7e-m+dp/hard\libnosys.a
END GROUP
START GROUP
LOAD c:/st/stm32cubeide_1.4.0/stm32cubeide/plugins/com.st.stm32cube.ide.mcu.externaltools.gnu-tools-for-stm32.9-2020-q2-update.win32_2.0.0.202105311346/tools/bin/../lib/gcc/arm-none-eabi/9.3.1/thumb/v7e-m+dp/hard\libgcc.a
LOAD c:/st/stm32cubeide_1.4.0/stm32cubeide/plugins/com.st.stm32cube.ide.mcu.externaltools.gnu-tools-for-stm32.9-2020-q2-update.win32_2.0.0.202105311346/tools/bin/../lib/gcc/arm-none-eabi/9.3.1/../../../../arm-none-eabi/lib/thumb/v7e-m+dp/hard\libc_nano.a
LOAD c:/st/stm32cubeide_1.4.0/stm32cubeide/plugins/com.st.stm32cube.ide.mcu.externaltools.gnu-tools-for-stm32.9-2020-q2-update.win32_2.0.0.202105311346/tools/bin/../lib/gcc/arm-none-eabi/9.3.1/../../../../arm-none-eabi/lib/thumb/v7e-m+dp/hard\libnosys.a
END GROUP
LOAD c:/st/stm32cubeide_1.4.0/stm32cubeide/plugins/com.st.stm32cube.ide.mcu.externaltools.gnu-tools-for-stm32.9-2020-q2-update.win32_2.0.0.202105311346/tools/bin/../lib/gcc/arm-none-eabi/9.3.1/thumb/v7e-m+dp/hard/crtend.o
LOAD c:/st/stm32cubeide_1.4.0/stm32cubeide/plugins/com.st.stm32cube.ide.mcu.externaltools.gnu-tools-for-stm32.9-2020-q2-update.win32_2.0.0.202105311346/tools/bin/../lib/gcc/arm-none-eabi/9.3.1/thumb/v7e-m+dp/hard/crtn.o
                0x0000000020080000                _estack = (ORIGIN (RAM) + LENGTH (RAM))
                0x0000000000000200                _Min_Heap_Size = 0x200
                0x0000000000000400                _Min_Stack_Size = 0x400

.isr_vector     0x0000000008000000      0x1f8
                0x0000000008000000                . = ALIGN (0x4)
 *(.isr_vector)
 .isr_vector    0x0000000008000000      0x1f8 ./Core/Startup/startup_stm32f767zitx.o
                0x0000000008000000                g_pfnVectors
                0x00000000080001f8                . = ALIGN (0x4)

.text           0x00000000080001f8     0x5630
                0x00000000080001f8                . = ALIGN (0x4)
 *(.text)
 .text          0x00000000080001f8       0x40 c:/st/stm32cubeide_1.4.0/stm32cubeide/plugins/com.st.stm32cube.ide.mcu.externaltools.gnu-tools-for-stm32.9-2020-q2-update.win32_2.0.0.202105311346/tools/bin/../lib/gcc/arm-none-eabi/9.3.1/thumb/v7e-m+dp/hard/crtbegin.o
 .text          0x0000000008000238       0x30 c:/st/stm32cubeide_1.4.0/stm32cubeide/plugins/com.st.stm32cube.ide.mcu.externaltools.gnu-tools-for-stm32.9-2020-q2-update.win32_2.0.0.202105311346/tools/bin/../lib/gcc/arm-none-eabi/9.3.1/thumb/v7e-m+dp/hard\libgcc.a(_aeabi_uldivmod.o)
                0x0000000008000238                __aeabi_uldivmod
 .text          0x0000000008000268      0x2c4 c:/st/stm32cubeide_1.4.0/stm32cubeide/plugins/com.st.stm32cube.ide.mcu.externaltools.gnu-tools-for-stm32.9-2020-q2-update.win32_2.0.0.202105311346/tools/bin/../lib/gcc/arm-none-eabi/9.3.1/thumb/v7e-m+dp/hard\libgcc.a(_udivmoddi4.o)
                0x0000000008000268                __udivmoddi4
 .text          0x000000000800052c        0x4 c:/st/stm32cubeide_1.4.0/stm32cubeide/plugins/com.st.stm32cube.ide.mcu.externaltools.gnu-tools-for-stm32.9-2020-q2-update.win32_2.0.0.202105311346/tools/bin/../lib/gcc/arm-none-eabi/9.3.1/thumb/v7e-m+dp/hard\libgcc.a(_dvmd_tls.o)
                0x000000000800052c                __aeabi_idiv0
                0x000000000800052c                __aeabi_ldiv0
 *(.text*)
 .text.pack_left_shift_u8
                0x0000000008000530       0x2e ./Core/Src/can_msg.o
 .text.pack_left_shift_u16
                0x000000000800055e       0x2e ./Core/Src/can_msg.o
 .text.pack_right_shift_u16
                0x000000000800058c       0x2e ./Core/Src/can_msg.o
 .text.unpack_left_shift_u16
                0x00000000080005ba       0x30 ./Core/Src/can_msg.o
 .text.unpack_right_shift_u8
                0x00000000080005ea       0x30 ./Core/Src/can_msg.o
 .text.unpack_right_shift_u16
                0x000000000800061a       0x30 ./Core/Src/can_msg.o
 .text.can_amk_inverter_amk0_actual_values1_pack
                0x000000000800064a      0x214 ./Core/Src/can_msg.o
                0x000000000800064a                can_amk_inverter_amk0_actual_values1_pack
 .text.can_amk_inverter_amk0_actual_values1_unpack
                0x000000000800085e      0x184 ./Core/Src/can_msg.o
                0x000000000800085e                can_amk_inverter_amk0_actual_values1_unpack
 .text.can_amk_inverter_amk0_set_points1_pack
                0x00000000080009e2      0x18c ./Core/Src/can_msg.o
                0x00000000080009e2                can_amk_inverter_amk0_set_points1_pack
 *fill*         0x0000000008000b6e        0x2 
 .text.main     0x0000000008000b70      0x1bc ./Core/Src/main.o
                0x0000000008000b70                main
 .text.SystemClock_Config
                0x0000000008000d2c       0xe0 ./Core/Src/main.o
                0x0000000008000d2c                SystemClock_Config
 .text.MX_ADC1_Init
                0x0000000008000e0c       0xa4 ./Core/Src/main.o
 .text.MX_ADC2_Init
                0x0000000008000eb0       0xa4 ./Core/Src/main.o
 .text.MX_ADC3_Init
                0x0000000008000f54       0xa4 ./Core/Src/main.o
 .text.MX_CAN1_Init
                0x0000000008000ff8       0x6c ./Core/Src/main.o
 .text.MX_CAN3_Init
                0x0000000008001064       0x6c ./Core/Src/main.o
 .text.MX_SPI4_Init
                0x00000000080010d0       0x7c ./Core/Src/main.o
 .text.MX_TIM10_Init
                0x000000000800114c       0x48 ./Core/Src/main.o
 .text.MX_TIM13_Init
                0x0000000008001194       0x48 ./Core/Src/main.o
 .text.MX_TIM14_Init
                0x00000000080011dc       0x48 ./Core/Src/main.o
 .text.MX_GPIO_Init
                0x0000000008001224      0x184 ./Core/Src/main.o
 .text.configure_hardware
                0x00000000080013a8       0x20 ./Core/Src/main.o
 .text.can_config
                0x00000000080013c8      0x1fc ./Core/Src/main.o
 .text.change_contactor_phase
                0x00000000080015c4       0xd8 ./Core/Src/main.o
 .text.adxl_write
                0x000000000800169c       0x50 ./Core/Src/main.o
 .text.adxl_read
                0x00000000080016ec       0x60 ./Core/Src/main.o
 .text.adxl_init
                0x000000000800174c       0x20 ./Core/Src/main.o
 .text.process_amk0_av1
                0x000000000800176c       0x70 ./Core/Src/main.o
 .text.perform_motor_step
                0x00000000080017dc      0x158 ./Core/Src/main.o
 .text.HAL_TIM_PeriodElapsedCallback
                0x0000000008001934       0xe8 ./Core/Src/main.o
                0x0000000008001934                HAL_TIM_PeriodElapsedCallback
 .text.HAL_CAN_RxFifo0MsgPendingCallback
                0x0000000008001a1c       0x74 ./Core/Src/main.o
                0x0000000008001a1c                HAL_CAN_RxFifo0MsgPendingCallback
 .text.HAL_CAN_RxFifo1MsgPendingCallback
                0x0000000008001a90       0x40 ./Core/Src/main.o
                0x0000000008001a90                HAL_CAN_RxFifo1MsgPendingCallback
 .text.HAL_GPIO_EXTI_Callback
                0x0000000008001ad0       0x34 ./Core/Src/main.o
                0x0000000008001ad0                HAL_GPIO_EXTI_Callback
 .text.Error_Handler
                0x0000000008001b04       0x18 ./Core/Src/main.o
                0x0000000008001b04                Error_Handler
 .text.HAL_MspInit
                0x0000000008001b1c       0x48 ./Core/Src/stm32f7xx_hal_msp.o
                0x0000000008001b1c                HAL_MspInit
 .text.HAL_ADC_MspInit
                0x0000000008001b64      0x130 ./Core/Src/stm32f7xx_hal_msp.o
                0x0000000008001b64                HAL_ADC_MspInit
 .text.HAL_CAN_MspInit
                0x0000000008001c94      0x164 ./Core/Src/stm32f7xx_hal_msp.o
                0x0000000008001c94                HAL_CAN_MspInit
 .text.HAL_SPI_MspInit
                0x0000000008001df8       0x88 ./Core/Src/stm32f7xx_hal_msp.o
                0x0000000008001df8                HAL_SPI_MspInit
 .text.HAL_TIM_Base_MspInit
                0x0000000008001e80       0xbc ./Core/Src/stm32f7xx_hal_msp.o
                0x0000000008001e80                HAL_TIM_Base_MspInit
 .text.NMI_Handler
                0x0000000008001f3c        0x6 ./Core/Src/stm32f7xx_it.o
                0x0000000008001f3c                NMI_Handler
 .text.HardFault_Handler
                0x0000000008001f42        0x6 ./Core/Src/stm32f7xx_it.o
                0x0000000008001f42                HardFault_Handler
 .text.MemManage_Handler
                0x0000000008001f48        0x6 ./Core/Src/stm32f7xx_it.o
                0x0000000008001f48                MemManage_Handler
 .text.BusFault_Handler
                0x0000000008001f4e        0x6 ./Core/Src/stm32f7xx_it.o
                0x0000000008001f4e                BusFault_Handler
 .text.UsageFault_Handler
                0x0000000008001f54        0x6 ./Core/Src/stm32f7xx_it.o
                0x0000000008001f54                UsageFault_Handler
 .text.SVC_Handler
                0x0000000008001f5a        0xe ./Core/Src/stm32f7xx_it.o
                0x0000000008001f5a                SVC_Handler
 .text.DebugMon_Handler
                0x0000000008001f68        0xe ./Core/Src/stm32f7xx_it.o
                0x0000000008001f68                DebugMon_Handler
 .text.PendSV_Handler
                0x0000000008001f76        0xe ./Core/Src/stm32f7xx_it.o
                0x0000000008001f76                PendSV_Handler
 .text.SysTick_Handler
                0x0000000008001f84        0xc ./Core/Src/stm32f7xx_it.o
                0x0000000008001f84                SysTick_Handler
 .text.CAN1_RX1_IRQHandler
                0x0000000008001f90       0x14 ./Core/Src/stm32f7xx_it.o
                0x0000000008001f90                CAN1_RX1_IRQHandler
 .text.EXTI9_5_IRQHandler
                0x0000000008001fa4        0xe ./Core/Src/stm32f7xx_it.o
                0x0000000008001fa4                EXTI9_5_IRQHandler
 *fill*         0x0000000008001fb2        0x2 
 .text.TIM1_UP_TIM10_IRQHandler
                0x0000000008001fb4       0x14 ./Core/Src/stm32f7xx_it.o
                0x0000000008001fb4                TIM1_UP_TIM10_IRQHandler
 .text.TIM8_UP_TIM13_IRQHandler
                0x0000000008001fc8       0x14 ./Core/Src/stm32f7xx_it.o
                0x0000000008001fc8                TIM8_UP_TIM13_IRQHandler
 .text.TIM8_TRG_COM_TIM14_IRQHandler
                0x0000000008001fdc       0x14 ./Core/Src/stm32f7xx_it.o
                0x0000000008001fdc                TIM8_TRG_COM_TIM14_IRQHandler
 .text.CAN3_RX0_IRQHandler
                0x0000000008001ff0       0x14 ./Core/Src/stm32f7xx_it.o
                0x0000000008001ff0                CAN3_RX0_IRQHandler
 .text.SystemInit
                0x0000000008002004       0x24 ./Core/Src/system_stm32f7xx.o
                0x0000000008002004                SystemInit
 .text.Reset_Handler
                0x0000000008002028       0x50 ./Core/Startup/startup_stm32f767zitx.o
                0x0000000008002028                Reset_Handler
 .text.Default_Handler
                0x0000000008002078        0x2 ./Core/Startup/startup_stm32f767zitx.o
                0x0000000008002078                RTC_Alarm_IRQHandler
                0x0000000008002078                EXTI2_IRQHandler
                0x0000000008002078                TIM8_CC_IRQHandler
                0x0000000008002078                UART8_IRQHandler
                0x0000000008002078                SPI4_IRQHandler
                0x0000000008002078                TIM1_CC_IRQHandler
                0x0000000008002078                DMA2_Stream5_IRQHandler
                0x0000000008002078                JPEG_IRQHandler
                0x0000000008002078                DMA1_Stream5_IRQHandler
                0x0000000008002078                CAN3_RX1_IRQHandler
                0x0000000008002078                PVD_IRQHandler
                0x0000000008002078                TAMP_STAMP_IRQHandler
                0x0000000008002078                CAN2_RX1_IRQHandler
                0x0000000008002078                EXTI3_IRQHandler
                0x0000000008002078                DFSDM1_FLT1_IRQHandler
                0x0000000008002078                I2C3_ER_IRQHandler
                0x0000000008002078                DFSDM1_FLT2_IRQHandler
                0x0000000008002078                EXTI0_IRQHandler
                0x0000000008002078                I2C2_EV_IRQHandler
                0x0000000008002078                DMA1_Stream2_IRQHandler
                0x0000000008002078                CAN1_RX0_IRQHandler
                0x0000000008002078                FPU_IRQHandler
                0x0000000008002078                OTG_HS_WKUP_IRQHandler
                0x0000000008002078                CAN3_SCE_IRQHandler
                0x0000000008002078                LTDC_ER_IRQHandler
                0x0000000008002078                CAN2_SCE_IRQHandler
                0x0000000008002078                DMA2_Stream2_IRQHandler
                0x0000000008002078                SPI1_IRQHandler
                0x0000000008002078                TIM6_DAC_IRQHandler
                0x0000000008002078                TIM1_BRK_TIM9_IRQHandler
                0x0000000008002078                DCMI_IRQHandler
                0x0000000008002078                CAN2_RX0_IRQHandler
                0x0000000008002078                DMA2_Stream3_IRQHandler
                0x0000000008002078                SAI2_IRQHandler
                0x0000000008002078                DFSDM1_FLT3_IRQHandler
                0x0000000008002078                USART6_IRQHandler
                0x0000000008002078                USART3_IRQHandler
                0x0000000008002078                UART5_IRQHandler
                0x0000000008002078                DMA2_Stream0_IRQHandler
                0x0000000008002078                TIM4_IRQHandler
                0x0000000008002078                QUADSPI_IRQHandler
                0x0000000008002078                I2C1_EV_IRQHandler
                0x0000000008002078                DMA1_Stream6_IRQHandler
                0x0000000008002078                DMA1_Stream1_IRQHandler
                0x0000000008002078                UART4_IRQHandler
                0x0000000008002078                TIM3_IRQHandler
                0x0000000008002078                RCC_IRQHandler
                0x0000000008002078                TIM8_BRK_TIM12_IRQHandler
                0x0000000008002078                Default_Handler
                0x0000000008002078                CEC_IRQHandler
                0x0000000008002078                EXTI15_10_IRQHandler
                0x0000000008002078                ADC_IRQHandler
                0x0000000008002078                DMA1_Stream7_IRQHandler
                0x0000000008002078                SPI5_IRQHandler
                0x0000000008002078                TIM7_IRQHandler
                0x0000000008002078                SDMMC1_IRQHandler
                0x0000000008002078                CAN2_TX_IRQHandler
                0x0000000008002078                TIM5_IRQHandler
                0x0000000008002078                DMA2_Stream7_IRQHandler
                0x0000000008002078                I2C3_EV_IRQHandler
                0x0000000008002078                RTC_WKUP_IRQHandler
                0x0000000008002078                LTDC_IRQHandler
                0x0000000008002078                ETH_WKUP_IRQHandler
                0x0000000008002078                SPDIF_RX_IRQHandler
                0x0000000008002078                SPI2_IRQHandler
                0x0000000008002078                OTG_HS_EP1_IN_IRQHandler
                0x0000000008002078                DMA1_Stream0_IRQHandler
                0x0000000008002078                CAN1_TX_IRQHandler
                0x0000000008002078                EXTI4_IRQHandler
                0x0000000008002078                RNG_IRQHandler
                0x0000000008002078                ETH_IRQHandler
                0x0000000008002078                OTG_HS_EP1_OUT_IRQHandler
                0x0000000008002078                WWDG_IRQHandler
                0x0000000008002078                SPI6_IRQHandler
                0x0000000008002078                MDIOS_IRQHandler
                0x0000000008002078                I2C4_EV_IRQHandler
                0x0000000008002078                CAN3_TX_IRQHandler
                0x0000000008002078                TIM2_IRQHandler
                0x0000000008002078                OTG_FS_WKUP_IRQHandler
                0x0000000008002078                TIM1_TRG_COM_TIM11_IRQHandler
                0x0000000008002078                OTG_HS_IRQHandler
                0x0000000008002078                DMA2D_IRQHandler
                0x0000000008002078                EXTI1_IRQHandler
                0x0000000008002078                SDMMC2_IRQHandler
                0x0000000008002078                UART7_IRQHandler
                0x0000000008002078                USART2_IRQHandler
                0x0000000008002078                DFSDM1_FLT0_IRQHandler
                0x0000000008002078                I2C2_ER_IRQHandler
                0x0000000008002078                DMA2_Stream1_IRQHandler
                0x0000000008002078                CAN1_SCE_IRQHandler
                0x0000000008002078                FLASH_IRQHandler
                0x0000000008002078                DMA2_Stream4_IRQHandler
                0x0000000008002078                USART1_IRQHandler
                0x0000000008002078                OTG_FS_IRQHandler
                0x0000000008002078                SPI3_IRQHandler
                0x0000000008002078                DMA1_Stream4_IRQHandler
                0x0000000008002078                I2C1_ER_IRQHandler
                0x0000000008002078                FMC_IRQHandler
                0x0000000008002078                LPTIM1_IRQHandler
                0x0000000008002078                I2C4_ER_IRQHandler
                0x0000000008002078                DMA2_Stream6_IRQHandler
                0x0000000008002078                SAI1_IRQHandler
                0x0000000008002078                DMA1_Stream3_IRQHandler
 .text.HAL_Init
                0x000000000800207a       0x1a ./Drivers/STM32F7xx_HAL_Driver/Src/stm32f7xx_hal.o
                0x000000000800207a                HAL_Init
 .text.HAL_InitTick
                0x0000000008002094       0x60 ./Drivers/STM32F7xx_HAL_Driver/Src/stm32f7xx_hal.o
                0x0000000008002094                HAL_InitTick
 .text.HAL_IncTick
                0x00000000080020f4       0x28 ./Drivers/STM32F7xx_HAL_Driver/Src/stm32f7xx_hal.o
                0x00000000080020f4                HAL_IncTick
 .text.HAL_GetTick
                0x000000000800211c       0x18 ./Drivers/STM32F7xx_HAL_Driver/Src/stm32f7xx_hal.o
                0x000000000800211c                HAL_GetTick
 .text.HAL_Delay
                0x0000000008002134       0x48 ./Drivers/STM32F7xx_HAL_Driver/Src/stm32f7xx_hal.o
                0x0000000008002134                HAL_Delay
 .text.HAL_ADC_Init
                0x000000000800217c       0x88 ./Drivers/STM32F7xx_HAL_Driver/Src/stm32f7xx_hal_adc.o
                0x000000000800217c                HAL_ADC_Init
 .text.HAL_ADC_ConfigChannel
                0x0000000008002204      0x2ac ./Drivers/STM32F7xx_HAL_Driver/Src/stm32f7xx_hal_adc.o
                0x0000000008002204                HAL_ADC_ConfigChannel
 .text.ADC_Init
                0x00000000080024b0      0x1f4 ./Drivers/STM32F7xx_HAL_Driver/Src/stm32f7xx_hal_adc.o
 .text.HAL_CAN_Init
                0x00000000080026a4      0x1f6 ./Drivers/STM32F7xx_HAL_Driver/Src/stm32f7xx_hal_can.o
                0x00000000080026a4                HAL_CAN_Init
 *fill*         0x000000000800289a        0x2 
 .text.HAL_CAN_ConfigFilter
                0x000000000800289c      0x1d8 ./Drivers/STM32F7xx_HAL_Driver/Src/stm32f7xx_hal_can.o
                0x000000000800289c                HAL_CAN_ConfigFilter
 .text.HAL_CAN_Start
                0x0000000008002a74       0x88 ./Drivers/STM32F7xx_HAL_Driver/Src/stm32f7xx_hal_can.o
                0x0000000008002a74                HAL_CAN_Start
 .text.HAL_CAN_AddTxMessage
                0x0000000008002afc      0x1b6 ./Drivers/STM32F7xx_HAL_Driver/Src/stm32f7xx_hal_can.o
                0x0000000008002afc                HAL_CAN_AddTxMessage
 .text.HAL_CAN_GetRxMessage
                0x0000000008002cb2      0x224 ./Drivers/STM32F7xx_HAL_Driver/Src/stm32f7xx_hal_can.o
                0x0000000008002cb2                HAL_CAN_GetRxMessage
 .text.HAL_CAN_ActivateNotification
                0x0000000008002ed6       0x4c ./Drivers/STM32F7xx_HAL_Driver/Src/stm32f7xx_hal_can.o
                0x0000000008002ed6                HAL_CAN_ActivateNotification
 .text.HAL_CAN_IRQHandler
                0x0000000008002f22      0x36e ./Drivers/STM32F7xx_HAL_Driver/Src/stm32f7xx_hal_can.o
                0x0000000008002f22                HAL_CAN_IRQHandler
 .text.HAL_CAN_TxMailbox0CompleteCallback
                0x0000000008003290       0x14 ./Drivers/STM32F7xx_HAL_Driver/Src/stm32f7xx_hal_can.o
                0x0000000008003290                HAL_CAN_TxMailbox0CompleteCallback
 .text.HAL_CAN_TxMailbox1CompleteCallback
                0x00000000080032a4       0x14 ./Drivers/STM32F7xx_HAL_Driver/Src/stm32f7xx_hal_can.o
                0x00000000080032a4                HAL_CAN_TxMailbox1CompleteCallback
 .text.HAL_CAN_TxMailbox2CompleteCallback
                0x00000000080032b8       0x14 ./Drivers/STM32F7xx_HAL_Driver/Src/stm32f7xx_hal_can.o
                0x00000000080032b8                HAL_CAN_TxMailbox2CompleteCallback
 .text.HAL_CAN_TxMailbox0AbortCallback
                0x00000000080032cc       0x14 ./Drivers/STM32F7xx_HAL_Driver/Src/stm32f7xx_hal_can.o
                0x00000000080032cc                HAL_CAN_TxMailbox0AbortCallback
 .text.HAL_CAN_TxMailbox1AbortCallback
                0x00000000080032e0       0x14 ./Drivers/STM32F7xx_HAL_Driver/Src/stm32f7xx_hal_can.o
                0x00000000080032e0                HAL_CAN_TxMailbox1AbortCallback
 .text.HAL_CAN_TxMailbox2AbortCallback
                0x00000000080032f4       0x14 ./Drivers/STM32F7xx_HAL_Driver/Src/stm32f7xx_hal_can.o
                0x00000000080032f4                HAL_CAN_TxMailbox2AbortCallback
 .text.HAL_CAN_RxFifo0FullCallback
                0x0000000008003308       0x14 ./Drivers/STM32F7xx_HAL_Driver/Src/stm32f7xx_hal_can.o
                0x0000000008003308                HAL_CAN_RxFifo0FullCallback
 .text.HAL_CAN_RxFifo1FullCallback
                0x000000000800331c       0x14 ./Drivers/STM32F7xx_HAL_Driver/Src/stm32f7xx_hal_can.o
                0x000000000800331c                HAL_CAN_RxFifo1FullCallback
 .text.HAL_CAN_SleepCallback
                0x0000000008003330       0x14 ./Drivers/STM32F7xx_HAL_Driver/Src/stm32f7xx_hal_can.o
                0x0000000008003330                HAL_CAN_SleepCallback
 .text.HAL_CAN_WakeUpFromRxMsgCallback
                0x0000000008003344       0x14 ./Drivers/STM32F7xx_HAL_Driver/Src/stm32f7xx_hal_can.o
                0x0000000008003344                HAL_CAN_WakeUpFromRxMsgCallback
 .text.HAL_CAN_ErrorCallback
                0x0000000008003358       0x14 ./Drivers/STM32F7xx_HAL_Driver/Src/stm32f7xx_hal_can.o
                0x0000000008003358                HAL_CAN_ErrorCallback
 .text.__NVIC_SetPriorityGrouping
                0x000000000800336c       0x48 ./Drivers/STM32F7xx_HAL_Driver/Src/stm32f7xx_hal_cortex.o
 .text.__NVIC_GetPriorityGrouping
                0x00000000080033b4       0x1c ./Drivers/STM32F7xx_HAL_Driver/Src/stm32f7xx_hal_cortex.o
 .text.__NVIC_EnableIRQ
                0x00000000080033d0       0x3c ./Drivers/STM32F7xx_HAL_Driver/Src/stm32f7xx_hal_cortex.o
 .text.__NVIC_SetPriority
                0x000000000800340c       0x54 ./Drivers/STM32F7xx_HAL_Driver/Src/stm32f7xx_hal_cortex.o
 .text.NVIC_EncodePriority
                0x0000000008003460       0x66 ./Drivers/STM32F7xx_HAL_Driver/Src/stm32f7xx_hal_cortex.o
 *fill*         0x00000000080034c6        0x2 
 .text.SysTick_Config
                0x00000000080034c8       0x44 ./Drivers/STM32F7xx_HAL_Driver/Src/stm32f7xx_hal_cortex.o
 .text.HAL_NVIC_SetPriorityGrouping
                0x000000000800350c       0x16 ./Drivers/STM32F7xx_HAL_Driver/Src/stm32f7xx_hal_cortex.o
                0x000000000800350c                HAL_NVIC_SetPriorityGrouping
 .text.HAL_NVIC_SetPriority
                0x0000000008003522       0x38 ./Drivers/STM32F7xx_HAL_Driver/Src/stm32f7xx_hal_cortex.o
                0x0000000008003522                HAL_NVIC_SetPriority
 .text.HAL_NVIC_EnableIRQ
                0x000000000800355a       0x1c ./Drivers/STM32F7xx_HAL_Driver/Src/stm32f7xx_hal_cortex.o
                0x000000000800355a                HAL_NVIC_EnableIRQ
 .text.HAL_SYSTICK_Config
                0x0000000008003576       0x18 ./Drivers/STM32F7xx_HAL_Driver/Src/stm32f7xx_hal_cortex.o
                0x0000000008003576                HAL_SYSTICK_Config
 *fill*         0x000000000800358e        0x2 
 .text.HAL_GPIO_Init
                0x0000000008003590      0x358 ./Drivers/STM32F7xx_HAL_Driver/Src/stm32f7xx_hal_gpio.o
                0x0000000008003590                HAL_GPIO_Init
 .text.HAL_GPIO_ReadPin
                0x00000000080038e8       0x30 ./Drivers/STM32F7xx_HAL_Driver/Src/stm32f7xx_hal_gpio.o
                0x00000000080038e8                HAL_GPIO_ReadPin
 .text.HAL_GPIO_WritePin
                0x0000000008003918       0x32 ./Drivers/STM32F7xx_HAL_Driver/Src/stm32f7xx_hal_gpio.o
                0x0000000008003918                HAL_GPIO_WritePin
 .text.HAL_GPIO_TogglePin
                0x000000000800394a       0x34 ./Drivers/STM32F7xx_HAL_Driver/Src/stm32f7xx_hal_gpio.o
                0x000000000800394a                HAL_GPIO_TogglePin
 *fill*         0x000000000800397e        0x2 
 .text.HAL_GPIO_EXTI_IRQHandler
                0x0000000008003980       0x30 ./Drivers/STM32F7xx_HAL_Driver/Src/stm32f7xx_hal_gpio.o
                0x0000000008003980                HAL_GPIO_EXTI_IRQHandler
 .text.HAL_PWREx_EnableOverDrive
                0x00000000080039b0       0xa0 ./Drivers/STM32F7xx_HAL_Driver/Src/stm32f7xx_hal_pwr_ex.o
                0x00000000080039b0                HAL_PWREx_EnableOverDrive
 .text.HAL_RCC_OscConfig
                0x0000000008003a50      0x55c ./Drivers/STM32F7xx_HAL_Driver/Src/stm32f7xx_hal_rcc.o
                0x0000000008003a50                HAL_RCC_OscConfig
 .text.HAL_RCC_ClockConfig
                0x0000000008003fac      0x1d8 ./Drivers/STM32F7xx_HAL_Driver/Src/stm32f7xx_hal_rcc.o
                0x0000000008003fac                HAL_RCC_ClockConfig
 .text.HAL_RCC_GetSysClockFreq
                0x0000000008004184      0x16c ./Drivers/STM32F7xx_HAL_Driver/Src/stm32f7xx_hal_rcc.o
                0x0000000008004184                HAL_RCC_GetSysClockFreq
 .text.HAL_SPI_Init
                0x00000000080042f0      0x156 ./Drivers/STM32F7xx_HAL_Driver/Src/stm32f7xx_hal_spi.o
                0x00000000080042f0                HAL_SPI_Init
 .text.HAL_SPI_Transmit
                0x0000000008004446      0x2dc ./Drivers/STM32F7xx_HAL_Driver/Src/stm32f7xx_hal_spi.o
                0x0000000008004446                HAL_SPI_Transmit
 .text.HAL_SPI_Receive
                0x0000000008004722      0x260 ./Drivers/STM32F7xx_HAL_Driver/Src/stm32f7xx_hal_spi.o
                0x0000000008004722                HAL_SPI_Receive
 .text.HAL_SPI_TransmitReceive
                0x0000000008004982      0x426 ./Drivers/STM32F7xx_HAL_Driver/Src/stm32f7xx_hal_spi.o
                0x0000000008004982                HAL_SPI_TransmitReceive
 .text.SPI_WaitFlagStateUntilTimeout
                0x0000000008004da8      0x110 ./Drivers/STM32F7xx_HAL_Driver/Src/stm32f7xx_hal_spi.o
 .text.SPI_WaitFifoStateUntilTimeout
                0x0000000008004eb8      0x12c ./Drivers/STM32F7xx_HAL_Driver/Src/stm32f7xx_hal_spi.o
 .text.SPI_EndRxTransaction
                0x0000000008004fe4       0xf8 ./Drivers/STM32F7xx_HAL_Driver/Src/stm32f7xx_hal_spi.o
 .text.SPI_EndRxTxTransaction
                0x00000000080050dc       0xd4 ./Drivers/STM32F7xx_HAL_Driver/Src/stm32f7xx_hal_spi.o
 .text.HAL_TIM_Base_Init
                0x00000000080051b0       0xae ./Drivers/STM32F7xx_HAL_Driver/Src/stm32f7xx_hal_tim.o
                0x00000000080051b0                HAL_TIM_Base_Init
 *fill*         0x000000000800525e        0x2 
 .text.HAL_TIM_Base_Start_IT
                0x0000000008005260       0xf0 ./Drivers/STM32F7xx_HAL_Driver/Src/stm32f7xx_hal_tim.o
                0x0000000008005260                HAL_TIM_Base_Start_IT
 .text.HAL_TIM_Base_Stop_IT
                0x0000000008005350       0x5e ./Drivers/STM32F7xx_HAL_Driver/Src/stm32f7xx_hal_tim.o
                0x0000000008005350                HAL_TIM_Base_Stop_IT
 .text.HAL_TIM_IRQHandler
                0x00000000080053ae      0x23e ./Drivers/STM32F7xx_HAL_Driver/Src/stm32f7xx_hal_tim.o
                0x00000000080053ae                HAL_TIM_IRQHandler
 .text.HAL_TIM_OC_DelayElapsedCallback
                0x00000000080055ec       0x14 ./Drivers/STM32F7xx_HAL_Driver/Src/stm32f7xx_hal_tim.o
                0x00000000080055ec                HAL_TIM_OC_DelayElapsedCallback
 .text.HAL_TIM_IC_CaptureCallback
                0x0000000008005600       0x14 ./Drivers/STM32F7xx_HAL_Driver/Src/stm32f7xx_hal_tim.o
                0x0000000008005600                HAL_TIM_IC_CaptureCallback
 .text.HAL_TIM_PWM_PulseFinishedCallback
                0x0000000008005614       0x14 ./Drivers/STM32F7xx_HAL_Driver/Src/stm32f7xx_hal_tim.o
                0x0000000008005614                HAL_TIM_PWM_PulseFinishedCallback
 .text.HAL_TIM_TriggerCallback
                0x0000000008005628       0x14 ./Drivers/STM32F7xx_HAL_Driver/Src/stm32f7xx_hal_tim.o
                0x0000000008005628                HAL_TIM_TriggerCallback
 .text.TIM_Base_SetConfig
                0x000000000800563c      0x140 ./Drivers/STM32F7xx_HAL_Driver/Src/stm32f7xx_hal_tim.o
                0x000000000800563c                TIM_Base_SetConfig
 .text.HAL_TIMEx_CommutCallback
                0x000000000800577c       0x14 ./Drivers/STM32F7xx_HAL_Driver/Src/stm32f7xx_hal_tim_ex.o
                0x000000000800577c                HAL_TIMEx_CommutCallback
 .text.HAL_TIMEx_BreakCallback
                0x0000000008005790       0x14 ./Drivers/STM32F7xx_HAL_Driver/Src/stm32f7xx_hal_tim_ex.o
                0x0000000008005790                HAL_TIMEx_BreakCallback
 .text.HAL_TIMEx_Break2Callback
                0x00000000080057a4       0x14 ./Drivers/STM32F7xx_HAL_Driver/Src/stm32f7xx_hal_tim_ex.o
                0x00000000080057a4                HAL_TIMEx_Break2Callback
 .text.__libc_init_array
                0x00000000080057b8       0x48 c:/st/stm32cubeide_1.4.0/stm32cubeide/plugins/com.st.stm32cube.ide.mcu.externaltools.gnu-tools-for-stm32.9-2020-q2-update.win32_2.0.0.202105311346/tools/bin/../lib/gcc/arm-none-eabi/9.3.1/../../../../arm-none-eabi/lib/thumb/v7e-m+dp/hard\libc_nano.a(lib_a-init.o)
                0x00000000080057b8                __libc_init_array
 .text.memset   0x0000000008005800       0x10 c:/st/stm32cubeide_1.4.0/stm32cubeide/plugins/com.st.stm32cube.ide.mcu.externaltools.gnu-tools-for-stm32.9-2020-q2-update.win32_2.0.0.202105311346/tools/bin/../lib/gcc/arm-none-eabi/9.3.1/../../../../arm-none-eabi/lib/thumb/v7e-m+dp/hard\libc_nano.a(lib_a-memset.o)
                0x0000000008005800                memset
 *(.glue_7)
 .glue_7        0x0000000008005810        0x0 linker stubs
 *(.glue_7t)
 .glue_7t       0x0000000008005810        0x0 linker stubs
 *(.eh_frame)
 .eh_frame      0x0000000008005810        0x0 c:/st/stm32cubeide_1.4.0/stm32cubeide/plugins/com.st.stm32cube.ide.mcu.externaltools.gnu-tools-for-stm32.9-2020-q2-update.win32_2.0.0.202105311346/tools/bin/../lib/gcc/arm-none-eabi/9.3.1/thumb/v7e-m+dp/hard/crtbegin.o
 *(.init)
 .init          0x0000000008005810        0x4 c:/st/stm32cubeide_1.4.0/stm32cubeide/plugins/com.st.stm32cube.ide.mcu.externaltools.gnu-tools-for-stm32.9-2020-q2-update.win32_2.0.0.202105311346/tools/bin/../lib/gcc/arm-none-eabi/9.3.1/thumb/v7e-m+dp/hard/crti.o
                0x0000000008005810                _init
 .init          0x0000000008005814        0x8 c:/st/stm32cubeide_1.4.0/stm32cubeide/plugins/com.st.stm32cube.ide.mcu.externaltools.gnu-tools-for-stm32.9-2020-q2-update.win32_2.0.0.202105311346/tools/bin/../lib/gcc/arm-none-eabi/9.3.1/thumb/v7e-m+dp/hard/crtn.o
 *(.fini)
 .fini          0x000000000800581c        0x4 c:/st/stm32cubeide_1.4.0/stm32cubeide/plugins/com.st.stm32cube.ide.mcu.externaltools.gnu-tools-for-stm32.9-2020-q2-update.win32_2.0.0.202105311346/tools/bin/../lib/gcc/arm-none-eabi/9.3.1/thumb/v7e-m+dp/hard/crti.o
                0x000000000800581c                _fini
 .fini          0x0000000008005820        0x8 c:/st/stm32cubeide_1.4.0/stm32cubeide/plugins/com.st.stm32cube.ide.mcu.externaltools.gnu-tools-for-stm32.9-2020-q2-update.win32_2.0.0.202105311346/tools/bin/../lib/gcc/arm-none-eabi/9.3.1/thumb/v7e-m+dp/hard/crtn.o
                0x0000000008005828                . = ALIGN (0x4)
                0x0000000008005828                _etext = .

.vfp11_veneer   0x0000000008005828        0x0
 .vfp11_veneer  0x0000000008005828        0x0 linker stubs

.v4_bx          0x0000000008005828        0x0
 .v4_bx         0x0000000008005828        0x0 linker stubs

.iplt           0x0000000008005828        0x0
 .iplt          0x0000000008005828        0x0 c:/st/stm32cubeide_1.4.0/stm32cubeide/plugins/com.st.stm32cube.ide.mcu.externaltools.gnu-tools-for-stm32.9-2020-q2-update.win32_2.0.0.202105311346/tools/bin/../lib/gcc/arm-none-eabi/9.3.1/thumb/v7e-m+dp/hard/crtbegin.o

.rodata         0x0000000008005828       0x10
                0x0000000008005828                . = ALIGN (0x4)
 *(.rodata)
 *(.rodata*)
 .rodata.AHBPrescTable
                0x0000000008005828       0x10 ./Core/Src/system_stm32f7xx.o
                0x0000000008005828                AHBPrescTable
                0x0000000008005838                . = ALIGN (0x4)

.ARM.extab      0x0000000008005838        0x0
                0x0000000008005838                . = ALIGN (0x4)
 *(.ARM.extab* .gnu.linkonce.armextab.*)
                0x0000000008005838                . = ALIGN (0x4)

.ARM            0x0000000008005838        0x8
                0x0000000008005838                . = ALIGN (0x4)
                0x0000000008005838                __exidx_start = .
 *(.ARM.exidx*)
 .ARM.exidx     0x0000000008005838        0x8 c:/st/stm32cubeide_1.4.0/stm32cubeide/plugins/com.st.stm32cube.ide.mcu.externaltools.gnu-tools-for-stm32.9-2020-q2-update.win32_2.0.0.202105311346/tools/bin/../lib/gcc/arm-none-eabi/9.3.1/thumb/v7e-m+dp/hard\libgcc.a(_udivmoddi4.o)
                0x0000000008005840                __exidx_end = .
                0x0000000008005840                . = ALIGN (0x4)

.rel.dyn        0x0000000008005840        0x0
 .rel.iplt      0x0000000008005840        0x0 c:/st/stm32cubeide_1.4.0/stm32cubeide/plugins/com.st.stm32cube.ide.mcu.externaltools.gnu-tools-for-stm32.9-2020-q2-update.win32_2.0.0.202105311346/tools/bin/../lib/gcc/arm-none-eabi/9.3.1/thumb/v7e-m+dp/hard/crtbegin.o

.preinit_array  0x0000000008005840        0x0
                0x0000000008005840                . = ALIGN (0x4)
                0x0000000008005840                PROVIDE (__preinit_array_start = .)
 *(.preinit_array*)
                0x0000000008005840                PROVIDE (__preinit_array_end = .)
                0x0000000008005840                . = ALIGN (0x4)

.init_array     0x0000000008005840        0x4
                0x0000000008005840                . = ALIGN (0x4)
                0x0000000008005840                PROVIDE (__init_array_start = .)
 *(SORT_BY_NAME(.init_array.*))
 *(.init_array*)
 .init_array    0x0000000008005840        0x4 c:/st/stm32cubeide_1.4.0/stm32cubeide/plugins/com.st.stm32cube.ide.mcu.externaltools.gnu-tools-for-stm32.9-2020-q2-update.win32_2.0.0.202105311346/tools/bin/../lib/gcc/arm-none-eabi/9.3.1/thumb/v7e-m+dp/hard/crtbegin.o
                0x0000000008005844                PROVIDE (__init_array_end = .)
                0x0000000008005844                . = ALIGN (0x4)

.fini_array     0x0000000008005844        0x4
                0x0000000008005844                . = ALIGN (0x4)
                [!provide]                        PROVIDE (__fini_array_start = .)
 *(SORT_BY_NAME(.fini_array.*))
 *(.fini_array*)
 .fini_array    0x0000000008005844        0x4 c:/st/stm32cubeide_1.4.0/stm32cubeide/plugins/com.st.stm32cube.ide.mcu.externaltools.gnu-tools-for-stm32.9-2020-q2-update.win32_2.0.0.202105311346/tools/bin/../lib/gcc/arm-none-eabi/9.3.1/thumb/v7e-m+dp/hard/crtbegin.o
                [!provide]                        PROVIDE (__fini_array_end = .)
                0x0000000008005848                . = ALIGN (0x4)
                0x0000000008005848                _sidata = LOADADDR (.data)

.data           0x0000000020000000       0x10 load address 0x0000000008005848
                0x0000000020000000                . = ALIGN (0x4)
                0x0000000020000000                _sdata = .
 *(.data)
 *(.data*)
 .data.state    0x0000000020000000        0x1 ./Core/Src/main.o
                0x0000000020000000                state
 *fill*         0x0000000020000001        0x3 
 .data.SystemCoreClock
                0x0000000020000004        0x4 ./Core/Src/system_stm32f7xx.o
                0x0000000020000004                SystemCoreClock
 .data.uwTickPrio
                0x0000000020000008        0x4 ./Drivers/STM32F7xx_HAL_Driver/Src/stm32f7xx_hal.o
                0x0000000020000008                uwTickPrio
 .data.uwTickFreq
                0x000000002000000c        0x1 ./Drivers/STM32F7xx_HAL_Driver/Src/stm32f7xx_hal.o
                0x000000002000000c                uwTickFreq
 *(.RamFunc)
 *(.RamFunc*)
                0x0000000020000010                . = ALIGN (0x4)
 *fill*         0x000000002000000d        0x3 
                0x0000000020000010                _edata = .

.igot.plt       0x0000000020000010        0x0 load address 0x0000000008005858
 .igot.plt      0x0000000020000010        0x0 c:/st/stm32cubeide_1.4.0/stm32cubeide/plugins/com.st.stm32cube.ide.mcu.externaltools.gnu-tools-for-stm32.9-2020-q2-update.win32_2.0.0.202105311346/tools/bin/../lib/gcc/arm-none-eabi/9.3.1/thumb/v7e-m+dp/hard/crtbegin.o
                0x0000000020000010                . = ALIGN (0x4)

.bss            0x0000000020000010      0x474 load address 0x0000000008005858
                0x0000000020000010                _sbss = .
                0x0000000020000010                __bss_start__ = _sbss
 *(.bss)
 .bss           0x0000000020000010       0x1c c:/st/stm32cubeide_1.4.0/stm32cubeide/plugins/com.st.stm32cube.ide.mcu.externaltools.gnu-tools-for-stm32.9-2020-q2-update.win32_2.0.0.202105311346/tools/bin/../lib/gcc/arm-none-eabi/9.3.1/thumb/v7e-m+dp/hard/crtbegin.o
 *(.bss*)
 .bss.start_pressed
                0x000000002000002c        0x1 ./Core/Src/main.o
                0x000000002000002c                start_pressed
 *fill*         0x000000002000002d        0x3 
 .bss.mpo2_data
                0x0000000020000030        0x8 ./Core/Src/main.o
                0x0000000020000030                mpo2_data
 .bss.mpo3_data
                0x0000000020000038        0x8 ./Core/Src/main.o
                0x0000000020000038                mpo3_data
 .bss.mpo4_data
                0x0000000020000040        0x8 ./Core/Src/main.o
                0x0000000020000040                mpo4_data
 .bss.contactor_delay_cnt
                0x0000000020000048        0x1 ./Core/Src/main.o
                0x0000000020000048                contactor_delay_cnt
 .bss.active_rx1
                0x0000000020000049        0x1 ./Core/Src/main.o
                0x0000000020000049                active_rx1
 .bss.active_rx2
                0x000000002000004a        0x1 ./Core/Src/main.o
                0x000000002000004a                active_rx2
 *fill*         0x000000002000004b        0x1 
 .bss.TxData    0x000000002000004c        0x8 ./Core/Src/main.o
                0x000000002000004c                TxData
 .bss.HAL_RCC_CAN1_CLK_ENABLED
                0x0000000020000054        0x4 ./Core/Src/stm32f7xx_hal_msp.o
 *(COMMON)
 COMMON         0x0000000020000058      0x428 ./Core/Src/main.o
                0x0000000020000058                amk0_sp
                0x000000002000005c                TxHeader2
                0x0000000020000074                x
                0x0000000020000078                amk0_av1_tx_data
                0x0000000020000080                amk0_av2_tx_data
                0x0000000020000088                hadc2
                0x00000000200000d0                htim10
                0x000000002000011c                startup
                0x0000000020000120                TxHeader3
                0x0000000020000138                amk0_av2
                0x000000002000013c                amk0_av1_tx_header
                0x0000000020000154                zg
                0x0000000020000158                amk_tx_mailbox
                0x000000002000015c                hcan3
                0x0000000020000184                powertrain_rx_data
                0x000000002000018c                mpo4_tx_header
                0x00000000200001a4                z
                0x00000000200001a8                hadc1
                0x00000000200001f0                hadc3
                0x0000000020000238                amk0_av2_tx_header
                0x0000000020000250                htim13
                0x000000002000029c                mpo2_tx_header
                0x00000000200002b4                mpo3_tx_header
                0x00000000200002cc                powertrain_rx_header
                0x00000000200002e8                amk1_sp
                0x00000000200002ec                hspi4
                0x0000000020000350                bms_rx_header
                0x000000002000036c                y
                0x0000000020000370                TxMailbox
                0x0000000020000374                amk0_sp_tx_header
                0x000000002000038c                RxData
                0x0000000020000394                hcan1
                0x00000000200003bc                htim14
                0x0000000020000408                yg
                0x000000002000040c                TxHeader
                0x0000000020000424                amk1_av1
                0x0000000020000428                amk1_av2
                0x000000002000042c                RxHeader
                0x0000000020000448                bms_rx_data
                0x0000000020000450                data_rec
                0x0000000020000458                amk0_sp_tx_data
                0x0000000020000460                xg
                0x0000000020000464                amk0_av1
                0x0000000020000468                TxHeader4
 COMMON         0x0000000020000480        0x4 ./Drivers/STM32F7xx_HAL_Driver/Src/stm32f7xx_hal.o
                0x0000000020000480                uwTick
                0x0000000020000484                . = ALIGN (0x4)
                0x0000000020000484                _ebss = .
                0x0000000020000484                __bss_end__ = _ebss

._user_heap_stack
                0x0000000020000484      0x604 load address 0x0000000008005858
                0x0000000020000488                . = ALIGN (0x8)
 *fill*         0x0000000020000484        0x4 
                [!provide]                        PROVIDE (end = .)
                0x0000000020000488                PROVIDE (_end = .)
                0x0000000020000688                . = (. + _Min_Heap_Size)
 *fill*         0x0000000020000488      0x200 
                0x0000000020000a88                . = (. + _Min_Stack_Size)
 *fill*         0x0000000020000688      0x400 
                0x0000000020000a88                . = ALIGN (0x8)

/DISCARD/
 libc.a(*)
 libm.a(*)
 libgcc.a(*)

.ARM.attributes
                0x0000000000000000       0x2e
 *(.ARM.attributes)
 .ARM.attributes
                0x0000000000000000       0x1e c:/st/stm32cubeide_1.4.0/stm32cubeide/plugins/com.st.stm32cube.ide.mcu.externaltools.gnu-tools-for-stm32.9-2020-q2-update.win32_2.0.0.202105311346/tools/bin/../lib/gcc/arm-none-eabi/9.3.1/thumb/v7e-m+dp/hard/crti.o
 .ARM.attributes
                0x000000000000001e       0x32 c:/st/stm32cubeide_1.4.0/stm32cubeide/plugins/com.st.stm32cube.ide.mcu.externaltools.gnu-tools-for-stm32.9-2020-q2-update.win32_2.0.0.202105311346/tools/bin/../lib/gcc/arm-none-eabi/9.3.1/thumb/v7e-m+dp/hard/crtbegin.o
 .ARM.attributes
                0x0000000000000050       0x32 ./Core/Src/can_msg.o
 .ARM.attributes
                0x0000000000000082       0x32 ./Core/Src/main.o
 .ARM.attributes
                0x00000000000000b4       0x32 ./Core/Src/stm32f7xx_hal_msp.o
 .ARM.attributes
                0x00000000000000e6       0x32 ./Core/Src/stm32f7xx_it.o
 .ARM.attributes
                0x0000000000000118       0x32 ./Core/Src/system_stm32f7xx.o
 .ARM.attributes
                0x000000000000014a       0x21 ./Core/Startup/startup_stm32f767zitx.o
 .ARM.attributes
                0x000000000000016b       0x32 ./Drivers/STM32F7xx_HAL_Driver/Src/stm32f7xx_hal.o
 .ARM.attributes
                0x000000000000019d       0x32 ./Drivers/STM32F7xx_HAL_Driver/Src/stm32f7xx_hal_adc.o
 .ARM.attributes
                0x00000000000001cf       0x32 ./Drivers/STM32F7xx_HAL_Driver/Src/stm32f7xx_hal_can.o
 .ARM.attributes
                0x0000000000000201       0x32 ./Drivers/STM32F7xx_HAL_Driver/Src/stm32f7xx_hal_cortex.o
 .ARM.attributes
                0x0000000000000233       0x32 ./Drivers/STM32F7xx_HAL_Driver/Src/stm32f7xx_hal_gpio.o
 .ARM.attributes
                0x0000000000000265       0x32 ./Drivers/STM32F7xx_HAL_Driver/Src/stm32f7xx_hal_pwr_ex.o
 .ARM.attributes
                0x0000000000000297       0x32 ./Drivers/STM32F7xx_HAL_Driver/Src/stm32f7xx_hal_rcc.o
 .ARM.attributes
                0x00000000000002c9       0x32 ./Drivers/STM32F7xx_HAL_Driver/Src/stm32f7xx_hal_spi.o
 .ARM.attributes
                0x00000000000002fb       0x32 ./Drivers/STM32F7xx_HAL_Driver/Src/stm32f7xx_hal_tim.o
 .ARM.attributes
                0x000000000000032d       0x32 ./Drivers/STM32F7xx_HAL_Driver/Src/stm32f7xx_hal_tim_ex.o
 .ARM.attributes
                0x000000000000035f       0x32 c:/st/stm32cubeide_1.4.0/stm32cubeide/plugins/com.st.stm32cube.ide.mcu.externaltools.gnu-tools-for-stm32.9-2020-q2-update.win32_2.0.0.202105311346/tools/bin/../lib/gcc/arm-none-eabi/9.3.1/../../../../arm-none-eabi/lib/thumb/v7e-m+dp/hard\libc_nano.a(lib_a-init.o)
 .ARM.attributes
                0x0000000000000391       0x32 c:/st/stm32cubeide_1.4.0/stm32cubeide/plugins/com.st.stm32cube.ide.mcu.externaltools.gnu-tools-for-stm32.9-2020-q2-update.win32_2.0.0.202105311346/tools/bin/../lib/gcc/arm-none-eabi/9.3.1/../../../../arm-none-eabi/lib/thumb/v7e-m+dp/hard\libc_nano.a(lib_a-memset.o)
 .ARM.attributes
                0x00000000000003c3       0x1e c:/st/stm32cubeide_1.4.0/stm32cubeide/plugins/com.st.stm32cube.ide.mcu.externaltools.gnu-tools-for-stm32.9-2020-q2-update.win32_2.0.0.202105311346/tools/bin/../lib/gcc/arm-none-eabi/9.3.1/thumb/v7e-m+dp/hard\libgcc.a(_aeabi_uldivmod.o)
 .ARM.attributes
                0x00000000000003e1       0x32 c:/st/stm32cubeide_1.4.0/stm32cubeide/plugins/com.st.stm32cube.ide.mcu.externaltools.gnu-tools-for-stm32.9-2020-q2-update.win32_2.0.0.202105311346/tools/bin/../lib/gcc/arm-none-eabi/9.3.1/thumb/v7e-m+dp/hard\libgcc.a(_udivmoddi4.o)
 .ARM.attributes
                0x0000000000000413       0x1e c:/st/stm32cubeide_1.4.0/stm32cubeide/plugins/com.st.stm32cube.ide.mcu.externaltools.gnu-tools-for-stm32.9-2020-q2-update.win32_2.0.0.202105311346/tools/bin/../lib/gcc/arm-none-eabi/9.3.1/thumb/v7e-m+dp/hard\libgcc.a(_dvmd_tls.o)
 .ARM.attributes
                0x0000000000000431       0x1e c:/st/stm32cubeide_1.4.0/stm32cubeide/plugins/com.st.stm32cube.ide.mcu.externaltools.gnu-tools-for-stm32.9-2020-q2-update.win32_2.0.0.202105311346/tools/bin/../lib/gcc/arm-none-eabi/9.3.1/thumb/v7e-m+dp/hard/crtn.o
OUTPUT(FRONT_CONTROLLER.elf elf32-littlearm)
LOAD linker stubs
LOAD c:/st/stm32cubeide_1.4.0/stm32cubeide/plugins/com.st.stm32cube.ide.mcu.externaltools.gnu-tools-for-stm32.9-2020-q2-update.win32_2.0.0.202105311346/tools/bin/../lib/gcc/arm-none-eabi/9.3.1/../../../../arm-none-eabi/lib/thumb/v7e-m+dp/hard\libc.a
LOAD c:/st/stm32cubeide_1.4.0/stm32cubeide/plugins/com.st.stm32cube.ide.mcu.externaltools.gnu-tools-for-stm32.9-2020-q2-update.win32_2.0.0.202105311346/tools/bin/../lib/gcc/arm-none-eabi/9.3.1/../../../../arm-none-eabi/lib/thumb/v7e-m+dp/hard\libm.a
LOAD c:/st/stm32cubeide_1.4.0/stm32cubeide/plugins/com.st.stm32cube.ide.mcu.externaltools.gnu-tools-for-stm32.9-2020-q2-update.win32_2.0.0.202105311346/tools/bin/../lib/gcc/arm-none-eabi/9.3.1/thumb/v7e-m+dp/hard\libgcc.a

.debug_info     0x0000000000000000    0x133cb
 .debug_info    0x0000000000000000     0x2a83 ./Core/Src/can_msg.o
 .debug_info    0x0000000000002a83     0x2656 ./Core/Src/main.o
 .debug_info    0x00000000000050d9     0x1a1b ./Core/Src/stm32f7xx_hal_msp.o
 .debug_info    0x0000000000006af4      0xcf2 ./Core/Src/stm32f7xx_it.o
 .debug_info    0x00000000000077e6      0x7ad ./Core/Src/system_stm32f7xx.o
 .debug_info    0x0000000000007f93       0x22 ./Core/Startup/startup_stm32f767zitx.o
 .debug_info    0x0000000000007fb5      0xab8 ./Drivers/STM32F7xx_HAL_Driver/Src/stm32f7xx_hal.o
 .debug_info    0x0000000000008a6d      0xd86 ./Drivers/STM32F7xx_HAL_Driver/Src/stm32f7xx_hal_adc.o
 .debug_info    0x00000000000097f3     0x1095 ./Drivers/STM32F7xx_HAL_Driver/Src/stm32f7xx_hal_can.o
 .debug_info    0x000000000000a888     0x1158 ./Drivers/STM32F7xx_HAL_Driver/Src/stm32f7xx_hal_cortex.o
 .debug_info    0x000000000000b9e0      0x876 ./Drivers/STM32F7xx_HAL_Driver/Src/stm32f7xx_hal_gpio.o
 .debug_info    0x000000000000c256      0x9f6 ./Drivers/STM32F7xx_HAL_Driver/Src/stm32f7xx_hal_pwr_ex.o
 .debug_info    0x000000000000cc4c      0xa28 ./Drivers/STM32F7xx_HAL_Driver/Src/stm32f7xx_hal_rcc.o
 .debug_info    0x000000000000d674     0x186a ./Drivers/STM32F7xx_HAL_Driver/Src/stm32f7xx_hal_spi.o
 .debug_info    0x000000000000eede     0x2d5a ./Drivers/STM32F7xx_HAL_Driver/Src/stm32f7xx_hal_tim.o
 .debug_info    0x0000000000011c38     0x1793 ./Drivers/STM32F7xx_HAL_Driver/Src/stm32f7xx_hal_tim_ex.o

.debug_abbrev   0x0000000000000000     0x21fe
 .debug_abbrev  0x0000000000000000      0x259 ./Core/Src/can_msg.o
 .debug_abbrev  0x0000000000000259      0x2f7 ./Core/Src/main.o
 .debug_abbrev  0x0000000000000550      0x237 ./Core/Src/stm32f7xx_hal_msp.o
 .debug_abbrev  0x0000000000000787      0x1d2 ./Core/Src/stm32f7xx_it.o
 .debug_abbrev  0x0000000000000959      0x165 ./Core/Src/system_stm32f7xx.o
 .debug_abbrev  0x0000000000000abe       0x12 ./Core/Startup/startup_stm32f767zitx.o
 .debug_abbrev  0x0000000000000ad0      0x1ed ./Drivers/STM32F7xx_HAL_Driver/Src/stm32f7xx_hal.o
 .debug_abbrev  0x0000000000000cbd      0x22f ./Drivers/STM32F7xx_HAL_Driver/Src/stm32f7xx_hal_adc.o
 .debug_abbrev  0x0000000000000eec      0x255 ./Drivers/STM32F7xx_HAL_Driver/Src/stm32f7xx_hal_can.o
 .debug_abbrev  0x0000000000001141      0x33c ./Drivers/STM32F7xx_HAL_Driver/Src/stm32f7xx_hal_cortex.o
 .debug_abbrev  0x000000000000147d      0x1f1 ./Drivers/STM32F7xx_HAL_Driver/Src/stm32f7xx_hal_gpio.o
 .debug_abbrev  0x000000000000166e      0x1dc ./Drivers/STM32F7xx_HAL_Driver/Src/stm32f7xx_hal_pwr_ex.o
 .debug_abbrev  0x000000000000184a      0x29c ./Drivers/STM32F7xx_HAL_Driver/Src/stm32f7xx_hal_rcc.o
 .debug_abbrev  0x0000000000001ae6      0x254 ./Drivers/STM32F7xx_HAL_Driver/Src/stm32f7xx_hal_spi.o
 .debug_abbrev  0x0000000000001d3a      0x25e ./Drivers/STM32F7xx_HAL_Driver/Src/stm32f7xx_hal_tim.o
 .debug_abbrev  0x0000000000001f98      0x266 ./Drivers/STM32F7xx_HAL_Driver/Src/stm32f7xx_hal_tim_ex.o

.debug_aranges  0x0000000000000000     0x13c8
 .debug_aranges
                0x0000000000000000      0x4c8 ./Core/Src/can_msg.o
 .debug_aranges
                0x00000000000004c8       0xe0 ./Core/Src/main.o
 .debug_aranges
                0x00000000000005a8       0x60 ./Core/Src/stm32f7xx_hal_msp.o
 .debug_aranges
                0x0000000000000608       0x90 ./Core/Src/stm32f7xx_it.o
 .debug_aranges
                0x0000000000000698       0x28 ./Core/Src/system_stm32f7xx.o
 .debug_aranges
                0x00000000000006c0       0x28 ./Core/Startup/startup_stm32f767zitx.o
 .debug_aranges
                0x00000000000006e8      0x110 ./Drivers/STM32F7xx_HAL_Driver/Src/stm32f7xx_hal.o
 .debug_aranges
                0x00000000000007f8       0xe8 ./Drivers/STM32F7xx_HAL_Driver/Src/stm32f7xx_hal_adc.o
 .debug_aranges
                0x00000000000008e0      0x138 ./Drivers/STM32F7xx_HAL_Driver/Src/stm32f7xx_hal_can.o
 .debug_aranges
                0x0000000000000a18      0x118 ./Drivers/STM32F7xx_HAL_Driver/Src/stm32f7xx_hal_cortex.o
 .debug_aranges
                0x0000000000000b30       0x58 ./Drivers/STM32F7xx_HAL_Driver/Src/stm32f7xx_hal_gpio.o
 .debug_aranges
                0x0000000000000b88       0x80 ./Drivers/STM32F7xx_HAL_Driver/Src/stm32f7xx_hal_pwr_ex.o
 .debug_aranges
                0x0000000000000c08       0x88 ./Drivers/STM32F7xx_HAL_Driver/Src/stm32f7xx_hal_rcc.o
 .debug_aranges
                0x0000000000000c90      0x1d8 ./Drivers/STM32F7xx_HAL_Driver/Src/stm32f7xx_hal_spi.o
 .debug_aranges
                0x0000000000000e68      0x3e0 ./Drivers/STM32F7xx_HAL_Driver/Src/stm32f7xx_hal_tim.o
 .debug_aranges
                0x0000000000001248      0x180 ./Drivers/STM32F7xx_HAL_Driver/Src/stm32f7xx_hal_tim_ex.o

.debug_ranges   0x0000000000000000     0x12d0
 .debug_ranges  0x0000000000000000      0x4b8 ./Core/Src/can_msg.o
 .debug_ranges  0x00000000000004b8       0xd0 ./Core/Src/main.o
 .debug_ranges  0x0000000000000588       0x50 ./Core/Src/stm32f7xx_hal_msp.o
 .debug_ranges  0x00000000000005d8       0x80 ./Core/Src/stm32f7xx_it.o
 .debug_ranges  0x0000000000000658       0x18 ./Core/Src/system_stm32f7xx.o
 .debug_ranges  0x0000000000000670       0x20 ./Core/Startup/startup_stm32f767zitx.o
 .debug_ranges  0x0000000000000690      0x100 ./Drivers/STM32F7xx_HAL_Driver/Src/stm32f7xx_hal.o
 .debug_ranges  0x0000000000000790       0xd8 ./Drivers/STM32F7xx_HAL_Driver/Src/stm32f7xx_hal_adc.o
 .debug_ranges  0x0000000000000868      0x128 ./Drivers/STM32F7xx_HAL_Driver/Src/stm32f7xx_hal_can.o
 .debug_ranges  0x0000000000000990      0x108 ./Drivers/STM32F7xx_HAL_Driver/Src/stm32f7xx_hal_cortex.o
 .debug_ranges  0x0000000000000a98       0x48 ./Drivers/STM32F7xx_HAL_Driver/Src/stm32f7xx_hal_gpio.o
 .debug_ranges  0x0000000000000ae0       0x70 ./Drivers/STM32F7xx_HAL_Driver/Src/stm32f7xx_hal_pwr_ex.o
 .debug_ranges  0x0000000000000b50       0x78 ./Drivers/STM32F7xx_HAL_Driver/Src/stm32f7xx_hal_rcc.o
 .debug_ranges  0x0000000000000bc8      0x1c8 ./Drivers/STM32F7xx_HAL_Driver/Src/stm32f7xx_hal_spi.o
 .debug_ranges  0x0000000000000d90      0x3d0 ./Drivers/STM32F7xx_HAL_Driver/Src/stm32f7xx_hal_tim.o
 .debug_ranges  0x0000000000001160      0x170 ./Drivers/STM32F7xx_HAL_Driver/Src/stm32f7xx_hal_tim_ex.o

.debug_macro    0x0000000000000000    0x2830a
 .debug_macro   0x0000000000000000      0x14c ./Core/Src/can_msg.o
 .debug_macro   0x000000000000014c      0xac0 ./Core/Src/can_msg.o
 .debug_macro   0x0000000000000c0c       0x22 ./Core/Src/can_msg.o
 .debug_macro   0x0000000000000c2e       0x4c ./Core/Src/can_msg.o
 .debug_macro   0x0000000000000c7a       0x17 ./Core/Src/can_msg.o
 .debug_macro   0x0000000000000c91       0x94 ./Core/Src/can_msg.o
 .debug_macro   0x0000000000000d25       0x3c ./Core/Src/can_msg.o
 .debug_macro   0x0000000000000d61       0x34 ./Core/Src/can_msg.o
 .debug_macro   0x0000000000000d95      0x174 ./Core/Src/can_msg.o
 .debug_macro   0x0000000000000f09       0x16 ./Core/Src/can_msg.o
 .debug_macro   0x0000000000000f1f       0x43 ./Core/Src/can_msg.o
 .debug_macro   0x0000000000000f62       0x57 ./Core/Src/can_msg.o
 .debug_macro   0x0000000000000fb9       0x34 ./Core/Src/can_msg.o
 .debug_macro   0x0000000000000fed       0x10 ./Core/Src/can_msg.o
 .debug_macro   0x0000000000000ffd       0x58 ./Core/Src/can_msg.o
 .debug_macro   0x0000000000001055       0x71 ./Core/Src/can_msg.o
 .debug_macro   0x00000000000010c6       0x1c ./Core/Src/can_msg.o
 .debug_macro   0x00000000000010e2      0x12a ./Core/Src/can_msg.o
 .debug_macro   0x000000000000120c      0x339 ./Core/Src/can_msg.o
 .debug_macro   0x0000000000001545       0x10 ./Core/Src/can_msg.o
 .debug_macro   0x0000000000001555       0x35 ./Core/Src/can_msg.o
 .debug_macro   0x000000000000158a       0x20 ./Core/Src/can_msg.o
 .debug_macro   0x00000000000015aa      0x103 ./Core/Src/can_msg.o
 .debug_macro   0x00000000000016ad       0x6a ./Core/Src/can_msg.o
 .debug_macro   0x0000000000001717      0x1df ./Core/Src/can_msg.o
 .debug_macro   0x00000000000018f6       0x22 ./Core/Src/can_msg.o
 .debug_macro   0x0000000000001918       0x9a ./Core/Src/can_msg.o
 .debug_macro   0x00000000000019b2      0x22d ./Core/Src/main.o
 .debug_macro   0x0000000000001bdf      0x29f ./Core/Src/main.o
 .debug_macro   0x0000000000001e7e       0x2e ./Core/Src/main.o
 .debug_macro   0x0000000000001eac       0x3b ./Core/Src/main.o
 .debug_macro   0x0000000000001ee7       0x8e ./Core/Src/main.o
 .debug_macro   0x0000000000001f75       0x51 ./Core/Src/main.o
 .debug_macro   0x0000000000001fc6       0x1c ./Core/Src/main.o
 .debug_macro   0x0000000000001fe2       0x22 ./Core/Src/main.o
 .debug_macro   0x0000000000002004       0xdf ./Core/Src/main.o
 .debug_macro   0x00000000000020e3     0x12cd ./Core/Src/main.o
 .debug_macro   0x00000000000033b0      0x11f ./Core/Src/main.o
 .debug_macro   0x00000000000034cf       0x19 ./Core/Src/main.o
 .debug_macro   0x00000000000034e8    0x1a9dd ./Core/Src/main.o
 .debug_macro   0x000000000001dec5       0x6d ./Core/Src/main.o
 .debug_macro   0x000000000001df32     0x3714 ./Core/Src/main.o
 .debug_macro   0x0000000000021646       0x63 ./Core/Src/main.o
 .debug_macro   0x00000000000216a9     0x1add ./Core/Src/main.o
 .debug_macro   0x0000000000023186      0x6c4 ./Core/Src/main.o
 .debug_macro   0x000000000002384a      0x18b ./Core/Src/main.o
 .debug_macro   0x00000000000239d5      0x115 ./Core/Src/main.o
 .debug_macro   0x0000000000023aea      0x26e ./Core/Src/main.o
 .debug_macro   0x0000000000023d58       0xa5 ./Core/Src/main.o
 .debug_macro   0x0000000000023dfd      0x24f ./Core/Src/main.o
 .debug_macro   0x000000000002404c       0x71 ./Core/Src/main.o
 .debug_macro   0x00000000000240bd       0x58 ./Core/Src/main.o
 .debug_macro   0x0000000000024115      0x236 ./Core/Src/main.o
 .debug_macro   0x000000000002434b      0x416 ./Core/Src/main.o
 .debug_macro   0x0000000000024761      0x153 ./Core/Src/main.o
 .debug_macro   0x00000000000248b4      0x107 ./Core/Src/main.o
 .debug_macro   0x00000000000249bb      0x40f ./Core/Src/main.o
 .debug_macro   0x0000000000024dca      0x14e ./Core/Src/main.o
 .debug_macro   0x0000000000024f18      0x3db ./Core/Src/main.o
 .debug_macro   0x00000000000252f3       0x12 ./Core/Src/main.o
 .debug_macro   0x0000000000025305      0x22c ./Core/Src/main.o
 .debug_macro   0x0000000000025531       0x61 ./Core/Src/main.o
 .debug_macro   0x0000000000025592       0xa5 ./Core/Src/main.o
 .debug_macro   0x0000000000025637      0x12e ./Core/Src/main.o
 .debug_macro   0x0000000000025765      0x108 ./Core/Src/main.o
 .debug_macro   0x000000000002586d       0x35 ./Core/Src/main.o
 .debug_macro   0x00000000000258a2      0x2fe ./Core/Src/main.o
 .debug_macro   0x0000000000025ba0      0xa6e ./Core/Src/main.o
 .debug_macro   0x000000000002660e       0xa9 ./Core/Src/main.o
 .debug_macro   0x00000000000266b7      0x15b ./Core/Src/main.o
 .debug_macro   0x0000000000026812      0x211 ./Core/Src/stm32f7xx_hal_msp.o
 .debug_macro   0x0000000000026a23      0x21b ./Core/Src/stm32f7xx_it.o
 .debug_macro   0x0000000000026c3e      0x207 ./Core/Src/system_stm32f7xx.o
 .debug_macro   0x0000000000026e45      0x22b ./Drivers/STM32F7xx_HAL_Driver/Src/stm32f7xx_hal.o
 .debug_macro   0x0000000000027070      0x208 ./Drivers/STM32F7xx_HAL_Driver/Src/stm32f7xx_hal_adc.o
 .debug_macro   0x0000000000027278      0x20f ./Drivers/STM32F7xx_HAL_Driver/Src/stm32f7xx_hal_can.o
 .debug_macro   0x0000000000027487      0x207 ./Drivers/STM32F7xx_HAL_Driver/Src/stm32f7xx_hal_cortex.o
 .debug_macro   0x000000000002768e      0x20d ./Drivers/STM32F7xx_HAL_Driver/Src/stm32f7xx_hal_gpio.o
 .debug_macro   0x000000000002789b      0x21f ./Drivers/STM32F7xx_HAL_Driver/Src/stm32f7xx_hal_pwr_ex.o
 .debug_macro   0x0000000000027aba      0x22b ./Drivers/STM32F7xx_HAL_Driver/Src/stm32f7xx_hal_rcc.o
 .debug_macro   0x0000000000027ce5      0x216 ./Drivers/STM32F7xx_HAL_Driver/Src/stm32f7xx_hal_spi.o
 .debug_macro   0x0000000000027efb      0x208 ./Drivers/STM32F7xx_HAL_Driver/Src/stm32f7xx_hal_tim.o
 .debug_macro   0x0000000000028103      0x207 ./Drivers/STM32F7xx_HAL_Driver/Src/stm32f7xx_hal_tim_ex.o

.debug_line     0x0000000000000000    0x118be
 .debug_line    0x0000000000000000     0x180c ./Core/Src/can_msg.o
 .debug_line    0x000000000000180c      0xf0d ./Core/Src/main.o
 .debug_line    0x0000000000002719      0x94e ./Core/Src/stm32f7xx_hal_msp.o
 .debug_line    0x0000000000003067      0x88a ./Core/Src/stm32f7xx_it.o
 .debug_line    0x00000000000038f1      0x7b7 ./Core/Src/system_stm32f7xx.o
 .debug_line    0x00000000000040a8       0x88 ./Core/Startup/startup_stm32f767zitx.o
 .debug_line    0x0000000000004130      0xa78 ./Drivers/STM32F7xx_HAL_Driver/Src/stm32f7xx_hal.o
 .debug_line    0x0000000000004ba8     0x1280 ./Drivers/STM32F7xx_HAL_Driver/Src/stm32f7xx_hal_adc.o
 .debug_line    0x0000000000005e28     0x1198 ./Drivers/STM32F7xx_HAL_Driver/Src/stm32f7xx_hal_can.o
 .debug_line    0x0000000000006fc0      0xcce ./Drivers/STM32F7xx_HAL_Driver/Src/stm32f7xx_hal_cortex.o
 .debug_line    0x0000000000007c8e      0xbbc ./Drivers/STM32F7xx_HAL_Driver/Src/stm32f7xx_hal_gpio.o
 .debug_line    0x000000000000884a      0x9bd ./Drivers/STM32F7xx_HAL_Driver/Src/stm32f7xx_hal_pwr_ex.o
 .debug_line    0x0000000000009207      0xeb8 ./Drivers/STM32F7xx_HAL_Driver/Src/stm32f7xx_hal_rcc.o
 .debug_line    0x000000000000a0bf     0x1fa6 ./Drivers/STM32F7xx_HAL_Driver/Src/stm32f7xx_hal_spi.o
 .debug_line    0x000000000000c065     0x3c39 ./Drivers/STM32F7xx_HAL_Driver/Src/stm32f7xx_hal_tim.o
 .debug_line    0x000000000000fc9e     0x1c20 ./Drivers/STM32F7xx_HAL_Driver/Src/stm32f7xx_hal_tim_ex.o

.debug_str      0x0000000000000000   0x101c3e
 .debug_str     0x0000000000000000     0x9a1e ./Core/Src/can_msg.o
                                       0x9cee (size before relaxing)
 .debug_str     0x0000000000009a1e    0xf50b3 ./Core/Src/main.o
                                      0xf9f4d (size before relaxing)
 .debug_str     0x00000000000fead1       0xeb ./Core/Src/stm32f7xx_hal_msp.o
                                      0xf9014 (size before relaxing)
 .debug_str     0x00000000000febbc      0x148 ./Core/Src/stm32f7xx_it.o
                                      0xf85a4 (size before relaxing)
 .debug_str     0x00000000000fed04      0x178 ./Core/Src/system_stm32f7xx.o
                                      0xf7ede (size before relaxing)
 .debug_str     0x00000000000fee7c       0x36 ./Core/Startup/startup_stm32f767zitx.o
                                         0x79 (size before relaxing)
 .debug_str     0x00000000000feeb2      0x3bd ./Drivers/STM32F7xx_HAL_Driver/Src/stm32f7xx_hal.o
                                      0xf887c (size before relaxing)
 .debug_str     0x00000000000ff26f      0x29e ./Drivers/STM32F7xx_HAL_Driver/Src/stm32f7xx_hal_adc.o
                                      0xf83a5 (size before relaxing)
 .debug_str     0x00000000000ff50d      0x41e ./Drivers/STM32F7xx_HAL_Driver/Src/stm32f7xx_hal_can.o
                                      0xf8504 (size before relaxing)
 .debug_str     0x00000000000ff92b      0x388 ./Drivers/STM32F7xx_HAL_Driver/Src/stm32f7xx_hal_cortex.o
                                      0xf88e8 (size before relaxing)
 .debug_str     0x00000000000ffcb3      0x128 ./Drivers/STM32F7xx_HAL_Driver/Src/stm32f7xx_hal_gpio.o
                                      0xf7fc8 (size before relaxing)
 .debug_str     0x00000000000ffddb      0x1d1 ./Drivers/STM32F7xx_HAL_Driver/Src/stm32f7xx_hal_pwr_ex.o
                                      0xf816d (size before relaxing)
 .debug_str     0x00000000000fffac      0x278 ./Drivers/STM32F7xx_HAL_Driver/Src/stm32f7xx_hal_rcc.o
                                      0xf8227 (size before relaxing)
 .debug_str     0x0000000000100224      0x5a5 ./Drivers/STM32F7xx_HAL_Driver/Src/stm32f7xx_hal_spi.o
                                      0xf86fe (size before relaxing)
 .debug_str     0x00000000001007c9      0xe28 ./Drivers/STM32F7xx_HAL_Driver/Src/stm32f7xx_hal_tim.o
                                      0xf918d (size before relaxing)
 .debug_str     0x00000000001015f1      0x64d ./Drivers/STM32F7xx_HAL_Driver/Src/stm32f7xx_hal_tim_ex.o
                                      0xf8a51 (size before relaxing)

.comment        0x0000000000000000       0x53
 .comment       0x0000000000000000       0x53 ./Core/Src/can_msg.o
                                         0x54 (size before relaxing)
 .comment       0x0000000000000053       0x54 ./Core/Src/main.o
 .comment       0x0000000000000053       0x54 ./Core/Src/stm32f7xx_hal_msp.o
 .comment       0x0000000000000053       0x54 ./Core/Src/stm32f7xx_it.o
 .comment       0x0000000000000053       0x54 ./Core/Src/system_stm32f7xx.o
 .comment       0x0000000000000053       0x54 ./Drivers/STM32F7xx_HAL_Driver/Src/stm32f7xx_hal.o
 .comment       0x0000000000000053       0x54 ./Drivers/STM32F7xx_HAL_Driver/Src/stm32f7xx_hal_adc.o
 .comment       0x0000000000000053       0x54 ./Drivers/STM32F7xx_HAL_Driver/Src/stm32f7xx_hal_can.o
 .comment       0x0000000000000053       0x54 ./Drivers/STM32F7xx_HAL_Driver/Src/stm32f7xx_hal_cortex.o
 .comment       0x0000000000000053       0x54 ./Drivers/STM32F7xx_HAL_Driver/Src/stm32f7xx_hal_gpio.o
 .comment       0x0000000000000053       0x54 ./Drivers/STM32F7xx_HAL_Driver/Src/stm32f7xx_hal_pwr_ex.o
 .comment       0x0000000000000053       0x54 ./Drivers/STM32F7xx_HAL_Driver/Src/stm32f7xx_hal_rcc.o
 .comment       0x0000000000000053       0x54 ./Drivers/STM32F7xx_HAL_Driver/Src/stm32f7xx_hal_spi.o
 .comment       0x0000000000000053       0x54 ./Drivers/STM32F7xx_HAL_Driver/Src/stm32f7xx_hal_tim.o
 .comment       0x0000000000000053       0x54 ./Drivers/STM32F7xx_HAL_Driver/Src/stm32f7xx_hal_tim_ex.o

.debug_frame    0x0000000000000000     0x56f4
 .debug_frame   0x0000000000000000     0x1758 ./Core/Src/can_msg.o
 .debug_frame   0x0000000000001758      0x33c ./Core/Src/main.o
 .debug_frame   0x0000000000001a94      0x158 ./Core/Src/stm32f7xx_hal_msp.o
 .debug_frame   0x0000000000001bec      0x1ac ./Core/Src/stm32f7xx_it.o
 .debug_frame   0x0000000000001d98       0x58 ./Core/Src/system_stm32f7xx.o
 .debug_frame   0x0000000000001df0      0x3f4 ./Drivers/STM32F7xx_HAL_Driver/Src/stm32f7xx_hal.o
 .debug_frame   0x00000000000021e4      0x3fc ./Drivers/STM32F7xx_HAL_Driver/Src/stm32f7xx_hal_adc.o
 .debug_frame   0x00000000000025e0      0x5a0 ./Drivers/STM32F7xx_HAL_Driver/Src/stm32f7xx_hal_can.o
 .debug_frame   0x0000000000002b80      0x498 ./Drivers/STM32F7xx_HAL_Driver/Src/stm32f7xx_hal_cortex.o
 .debug_frame   0x0000000000003018      0x14c ./Drivers/STM32F7xx_HAL_Driver/Src/stm32f7xx_hal_gpio.o
 .debug_frame   0x0000000000003164      0x1c8 ./Drivers/STM32F7xx_HAL_Driver/Src/stm32f7xx_hal_pwr_ex.o
 .debug_frame   0x000000000000332c      0x1f0 ./Drivers/STM32F7xx_HAL_Driver/Src/stm32f7xx_hal_rcc.o
 .debug_frame   0x000000000000351c      0x860 ./Drivers/STM32F7xx_HAL_Driver/Src/stm32f7xx_hal_spi.o
 .debug_frame   0x0000000000003d7c     0x121c ./Drivers/STM32F7xx_HAL_Driver/Src/stm32f7xx_hal_tim.o
 .debug_frame   0x0000000000004f98      0x6b0 ./Drivers/STM32F7xx_HAL_Driver/Src/stm32f7xx_hal_tim_ex.o
 .debug_frame   0x0000000000005648       0x2c c:/st/stm32cubeide_1.4.0/stm32cubeide/plugins/com.st.stm32cube.ide.mcu.externaltools.gnu-tools-for-stm32.9-2020-q2-update.win32_2.0.0.202105311346/tools/bin/../lib/gcc/arm-none-eabi/9.3.1/../../../../arm-none-eabi/lib/thumb/v7e-m+dp/hard\libc_nano.a(lib_a-init.o)
 .debug_frame   0x0000000000005674       0x20 c:/st/stm32cubeide_1.4.0/stm32cubeide/plugins/com.st.stm32cube.ide.mcu.externaltools.gnu-tools-for-stm32.9-2020-q2-update.win32_2.0.0.202105311346/tools/bin/../lib/gcc/arm-none-eabi/9.3.1/../../../../arm-none-eabi/lib/thumb/v7e-m+dp/hard\libc_nano.a(lib_a-memset.o)
 .debug_frame   0x0000000000005694       0x2c c:/st/stm32cubeide_1.4.0/stm32cubeide/plugins/com.st.stm32cube.ide.mcu.externaltools.gnu-tools-for-stm32.9-2020-q2-update.win32_2.0.0.202105311346/tools/bin/../lib/gcc/arm-none-eabi/9.3.1/thumb/v7e-m+dp/hard\libgcc.a(_aeabi_uldivmod.o)
 .debug_frame   0x00000000000056c0       0x34 c:/st/stm32cubeide_1.4.0/stm32cubeide/plugins/com.st.stm32cube.ide.mcu.externaltools.gnu-tools-for-stm32.9-2020-q2-update.win32_2.0.0.202105311346/tools/bin/../lib/gcc/arm-none-eabi/9.3.1/thumb/v7e-m+dp/hard\libgcc.a(_udivmoddi4.o)
