Application.hpp:74:18:virtual void touchgfx::Application::appSwitchScreen(uint8_t)	0	static
Application.hpp:86:18:virtual void touchgfx::Application::requestRedraw(touchgfx::Rect&)	0	static
Drawable.hpp:132:23:virtual touchgfx::Drawable* touchgfx::Drawable::getFirstChild()	0	static
Drawable.hpp:269:18:virtual void touchgfx::Drawable::setX(int16_t)	0	static
Drawable.hpp:281:18:virtual void touchgfx::Drawable::setY(int16_t)	0	static
Drawable.hpp:310:18:virtual void touchgfx::Drawable::setWidth(int16_t)	0	static
Drawable.hpp:322:18:virtual void touchgfx::Drawable::setHeight(int16_t)	0	static
Drawable.hpp:332:18:virtual void touchgfx::Drawable::childGeometryChanged()	0	static
Drawable.hpp:343:18:virtual void touchgfx::Drawable::handleClickEvent(const touchgfx::ClickEvent&)	0	static
Drawable.hpp:354:18:virtual void touchgfx::Drawable::handleGestureEvent(const touchgfx::GestureEvent&)	0	static
Drawable.hpp:442:18:virtual void touchgfx::Drawable::handleDragEvent(const touchgfx::DragEvent&)	0	static
Drawable.hpp:452:18:virtual void touchgfx::Drawable::handleTickEvent()	0	static
Drawable.hpp:539:18:virtual void touchgfx::Drawable::moveTo(int16_t, int16_t)	4	static
Drawable.hpp:654:18:virtual void touchgfx::Drawable::setupDrawChain(const touchgfx::Rect&, touchgfx::Drawable**)	0	static
Transition.hpp:71:18:virtual void touchgfx::Transition::tearDown()	0	static
Transition.hpp:79:18:virtual void touchgfx::Transition::init()	0	static
Transition.hpp:99:18:virtual void touchgfx::Transition::setScreenContainer(touchgfx::Container&)	0	static
MVPApplication.hpp:43:7:touchgfx::MVPApplication::~MVPApplication()	0	static
FrontendApplicationBase.hpp:16:13:FrontendApplicationBase::~FrontendApplicationBase()	0	static
NoTransition.hpp:35:18:virtual void touchgfx::NoTransition::handleTickEvent()	0	static
Widget.hpp:47:18:virtual void touchgfx::Widget::getLastChild(int16_t, int16_t, touchgfx::Drawable**)	0	static
Callback.hpp:357:8:touchgfx::Callback<touchgfx::SlideTransition<(touchgfx::Direction)1>, touchgfx::Drawable&, void, void>::~Callback()	0	static
Callback.hpp:357:8:touchgfx::Callback<touchgfx::CoverTransition<(touchgfx::Direction)0>, touchgfx::Drawable&, void, void>::~Callback()	0	static
CoverTransition.hpp:237:11:touchgfx::CoverTransition<(touchgfx::Direction)0>::FullSolidRect::~FullSolidRect()	0	static
WipeTransition.hpp:44:11:touchgfx::WipeTransition<(touchgfx::Direction)1>::FullSolidRect::~FullSolidRect()	0	static
Callback.hpp:357:8:touchgfx::Callback<touchgfx::SlideTransition<(touchgfx::Direction)0>, touchgfx::Drawable&, void, void>::~Callback()	0	static
CoverTransition.hpp:217:18:void touchgfx::CoverTransition<templateDirection>::tickMoveDrawable(touchgfx::Drawable&) [with touchgfx::Direction templateDirection = (touchgfx::Direction)0]	4	static
CoverTransition.hpp:37:7:touchgfx::CoverTransition<(touchgfx::Direction)0>::~CoverTransition()	0	static
SlideTransition.hpp:39:7:touchgfx::SlideTransition<(touchgfx::Direction)1>::~SlideTransition()	0	static
SlideTransition.hpp:39:7:touchgfx::SlideTransition<(touchgfx::Direction)0>::~SlideTransition()	0	static
WipeTransition.hpp:38:7:touchgfx::WipeTransition<(touchgfx::Direction)1>::~WipeTransition()	0	static
NoTransition.hpp:31:7:touchgfx::NoTransition::~NoTransition()	0	static
Callback.hpp:424:8:touchgfx::Callback<FrontendApplicationBase>::~Callback()	0	static
CoverTransition.hpp:170:18:void touchgfx::CoverTransition<templateDirection>::tearDown() [with touchgfx::Direction templateDirection = (touchgfx::Direction)0]	0	static
CoverTransition.hpp:175:18:void touchgfx::CoverTransition<templateDirection>::init() [with touchgfx::Direction templateDirection = (touchgfx::Direction)0]	24	static
CoverTransition.hpp:190:18:void touchgfx::CoverTransition<templateDirection>::initMoveDrawable(touchgfx::Drawable&) [with touchgfx::Direction templateDirection = (touchgfx::Direction)0]	0	static
CoverTransition.hpp:245:22:void touchgfx::CoverTransition<templateDirection>::FullSolidRect::draw(const touchgfx::Rect&) const [with touchgfx::Direction templateDirection = (touchgfx::Direction)0]	0	static
CoverTransition.hpp:240:22:touchgfx::Rect touchgfx::CoverTransition<templateDirection>::FullSolidRect::getSolidRect() const [with touchgfx::Direction templateDirection = (touchgfx::Direction)0]	8	static
Callback.hpp:386:18:void touchgfx::Callback<dest_type, T1, void, void>::execute(T1) [with dest_type = touchgfx::CoverTransition<(touchgfx::Direction)0>; T1 = touchgfx::Drawable&]	8	static
Callback.hpp:396:18:bool touchgfx::Callback<dest_type, T1, void, void>::isValid() const [with dest_type = touchgfx::CoverTransition<(touchgfx::Direction)0>; T1 = touchgfx::Drawable&]	0	static
SlideTransition.hpp:173:18:void touchgfx::SlideTransition<templateDirection>::initMoveDrawable(touchgfx::Drawable&) [with touchgfx::Direction templateDirection = (touchgfx::Direction)1]	0	static
Callback.hpp:386:18:void touchgfx::Callback<dest_type, T1, void, void>::execute(T1) [with dest_type = touchgfx::SlideTransition<(touchgfx::Direction)1>; T1 = touchgfx::Drawable&]	8	static
Callback.hpp:396:18:bool touchgfx::Callback<dest_type, T1, void, void>::isValid() const [with dest_type = touchgfx::SlideTransition<(touchgfx::Direction)1>; T1 = touchgfx::Drawable&]	0	static
SlideTransition.hpp:173:18:void touchgfx::SlideTransition<templateDirection>::initMoveDrawable(touchgfx::Drawable&) [with touchgfx::Direction templateDirection = (touchgfx::Direction)0]	0	static
Callback.hpp:386:18:void touchgfx::Callback<dest_type, T1, void, void>::execute(T1) [with dest_type = touchgfx::SlideTransition<(touchgfx::Direction)0>; T1 = touchgfx::Drawable&]	8	static
Callback.hpp:396:18:bool touchgfx::Callback<dest_type, T1, void, void>::isValid() const [with dest_type = touchgfx::SlideTransition<(touchgfx::Direction)0>; T1 = touchgfx::Drawable&]	0	static
WipeTransition.hpp:206:18:void touchgfx::WipeTransition<templateDirection>::tearDown() [with touchgfx::Direction templateDirection = (touchgfx::Direction)1]	0	static
WipeTransition.hpp:211:18:void touchgfx::WipeTransition<templateDirection>::init() [with touchgfx::Direction templateDirection = (touchgfx::Direction)1]	0	static
WipeTransition.hpp:222:18:void touchgfx::WipeTransition<templateDirection>::invalidate() [with touchgfx::Direction templateDirection = (touchgfx::Direction)1]	0	static
WipeTransition.hpp:52:22:void touchgfx::WipeTransition<templateDirection>::FullSolidRect::draw(const touchgfx::Rect&) const [with touchgfx::Direction templateDirection = (touchgfx::Direction)1]	0	static
WipeTransition.hpp:47:22:touchgfx::Rect touchgfx::WipeTransition<templateDirection>::FullSolidRect::getSolidRect() const [with touchgfx::Direction templateDirection = (touchgfx::Direction)1]	8	static
Callback.hpp:449:18:void touchgfx::Callback<dest_type, void, void, void>::execute() [with dest_type = FrontendApplicationBase]	4	static
Callback.hpp:459:18:bool touchgfx::Callback<dest_type, void, void, void>::isValid() const [with dest_type = FrontendApplicationBase]	0	static
MVPApplication.hpp:43:7:virtual touchgfx::MVPApplication::~MVPApplication()	8	static
NoTransition.hpp:31:7:virtual touchgfx::NoTransition::~NoTransition()	8	static
FrontendApplicationBase.hpp:16:13:virtual FrontendApplicationBase::~FrontendApplicationBase()	8	static
Callback.hpp:424:8:virtual touchgfx::Callback<FrontendApplicationBase>::~Callback()	8	static
CoverTransition.hpp:237:11:virtual touchgfx::CoverTransition<(touchgfx::Direction)0>::FullSolidRect::~FullSolidRect()	8	static
WipeTransition.hpp:38:7:virtual touchgfx::WipeTransition<(touchgfx::Direction)1>::~WipeTransition()	8	static
WipeTransition.hpp:44:11:virtual touchgfx::WipeTransition<(touchgfx::Direction)1>::FullSolidRect::~FullSolidRect()	8	static
CoverTransition.hpp:37:7:virtual touchgfx::CoverTransition<(touchgfx::Direction)0>::~CoverTransition()	8	static
Callback.hpp:357:8:virtual touchgfx::Callback<touchgfx::CoverTransition<(touchgfx::Direction)0>, touchgfx::Drawable&, void, void>::~Callback()	8	static
SlideTransition.hpp:39:7:virtual touchgfx::SlideTransition<(touchgfx::Direction)1>::~SlideTransition()	8	static
Callback.hpp:357:8:virtual touchgfx::Callback<touchgfx::SlideTransition<(touchgfx::Direction)1>, touchgfx::Drawable&, void, void>::~Callback()	8	static
SlideTransition.hpp:39:7:virtual touchgfx::SlideTransition<(touchgfx::Direction)0>::~SlideTransition()	8	static
Callback.hpp:357:8:virtual touchgfx::Callback<touchgfx::SlideTransition<(touchgfx::Direction)0>, touchgfx::Drawable&, void, void>::~Callback()	8	static
Transition.hpp:88:18:virtual void touchgfx::Transition::invalidate()	8	static
SlideTransition.hpp:200:18:void touchgfx::SlideTransition<templateDirection>::tickMoveDrawable(touchgfx::Drawable&) [with touchgfx::Direction templateDirection = (touchgfx::Direction)1]	4	static
SlideTransition.hpp:200:18:void touchgfx::SlideTransition<templateDirection>::tickMoveDrawable(touchgfx::Drawable&) [with touchgfx::Direction templateDirection = (touchgfx::Direction)0]	4	static
SlideTransition.hpp:146:18:void touchgfx::SlideTransition<templateDirection>::tearDown() [with touchgfx::Direction templateDirection = (touchgfx::Direction)1]	0	static
SlideTransition.hpp:146:18:void touchgfx::SlideTransition<templateDirection>::tearDown() [with touchgfx::Direction templateDirection = (touchgfx::Direction)0]	0	static
SlideTransition.hpp:89:18:void touchgfx::SlideTransition<templateDirection>::handleTickEvent() [with touchgfx::Direction templateDirection = (touchgfx::Direction)1]	8	static
SlideTransition.hpp:89:18:void touchgfx::SlideTransition<templateDirection>::handleTickEvent() [with touchgfx::Direction templateDirection = (touchgfx::Direction)0]	8	static
MVPApplication.hpp:59:18:virtual void touchgfx::MVPApplication::handlePendingScreenTransition()	8	static
SlideTransition.hpp:154:18:void touchgfx::SlideTransition<templateDirection>::init() [with touchgfx::Direction templateDirection = (touchgfx::Direction)1]	24	static
SlideTransition.hpp:154:18:void touchgfx::SlideTransition<templateDirection>::init() [with touchgfx::Direction templateDirection = (touchgfx::Direction)0]	24	static
Drawable.hpp:297:10:void touchgfx::Drawable::setXY(int16_t, int16_t)	16	static
Drawable.hpp:365:10:void touchgfx::Drawable::setWidthHeight(int16_t, int16_t)	16	static
HAL.hpp:233:17:static touchgfx::LCD& touchgfx::HAL::lcd()	0	static
CoverTransition.hpp:83:18:void touchgfx::CoverTransition<templateDirection>::handleTickEvent() [with touchgfx::Direction templateDirection = (touchgfx::Direction)0]	48	static
WipeTransition.hpp:93:18:void touchgfx::WipeTransition<templateDirection>::handleTickEvent() [with touchgfx::Direction templateDirection = (touchgfx::Direction)1]	48	static
FrontendApplicationBase.cpp:25:1:FrontendApplicationBase::FrontendApplicationBase(Model&, FrontendHeap&)	24	static
FrontendApplicationBase.cpp:42:6:void FrontendApplicationBase::gotoDashboardScreenSlideTransitionSouth()	0	static
FrontendApplicationBase.cpp:55:6:void FrontendApplicationBase::gotoSettingsScreenCoverTransitionNorth()	0	static
FrontendApplicationBase.cpp:68:6:void FrontendApplicationBase::gotoBootScreenScreenNoTransition()	0	static
FrontendApplicationBase.cpp:81:6:void FrontendApplicationBase::gotoHomeScreenScreenWipeTransitionSouth()	0	static
FrontendApplicationBase.cpp:92:6:void FrontendApplicationBase::gotoHomeScreenScreenSlideTransitionNorth()	0	static
MVPApplication.hpp:161:16:PresenterType* touchgfx::makeTransition(touchgfx::Screen**, touchgfx::Presenter**, touchgfx::MVPHeap&, touchgfx::Transition**, ModelType*) [with ScreenType = DashboardView; PresenterType = DashboardPresenter; TransType = touchgfx::SlideTransition<(touchgfx::Direction)1>; ModelType = Model]	48	static
FrontendApplicationBase.cpp:48:6:void FrontendApplicationBase::gotoDashboardScreenSlideTransitionSouthImpl()	16	static
MVPApplication.hpp:161:16:PresenterType* touchgfx::makeTransition(touchgfx::Screen**, touchgfx::Presenter**, touchgfx::MVPHeap&, touchgfx::Transition**, ModelType*) [with ScreenType = SettingsView; PresenterType = SettingsPresenter; TransType = touchgfx::CoverTransition<(touchgfx::Direction)0>; ModelType = Model]	48	static
FrontendApplicationBase.cpp:61:6:void FrontendApplicationBase::gotoSettingsScreenCoverTransitionNorthImpl()	16	static
MVPApplication.hpp:161:16:PresenterType* touchgfx::makeTransition(touchgfx::Screen**, touchgfx::Presenter**, touchgfx::MVPHeap&, touchgfx::Transition**, ModelType*) [with ScreenType = BootScreenView; PresenterType = BootScreenPresenter; TransType = touchgfx::NoTransition; ModelType = Model]	32	static
FrontendApplicationBase.cpp:74:6:void FrontendApplicationBase::gotoBootScreenScreenNoTransitionImpl()	16	static
MVPApplication.hpp:161:16:PresenterType* touchgfx::makeTransition(touchgfx::Screen**, touchgfx::Presenter**, touchgfx::MVPHeap&, touchgfx::Transition**, ModelType*) [with ScreenType = HomeScreenView; PresenterType = HomeScreenPresenter; TransType = touchgfx::WipeTransition<(touchgfx::Direction)1>; ModelType = Model]	48	static
FrontendApplicationBase.cpp:87:6:void FrontendApplicationBase::gotoHomeScreenScreenWipeTransitionSouthImpl()	16	static
MVPApplication.hpp:161:16:PresenterType* touchgfx::makeTransition(touchgfx::Screen**, touchgfx::Presenter**, touchgfx::MVPHeap&, touchgfx::Transition**, ModelType*) [with ScreenType = HomeScreenView; PresenterType = HomeScreenPresenter; TransType = touchgfx::SlideTransition<(touchgfx::Direction)0>; ModelType = Model]	48	static
FrontendApplicationBase.cpp:98:6:void FrontendApplicationBase::gotoHomeScreenScreenSlideTransitionNorthImpl()	16	static
