../../TouchGFX/target/STM32TouchController.hpp:33:7:STM32TouchController::~STM32TouchController()	0	static
C:/Users/ridas/OneDrive/Desktop/Formula_Electric/dashboard-final/front-controller/stm32-mcu/FE_Dashboard/TouchGFX/target/STM32TouchController.cpp:32:6:virtual bool STM32TouchController::sampleTouch(int32_t&, int32_t&)	64	static
../../TouchGFX/target/STM32TouchController.hpp:33:7:virtual STM32TouchController::~STM32TouchController()	8	static
C:/Users/ridas/OneDrive/Desktop/Formula_Electric/dashboard-final/front-controller/stm32-mcu/FE_Dashboard/TouchGFX/target/STM32TouchController.cpp:23:6:virtual void STM32TouchController::init()	8	static
