19:25:40 **** Incremental Build of configuration Debug for project PWMTest ****
make -j8 all 
arm-none-eabi-gcc "../Core/Src/main.c" -mcpu=cortex-m7 -std=gnu11 -g3 -DUSE_HAL_DRIVER -DSTM32F767xx -DDEBUG -c -I../Core/Inc -I../Drivers/STM32F7xx_HAL_Driver/Inc -I../Drivers/STM32F7xx_HAL_Driver/Inc/Legacy -I../Drivers/CMSIS/Device/ST/STM32F7xx/Include -I../Drivers/CMSIS/Include -O0 -ffunction-sections -fdata-sections -Wall -fstack-usage -MMD -MP -MF"Core/Src/main.d" -MT"Core/Src/main.o" --specs=nano.specs -mfpu=fpv5-d16 -mfloat-abi=hard -mthumb -o "Core/Src/main.o"
../Core/Src/main.c: In function 'Timer_Init':
../Core/Src/main.c:357:4: warning: implicit declaration of function 'printf' [-Wimplicit-function-declaration]
    printf("Nothing");
    ^~~~~~
../Core/Src/main.c:357:4: warning: incompatible implicit declaration of built-in function 'printf'
../Core/Src/main.c:357:4: note: include '<stdio.h>' or provide a declaration of 'printf'
../Core/Src/main.c: In function 'PWM_Init':
../Core/Src/main.c:397:4: warning: incompatible implicit declaration of built-in function 'printf'
    printf("put in error statement here");
    ^~~~~~
../Core/Src/main.c:397:4: note: include '<stdio.h>' or provide a declaration of 'printf'
../Core/Src/main.c:415:4: warning: incompatible implicit declaration of built-in function 'printf'
    printf("Put in error statement here");
    ^~~~~~
../Core/Src/main.c:415:4: note: include '<stdio.h>' or provide a declaration of 'printf'
arm-none-eabi-gcc -o "PWMTest.elf" @"objects.list"   -mcpu=cortex-m7 -T"C:\Users\doria\OneDrive\Desktop\File System\McMaster\MacFormulaCode\stm32-mcu\PWMTest\PWMTest\STM32F767ZITX_FLASH.ld" --specs=nosys.specs -Wl,-Map="PWMTest.map" -Wl,--gc-sections -static --specs=nano.specs -mfpu=fpv5-d16 -mfloat-abi=hard -mthumb -Wl,--start-group -lc -lm -Wl,--end-group
Finished building target: PWMTest.elf
 
arm-none-eabi-objdump -h -S  PWMTest.elf  > "PWMTest.list"
arm-none-eabi-objcopy  -O binary  PWMTest.elf  "PWMTest.bin"
arm-none-eabi-size   PWMTest.elf 
   text	   data	    bss	    dec	    hex	filename
  15364	    120	   1712	  17196	   432c	PWMTest.elf
Finished building: default.size.stdout
 
Finished building: PWMTest.bin
 
Finished building: PWMTest.list
 

19:25:41 Build Finished. 0 errors, 4 warnings. (took 1s.120ms)

