D:/ProgramFiles/STM32_workspace/stm32-mcu/Dashboard_Modules/Core/Src/main.c:528:13:TouchGFX_Task	8	static
D:/ProgramFiles/STM32_workspace/stm32-mcu/Dashboard_Modules/Core/Src/main.c:180:6:SystemClock_Config	224	static
D:/ProgramFiles/STM32_workspace/stm32-mcu/Dashboard_Modules/Core/Src/main.c:91:5:main	160	static,ignoring_inline_asm
D:/ProgramFiles/STM32_workspace/stm32-mcu/Dashboard_Modules/Core/Src/main.c:650:6:HAL_TIM_PeriodElapsedCallback	0	static
D:/ProgramFiles/STM32_workspace/stm32-mcu/Dashboard_Modules/Core/Src/main.c:667:6:Error_Handler	0	static
